Archive member included to satisfy reference by file (symbol)

C:/ST/STM32CubeIDE_1.18.0/STM32CubeIDE/plugins/com.st.stm32cube.ide.mcu.externaltools.gnu-tools-for-stm32.13.3.rel1.win32_1.0.0.202411081344/tools/bin/../lib/gcc/arm-none-eabi/13.3.1/../../../../arm-none-eabi/lib/thumb/v7-m/nofp\libc_nano.a(libc_a-assert.o)
                              ./Core/Src/photo.o (__assert_func)
C:/ST/STM32CubeIDE_1.18.0/STM32CubeIDE/plugins/com.st.stm32cube.ide.mcu.externaltools.gnu-tools-for-stm32.13.3.rel1.win32_1.0.0.202411081344/tools/bin/../lib/gcc/arm-none-eabi/13.3.1/../../../../arm-none-eabi/lib/thumb/v7-m/nofp\libc_nano.a(libc_a-exit.o)
                              C:/ST/STM32CubeIDE_1.18.0/STM32CubeIDE/plugins/com.st.stm32cube.ide.mcu.externaltools.gnu-tools-for-stm32.13.3.rel1.win32_1.0.0.202411081344/tools/bin/../lib/gcc/arm-none-eabi/13.3.1/../../../../arm-none-eabi/lib/thumb/v7-m/nofp/crt0.o (exit)
C:/ST/STM32CubeIDE_1.18.0/STM32CubeIDE/plugins/com.st.stm32cube.ide.mcu.externaltools.gnu-tools-for-stm32.13.3.rel1.win32_1.0.0.202411081344/tools/bin/../lib/gcc/arm-none-eabi/13.3.1/../../../../arm-none-eabi/lib/thumb/v7-m/nofp\libc_nano.a(libc_a-nano-vfprintf_float.o)
                              (_printf_float)
C:/ST/STM32CubeIDE_1.18.0/STM32CubeIDE/plugins/com.st.stm32cube.ide.mcu.externaltools.gnu-tools-for-stm32.13.3.rel1.win32_1.0.0.202411081344/tools/bin/../lib/gcc/arm-none-eabi/13.3.1/../../../../arm-none-eabi/lib/thumb/v7-m/nofp\libc_nano.a(libc_a-nano-vfprintf_i.o)
                              C:/ST/STM32CubeIDE_1.18.0/STM32CubeIDE/plugins/com.st.stm32cube.ide.mcu.externaltools.gnu-tools-for-stm32.13.3.rel1.win32_1.0.0.202411081344/tools/bin/../lib/gcc/arm-none-eabi/13.3.1/../../../../arm-none-eabi/lib/thumb/v7-m/nofp\libc_nano.a(libc_a-nano-vfprintf_float.o) (_printf_common)
C:/ST/STM32CubeIDE_1.18.0/STM32CubeIDE/plugins/com.st.stm32cube.ide.mcu.externaltools.gnu-tools-for-stm32.13.3.rel1.win32_1.0.0.202411081344/tools/bin/../lib/gcc/arm-none-eabi/13.3.1/../../../../arm-none-eabi/lib/thumb/v7-m/nofp\libc_nano.a(libc_a-findfp.o)
                              C:/ST/STM32CubeIDE_1.18.0/STM32CubeIDE/plugins/com.st.stm32cube.ide.mcu.externaltools.gnu-tools-for-stm32.13.3.rel1.win32_1.0.0.202411081344/tools/bin/../lib/gcc/arm-none-eabi/13.3.1/../../../../arm-none-eabi/lib/thumb/v7-m/nofp\libc_nano.a(libc_a-exit.o) (__stdio_exit_handler)
C:/ST/STM32CubeIDE_1.18.0/STM32CubeIDE/plugins/com.st.stm32cube.ide.mcu.externaltools.gnu-tools-for-stm32.13.3.rel1.win32_1.0.0.202411081344/tools/bin/../lib/gcc/arm-none-eabi/13.3.1/../../../../arm-none-eabi/lib/thumb/v7-m/nofp\libc_nano.a(libc_a-fprintf.o)
                              C:/ST/STM32CubeIDE_1.18.0/STM32CubeIDE/plugins/com.st.stm32cube.ide.mcu.externaltools.gnu-tools-for-stm32.13.3.rel1.win32_1.0.0.202411081344/tools/bin/../lib/gcc/arm-none-eabi/13.3.1/../../../../arm-none-eabi/lib/thumb/v7-m/nofp\libc_nano.a(libc_a-assert.o) (fiprintf)
C:/ST/STM32CubeIDE_1.18.0/STM32CubeIDE/plugins/com.st.stm32cube.ide.mcu.externaltools.gnu-tools-for-stm32.13.3.rel1.win32_1.0.0.202411081344/tools/bin/../lib/gcc/arm-none-eabi/13.3.1/../../../../arm-none-eabi/lib/thumb/v7-m/nofp\libc_nano.a(libc_a-fwalk.o)
                              C:/ST/STM32CubeIDE_1.18.0/STM32CubeIDE/plugins/com.st.stm32cube.ide.mcu.externaltools.gnu-tools-for-stm32.13.3.rel1.win32_1.0.0.202411081344/tools/bin/../lib/gcc/arm-none-eabi/13.3.1/../../../../arm-none-eabi/lib/thumb/v7-m/nofp\libc_nano.a(libc_a-findfp.o) (_fwalk_sglue)
C:/ST/STM32CubeIDE_1.18.0/STM32CubeIDE/plugins/com.st.stm32cube.ide.mcu.externaltools.gnu-tools-for-stm32.13.3.rel1.win32_1.0.0.202411081344/tools/bin/../lib/gcc/arm-none-eabi/13.3.1/../../../../arm-none-eabi/lib/thumb/v7-m/nofp\libc_nano.a(libc_a-sprintf.o)
                              ./Core/Src/command.o (sprintf)
C:/ST/STM32CubeIDE_1.18.0/STM32CubeIDE/plugins/com.st.stm32cube.ide.mcu.externaltools.gnu-tools-for-stm32.13.3.rel1.win32_1.0.0.202411081344/tools/bin/../lib/gcc/arm-none-eabi/13.3.1/../../../../arm-none-eabi/lib/thumb/v7-m/nofp\libc_nano.a(libc_a-stdio.o)
                              C:/ST/STM32CubeIDE_1.18.0/STM32CubeIDE/plugins/com.st.stm32cube.ide.mcu.externaltools.gnu-tools-for-stm32.13.3.rel1.win32_1.0.0.202411081344/tools/bin/../lib/gcc/arm-none-eabi/13.3.1/../../../../arm-none-eabi/lib/thumb/v7-m/nofp\libc_nano.a(libc_a-findfp.o) (__sread)
C:/ST/STM32CubeIDE_1.18.0/STM32CubeIDE/plugins/com.st.stm32cube.ide.mcu.externaltools.gnu-tools-for-stm32.13.3.rel1.win32_1.0.0.202411081344/tools/bin/../lib/gcc/arm-none-eabi/13.3.1/../../../../arm-none-eabi/lib/thumb/v7-m/nofp\libc_nano.a(libc_a-memcmp.o)
                              ./Core/Src/command.o (memcmp)
C:/ST/STM32CubeIDE_1.18.0/STM32CubeIDE/plugins/com.st.stm32cube.ide.mcu.externaltools.gnu-tools-for-stm32.13.3.rel1.win32_1.0.0.202411081344/tools/bin/../lib/gcc/arm-none-eabi/13.3.1/../../../../arm-none-eabi/lib/thumb/v7-m/nofp\libc_nano.a(libc_a-memset.o)
[...]
Memory Configuration

Name             Origin             Length             Attributes
RAM              0x20000000         0x00020000         xrw
FLASH            0x08004000         0x000fc000         xr
*default*        0x00000000         0xffffffff

Linker script and memory map

LOAD C:/ST/STM32CubeIDE_1.18.0/STM32CubeIDE/plugins/com.st.stm32cube.ide.mcu.externaltools.gnu-tools-for-stm32.13.3.rel1.win32_1.0.0.202411081344/tools/bin/../lib/gcc/arm-none-eabi/13.3.1/thumb/v7-m/nofp/crti.o
LOAD C:/ST/STM32CubeIDE_1.18.0/STM32CubeIDE/plugins/com.st.stm32cube.ide.mcu.externaltools.gnu-tools-for-stm32.13.3.rel1.win32_1.0.0.202411081344/tools/bin/../lib/gcc/arm-none-eabi/13.3.1/thumb/v7-m/nofp/crtbegin.o
LOAD C:/ST/STM32CubeIDE_1.18.0/STM32CubeIDE/plugins/com.st.stm32cube.ide.mcu.externaltools.gnu-tools-for-stm32.13.3.rel1.win32_1.0.0.202411081344/tools/bin/../lib/gcc/arm-none-eabi/13.3.1/../../../../arm-none-eabi/lib/thumb/v7-m/nofp/crt0.o
LOAD ./Core/Src/command.o
LOAD ./Core/Src/comms.o
LOAD ./Core/Src/fram.o
LOAD ./Core/Src/gpio.o
LOAD ./Core/Src/irq.o
LOAD ./Core/Src/main.o
LOAD ./Core/Src/photo.o
LOAD ./Core/Src/sram.o
LOAD ./Core/Src/status.o
LOAD ./Core/Src/stm32f2xx_hal_msp.o
LOAD ./Core/Src/stm32f2xx_it.o
LOAD ./Core/Src/syscalls.o
LOAD ./Core/Src/sysmem.o
LOAD ./Core/Src/system_stm32f2xx.o
LOAD ./Core/Src/telemetry.o
LOAD ./Core/Startup/startup_stm32f217zgtx.o
LOAD ./Drivers/STM32F2xx_HAL_Driver/Src/stm32f2xx_hal.o
LOAD ./Drivers/STM32F2xx_HAL_Driver/Src/stm32f2xx_hal_adc.o
LOAD ./Drivers/STM32F2xx_HAL_Driver/Src/stm32f2xx_hal_adc_ex.o
LOAD ./Drivers/STM32F2xx_HAL_Driver/Src/stm32f2xx_hal_cortex.o
LOAD ./Drivers/STM32F2xx_HAL_Driver/Src/stm32f2xx_hal_dcmi.o
LOAD ./Drivers/STM32F2xx_HAL_Driver/Src/stm32f2xx_hal_dma.o
LOAD ./Drivers/STM32F2xx_HAL_Driver/Src/stm32f2xx_hal_dma_ex.o
LOAD ./Drivers/STM32F2xx_HAL_Driver/Src/stm32f2xx_hal_exti.o
LOAD ./Drivers/STM32F2xx_HAL_Driver/Src/stm32f2xx_hal_flash.o
LOAD ./Drivers/STM32F2xx_HAL_Driver/Src/stm32f2xx_hal_flash_ex.o
LOAD ./Drivers/STM32F2xx_HAL_Driver/Src/stm32f2xx_hal_gpio.o
LOAD ./Drivers/STM32F2xx_HAL_Driver/Src/stm32f2xx_hal_i2c.o
LOAD ./Drivers/STM32F2xx_HAL_Driver/Src/stm32f2xx_hal_iwdg.o
LOAD ./Drivers/STM32F2xx_HAL_Driver/Src/stm32f2xx_hal_nand.o
LOAD ./Drivers/STM32F2xx_HAL_Driver/Src/stm32f2xx_hal_nor.o
LOAD ./Drivers/STM32F2xx_HAL_Driver/Src/stm32f2xx_hal_pccard.o
LOAD ./Drivers/STM32F2xx_HAL_Driver/Src/stm32f2xx_hal_pwr.o
LOAD ./Drivers/STM32F2xx_HAL_Driver/Src/stm32f2xx_hal_pwr_ex.o
LOAD ./Drivers/STM32F2xx_HAL_Driver/Src/stm32f2xx_hal_rcc.o
LOAD ./Drivers/STM32F2xx_HAL_Driver/Src/stm32f2xx_hal_rcc_ex.o
LOAD ./Drivers/STM32F2xx_HAL_Driver/Src/stm32f2xx_hal_spi.o
LOAD ./Drivers/STM32F2xx_HAL_Driver/Src/stm32f2xx_hal_sram.o
LOAD ./Drivers/STM32F2xx_HAL_Driver/Src/stm32f2xx_hal_tim.o
LOAD ./Drivers/STM32F2xx_HAL_Driver/Src/stm32f2xx_hal_tim_ex.o
LOAD ./Drivers/STM32F2xx_HAL_Driver/Src/stm32f2xx_hal_uart.o
LOAD ./Drivers/STM32F2xx_HAL_Driver/Src/stm32f2xx_ll_fsmc.o
START GROUP
LOAD C:/ST/STM32CubeIDE_1.18.0/STM32CubeIDE/plugins/com.st.stm32cube.ide.mcu.externaltools.gnu-tools-for-stm32.13.3.rel1.win32_1.0.0.202411081344/tools/bin/../lib/gcc/arm-none-eabi/13.3.1/../../../../arm-none-eabi/lib/thumb/v7-m/nofp\libstdc++_nano.a
LOAD C:/ST/STM32CubeIDE_1.18.0/STM32CubeIDE/plugins/com.st.stm32cube.ide.mcu.externaltools.gnu-tools-for-stm32.13.3.rel1.win32_1.0.0.202411081344/tools/bin/../lib/gcc/arm-none-eabi/13.3.1/../../../../arm-none-eabi/lib/thumb/v7-m/nofp\libsupc++_nano.a
END GROUP
LOAD C:/ST/STM32CubeIDE_1.18.0/STM32CubeIDE/plugins/com.st.stm32cube.ide.mcu.externaltools.gnu-tools-for-stm32.13.3.rel1.win32_1.0.0.202411081344/tools/bin/../lib/gcc/arm-none-eabi/13.3.1/../../../../arm-none-eabi/lib/thumb/v7-m/nofp\libstdc++_nano.a
LOAD C:/ST/STM32CubeIDE_1.18.0/STM32CubeIDE/plugins/com.st.stm32cube.ide.mcu.externaltools.gnu-tools-for-stm32.13.3.rel1.win32_1.0.0.202411081344/tools/bin/../lib/gcc/arm-none-eabi/13.3.1/../../../../arm-none-eabi/lib/thumb/v7-m/nofp\libm.a
LOAD C:/ST/STM32CubeIDE_1.18.0/STM32CubeIDE/plugins/com.st.stm32cube.ide.mcu.externaltools.gnu-tools-for-stm32.13.3.rel1.win32_1.0.0.202411081344/tools/bin/../lib/gcc/arm-none-eabi/13.3.1/../../../../arm-none-eabi/lib/thumb/v7-m/nofp\libc_nano.a
START GROUP
LOAD C:/ST/STM32CubeIDE_1.18.0/STM32CubeIDE/plugins/com.st.stm32cube.ide.mcu.externaltools.gnu-tools-for-stm32.13.3.rel1.win32_1.0.0.202411081344/tools/bin/../lib/gcc/arm-none-eabi/13.3.1/thumb/v7-m/nofp\libgcc.a
LOAD C:/ST/STM32CubeIDE_1.18.0/STM32CubeIDE/plugins/com.st.stm32cube.ide.mcu.externaltools.gnu-tools-for-stm32.13.3.rel1.win32_1.0.0.202411081344/tools/bin/../lib/gcc/arm-none-eabi/13.3.1/../../../../arm-none-eabi/lib/thumb/v7-m/nofp\libc_nano.a
END GROUP
START GROUP
LOAD C:/ST/STM32CubeIDE_1.18.0/STM32CubeIDE/plugins/com.st.stm32cube.ide.mcu.externaltools.gnu-tools-for-stm32.13.3.rel1.win32_1.0.0.202411081344/tools/bin/../lib/gcc/arm-none-eabi/13.3.1/thumb/v7-m/nofp\libgcc.a
LOAD C:/ST/STM32CubeIDE_1.18.0/STM32CubeIDE/plugins/com.st.stm32cube.ide.mcu.externaltools.gnu-tools-for-stm32.13.3.rel1.win32_1.0.0.202411081344/tools/bin/../lib/gcc/arm-none-eabi/13.3.1/../../../../arm-none-eabi/lib/thumb/v7-m/nofp\libc_nano.a
LOAD C:/ST/STM32CubeIDE_1.18.0/STM32CubeIDE/plugins/com.st.stm32cube.ide.mcu.externaltools.gnu-tools-for-stm32.13.3.rel1.win32_1.0.0.202411081344/tools/bin/../lib/gcc/arm-none-eabi/13.3.1/../../../../arm-none-eabi/lib/thumb/v7-m/nofp\libnosys.a
END GROUP
START GROUP
LOAD C:/ST/STM32CubeIDE_1.18.0/STM32CubeIDE/plugins/com.st.stm32cube.ide.mcu.externaltools.gnu-tools-for-stm32.13.3.rel1.win32_1.0.0.202411081344/tools/bin/../lib/gcc/arm-none-eabi/13.3.1/thumb/v7-m/nofp\libgcc.a
LOAD C:/ST/STM32CubeIDE_1.18.0/STM32CubeIDE/plugins/com.st.stm32cube.ide.mcu.externaltools.gnu-tools-for-stm32.13.3.rel1.win32_1.0.0.202411081344/tools/bin/../lib/gcc/arm-none-eabi/13.3.1/../../../../arm-none-eabi/lib/thumb/v7-m/nofp\libc_nano.a
LOAD C:/ST/STM32CubeIDE_1.18.0/STM32CubeIDE/plugins/com.st.stm32cube.ide.mcu.externaltools.gnu-tools-for-stm32.13.3.rel1.win32_1.0.0.202411081344/tools/bin/../lib/gcc/arm-none-eabi/13.3.1/../../../../arm-none-eabi/lib/thumb/v7-m/nofp\libnosys.a
END GROUP
LOAD C:/ST/STM32CubeIDE_1.18.0/STM32CubeIDE/plugins/com.st.stm32cube.ide.mcu.externaltools.gnu-tools-for-stm32.13.3.rel1.win32_1.0.0.202411081344/tools/bin/../lib/gcc/arm-none-eabi/13.3.1/thumb/v7-m/nofp/crtend.o
LOAD C:/ST/STM32CubeIDE_1.18.0/STM32CubeIDE/plugins/com.st.stm32cube.ide.mcu.externaltools.gnu-tools-for-stm32.13.3.rel1.win32_1.0.0.202411081344/tools/bin/../lib/gcc/arm-none-eabi/13.3.1/thumb/v7-m/nofp/crtn.o
                0x20020000                        _estack = (ORIGIN (RAM) + LENGTH (RAM))
                0x00000200                        _Min_Heap_Size = 0x200
                0x00000400                        _Min_Stack_Size = 0x400

.isr_vector     0x08004000      0x184
                0x08004000                        . = ALIGN (0x4)
 *(.isr_vector)
 .isr_vector    0x08004000      0x184 ./Core/Startup/startup_stm32f217zgtx.o
                0x08004000                g_pfnVectors
                0x08004184                        . = ALIGN (0x4)

.text           0x08004188    0x122e4
                0x08004188                        . = ALIGN (0x4)
 *(.text)
 .text          0x08004188       0x40 C:/ST/STM32CubeIDE_1.18.0/STM32CubeIDE/plugins/com.st.stm32cube.ide.mcu.externaltools.gnu-tools-for-stm32.13.3.rel1.win32_1.0.0.202411081344/tools/bin/../lib/gcc/arm-none-eabi/13.3.1/thumb/v7-m/nofp/crtbegin.o
 .text          0x080041c8       0x10 C:/ST/STM32CubeIDE_1.18.0/STM32CubeIDE/plugins/com.st.stm32cube.ide.mcu.externaltools.gnu-tools-for-stm32.13.3.rel1.win32_1.0.0.202411081344/tools/bin/../lib/gcc/arm-none-eabi/13.3.1/../../../../arm-none-eabi/lib/thumb/v7-m/nofp\libc_nano.a(libc_a-strlen.o)
                0x080041c8                strlen
 .text          0x080041d8      0x378 C:/ST/STM32CubeIDE_1.18.0/STM32CubeIDE/plugins/com.st.stm32cube.ide.mcu.externaltools.gnu-tools-for-stm32.13.3.rel1.win32_1.0.0.202411081344/tools/bin/../lib/gcc/arm-none-eabi/13.3.1/thumb/v7-m/nofp\libgcc.a(_arm_addsubdf3.o)
                0x080041d8                __aeabi_drsub
                0x080041e0                __aeabi_dsub
                0x080041e0                __subdf3
                0x080041e4                __aeabi_dadd
                0x080041e4                __adddf3
                0x0800445c                __floatunsidf
                0x0800445c                __aeabi_ui2d
                0x0800447c                __floatsidf
                0x0800447c                __aeabi_i2d
                0x080044a0                __aeabi_f2d
                0x080044a0                __extendsfdf2
                0x080044e4                __floatundidf
                0x080044e4                __aeabi_ul2d
                0x080044f4                __floatdidf
                0x080044f4                __aeabi_l2d
 .text          0x08004550      0x424 C:/ST/STM32CubeIDE_1.18.0/STM32CubeIDE/plugins/com.st.stm32cube.ide.mcu.externaltools.gnu-tools-for-stm32.13.3.rel1.win32_1.0.0.202411081344/tools/bin/../lib/gcc/arm-none-eabi/13.3.1/thumb/v7-m/nofp\libgcc.a(_arm_muldivdf3.o)
                0x08004550                __aeabi_dmul
                0x08004550                __muldf3
                0x080047a4                __divdf3
                0x080047a4                __aeabi_ddiv
 .text          0x08004974      0x110 C:/ST/STM32CubeIDE_1.18.0/STM32CubeIDE/plugins/com.st.stm32cube.ide.mcu.externaltools.gnu-tools-for-stm32.13.3.rel1.win32_1.0.0.202411081344/tools/bin/../lib/gcc/arm-none-eabi/13.3.1/thumb/v7-m/nofp\libgcc.a(_arm_cmpdf2.o)
                0x08004974                __gtdf2
                0x08004974                __gedf2
                0x0800497c                __ltdf2
                0x0800497c                __ledf2
                0x08004984                __nedf2
                0x08004984                __eqdf2
                0x08004984                __cmpdf2
                0x08004a00                __aeabi_cdrcmple
                0x08004a10                __aeabi_cdcmpeq
                0x08004a10                __aeabi_cdcmple
                0x08004a20                __aeabi_dcmpeq
                0x08004a34                __aeabi_dcmplt
                0x08004a48                __aeabi_dcmple
                0x08004a5c                __aeabi_dcmpge
                0x08004a70                __aeabi_dcmpgt
 .text          0x08004a84       0x2c C:/ST/STM32CubeIDE_1.18.0/STM32CubeIDE/plugins/com.st.stm32cube.ide.mcu.externaltools.gnu-tools-for-stm32.13.3.rel1.win32_1.0.0.202411081344/tools/bin/../lib/gcc/arm-none-eabi/13.3.1/thumb/v7-m/nofp\libgcc.a(_arm_unorddf2.o)
                0x08004a84                __unorddf2
                0x08004a84                __aeabi_dcmpun
 .text          0x08004ab0       0x50 C:/ST/STM32CubeIDE_1.18.0/STM32CubeIDE/plugins/com.st.stm32cube.ide.mcu.externaltools.gnu-tools-for-stm32.13.3.rel1.win32_1.0.0.202411081344/tools/bin/../lib/gcc/arm-none-eabi/13.3.1/thumb/v7-m/nofp\libgcc.a(_arm_fixdfsi.o)
                0x08004ab0                __aeabi_d2iz
                0x08004ab0                __fixdfsi
 .text          0x08004b00      0x21c C:/ST/STM32CubeIDE_1.18.0/STM32CubeIDE/plugins/com.st.stm32cube.ide.mcu.externaltools.gnu-tools-for-stm32.13.3.rel1.win32_1.0.0.202411081344/tools/bin/../lib/gcc/arm-none-eabi/13.3.1/thumb/v7-m/nofp\libgcc.a(_arm_addsubsf3.o)
                0x08004b00                __aeabi_frsub
                0x08004b08                __subsf3
                0x08004b08                __aeabi_fsub
                0x08004b0c                __aeabi_fadd
                0x08004b0c                __addsf3
                0x08004c6c                __aeabi_ui2f
                0x08004c6c                __floatunsisf
                0x08004c74                __aeabi_i2f
                0x08004c74                __floatsisf
                0x08004c90                __aeabi_ul2f
                0x08004c90                __floatundisf
                0x08004ca0                __aeabi_l2f
                0x08004ca0                __floatdisf
 .text          0x08004d1c      0x2a0 C:/ST/STM32CubeIDE_1.18.0/STM32CubeIDE/plugins/com.st.stm32cube.ide.mcu.externaltools.gnu-tools-for-stm32.13.3.rel1.win32_1.0.0.202411081344/tools/bin/../lib/gcc/arm-none-eabi/13.3.1/thumb/v7-m/nofp\libgcc.a(_arm_muldivsf3.o)
                0x08004d1c                __mulsf3
                0x08004d1c                __aeabi_fmul
                0x08004e84                __aeabi_fdiv
                0x08004e84                __divsf3
 .text          0x08004fbc       0xec C:/ST/STM32CubeIDE_1.18.0/STM32CubeIDE/plugins/com.st.stm32cube.ide.mcu.externaltools.gnu-tools-for-stm32.13.3.rel1.win32_1.0.0.202411081344/tools/bin/../lib/gcc/arm-none-eabi/13.3.1/thumb/v7-m/nofp\libgcc.a(_arm_cmpsf2.o)
                0x08004fbc                __gesf2
                0x08004fbc                __gtsf2
                0x08004fc4                __lesf2
                0x08004fc4                __ltsf2
                0x08004fcc                __nesf2
                0x08004fcc                __eqsf2
                0x08004fcc                __cmpsf2
                0x0800502c                __aeabi_cfrcmple
                0x08005034                __aeabi_cfcmpeq
                0x08005034                __aeabi_cfcmple
                0x08005044                __aeabi_fcmpeq
                0x08005058                __aeabi_fcmplt
                0x0800506c                __aeabi_fcmple
                0x08005080                __aeabi_fcmpge
                0x08005094                __aeabi_fcmpgt
 .text          0x080050a8       0x4c C:/ST/STM32CubeIDE_1.18.0/STM32CubeIDE/plugins/com.st.stm32cube.ide.mcu.externaltools.gnu-tools-for-stm32.13.3.rel1.win32_1.0.0.202411081344/tools/bin/../lib/gcc/arm-none-eabi/13.3.1/thumb/v7-m/nofp\libgcc.a(_arm_fixsfsi.o)
                0x080050a8                __aeabi_f2iz
                0x080050a8                __fixsfsi
 .text          0x080050f4       0x30 C:/ST/STM32CubeIDE_1.18.0/STM32CubeIDE/plugins/com.st.stm32cube.ide.mcu.externaltools.gnu-tools-for-stm32.13.3.rel1.win32_1.0.0.202411081344/tools/bin/../lib/gcc/arm-none-eabi/13.3.1/thumb/v7-m/nofp\libgcc.a(_aeabi_uldivmod.o)
                0x080050f4                __aeabi_uldivmod
 .text          0x08005124      0x300 C:/ST/STM32CubeIDE_1.18.0/STM32CubeIDE/plugins/com.st.stm32cube.ide.mcu.externaltools.gnu-tools-for-stm32.13.3.rel1.win32_1.0.0.202411081344/tools/bin/../lib/gcc/arm-none-eabi/13.3.1/thumb/v7-m/nofp\libgcc.a(_udivmoddi4.o)
                0x08005124                __udivmoddi4
 .text          0x08005424        0x4 C:/ST/STM32CubeIDE_1.18.0/STM32CubeIDE/plugins/com.st.stm32cube.ide.mcu.externaltools.gnu-tools-for-stm32.13.3.rel1.win32_1.0.0.202411081344/tools/bin/../lib/gcc/arm-none-eabi/13.3.1/thumb/v7-m/nofp\libgcc.a(_dvmd_tls.o)
                0x08005424                __aeabi_idiv0
                0x08005424                __aeabi_ldiv0
 *(.text*)
 .text.ReturnCode
                0x08005428      0x144 ./Core/Src/command.o
                0x08005428                ReturnCode
 .text.GetCommand
                0x0800556c       0x60 ./Core/Src/command.o
                0x0800556c                GetCommand
 .text.ExecuteCommand
                0x080055cc       0x74 ./Core/Src/command.o
                0x080055cc                ExecuteCommand
 .text.CMD_TakePicture
                0x08005640      0x2a0 ./Core/Src/command.o
                0x08005640                CMD_TakePicture
 .text.CMD_TakePictureDelayed
                0x080058e0       0x5c ./Core/Src/command.o
                0x080058e0                CMD_TakePictureDelayed
 .text.CMD_GetStatus
                0x0800593c       0x48 ./Core/Src/command.o
                0x0800593c                CMD_GetStatus
 .text.CMD_DumpRaw
                0x08005984       0xd0 ./Core/Src/command.o
                0x08005984                CMD_DumpRaw
 .text.CMD_DumpCompressed
                0x08005a54       0xf0 ./Core/Src/command.o
                0x08005a54                CMD_DumpCompressed
 .text.CMD_ChangeCamParams
                0x08005b44       0x64 ./Core/Src/command.o
                0x08005b44                CMD_ChangeCamParams
 .text.CMD_CompressRawPhoto
                0x08005ba8      0x1c8 ./Core/Src/command.o
                0x08005ba8                CMD_CompressRawPhoto
 .text.CMD_EraseFRAM
                0x08005d70       0x40 ./Core/Src/command.o
                0x08005d70                CMD_EraseFRAM
 .text.CMD_ForceReset
                0x08005db0       0x60 ./Core/Src/command.o
                0x08005db0                CMD_ForceReset
 .text.CMD_SendRawFrame
                0x08005e10       0xe0 ./Core/Src/command.o
                0x08005e10                CMD_SendRawFrame
 .text.CMD_SendCompFrame
                0x08005ef0      0x13c ./Core/Src/command.o
                0x08005ef0                CMD_SendCompFrame
 .text.CMD_SendRawHeader
                0x0800602c       0x64 ./Core/Src/command.o
                0x0800602c                CMD_SendRawHeader
 .text.CMD_SendCompHeader
                0x08006090      0x178 ./Core/Src/command.o
                0x08006090                CMD_SendCompHeader
 .text.CMD_EraseCompressions
                0x08006208       0x40 ./Core/Src/command.o
                0x08006208                CMD_EraseCompressions
 .text.CMD_DumpAllSRAM
                0x08006248       0x78 ./Core/Src/command.o
                0x08006248                CMD_DumpAllSRAM
 .text.CMD_DumpAllFRAM
                0x080062c0       0xa0 ./Core/Src/command.o
                0x080062c0                CMD_DumpAllFRAM
 .text.CMD_BackupFirmware
                0x08006360      0x350 ./Core/Src/command.o
                0x08006360                CMD_BackupFirmware
 .text.Log      0x080066b0       0xdc ./Core/Src/comms.o
                0x080066b0                Log
 .text.ClearTxBuffer
                0x0800678c       0x30 ./Core/Src/comms.o
                0x0800678c                ClearTxBuffer
 .text.TransmitBufferRS485
                0x080067bc       0x64 ./Core/Src/comms.o
                0x080067bc                TransmitBufferRS485
 .text.ResetLS02
                0x08006820       0x2c ./Core/Src/comms.o
                0x08006820                ResetLS02
 .text.LoadInstructionBuffer
                0x0800684c      0x178 ./Core/Src/comms.o
                0x0800684c                LoadInstructionBuffer
 .text.HandleIncomingCommand
                0x080069c4       0xd0 ./Core/Src/comms.o
                0x080069c4                HandleIncomingCommand
 .text.DisableRS485
                0x08006a94       0x2c ./Core/Src/comms.o
                0x08006a94                DisableRS485
 .text.EnableListenRS485
                0x08006ac0       0x34 ./Core/Src/comms.o
                0x08006ac0                EnableListenRS485
 .text.PollUSSReset
                0x08006af4       0x2c ./Core/Src/comms.o
                0x08006af4                PollUSSReset
 .text.LogRawFrameDebug
                0x08006b20      0x1dc ./Core/Src/comms.o
                0x08006b20                LogRawFrameDebug
 .text.LogRawHeaderDebug
                0x08006cfc      0x210 ./Core/Src/comms.o
                0x08006cfc                LogRawHeaderDebug
 .text.LogCompHeaderDebug
                0x08006f0c      0x1d8 ./Core/Src/comms.o
                0x08006f0c                LogCompHeaderDebug
 .text.LogCompFrameDebug
                0x080070e4      0x238 ./Core/Src/comms.o
                0x080070e4                LogCompFrameDebug
 .text.CMD_PopulateEcho
                0x0800731c       0x4c ./Core/Src/comms.o
                0x0800731c                CMD_PopulateEcho
 .text.FRAM_WriteByte
                0x08007368       0x90 ./Core/Src/fram.o
                0x08007368                FRAM_WriteByte
 .text.FRAM_ReadByte
                0x080073f8       0x70 ./Core/Src/fram.o
                0x080073f8                FRAM_ReadByte
 .text.FRAM_ReadDeviceID
                0x08007468       0x74 ./Core/Src/fram.o
                0x08007468                FRAM_ReadDeviceID
 .text.TestFRAM
                0x080074dc       0x88 ./Core/Src/fram.o
                0x080074dc                TestFRAM
 .text.SaveBoardStatusFRAM
                0x08007564       0x6c ./Core/Src/fram.o
                0x08007564                SaveBoardStatusFRAM
 .text.LoadBoardStatusFRAM
                0x080075d0       0xb8 ./Core/Src/fram.o
                0x080075d0                LoadBoardStatusFRAM
 .text.EraseFRAM
                0x08007688       0x8c ./Core/Src/fram.o
                0x08007688                EraseFRAM
 .text.SaveBufferFRAM
                0x08007714       0xa8 ./Core/Src/fram.o
                0x08007714                SaveBufferFRAM
 .text.ReadBufferFRAM
                0x080077bc       0x70 ./Core/Src/fram.o
                0x080077bc                ReadBufferFRAM
 .text.EraseCompressions
                0x0800782c       0x78 ./Core/Src/fram.o
                0x0800782c                EraseCompressions
 .text.SaveFRAM_Unlocked
                0x080078a4       0xa8 ./Core/Src/fram.o
                0x080078a4                SaveFRAM_Unlocked
 .text.GPIO_Init
                0x0800794c       0x88 ./Core/Src/gpio.o
                0x0800794c                GPIO_Init
 .text.HAL_UARTEx_RxEventCallback
                0x080079d4       0x3c ./Core/Src/irq.o
                0x080079d4                HAL_UARTEx_RxEventCallback
 .text.HAL_DCMI_FrameEventCallback
                0x08007a10       0x1c ./Core/Src/irq.o
                0x08007a10                HAL_DCMI_FrameEventCallback
 .text.main     0x08007a2c      0x2a4 ./Core/Src/main.o
                0x08007a2c                main
 .text.SystemClock_Config
                0x08007cd0       0x92 ./Core/Src/main.o
                0x08007cd0                SystemClock_Config
 *fill*         0x08007d62        0x2 
 .text.MX_ADC1_Init
                0x08007d64       0xc0 ./Core/Src/main.o
 .text.MX_DCMI_Init
                0x08007e24       0x50 ./Core/Src/main.o
 .text.MX_I2C2_Init
                0x08007e74       0x5c ./Core/Src/main.o
 .text.MX_IWDG_Init
                0x08007ed0       0x34 ./Core/Src/main.o
 .text.MX_SPI2_Init
                0x08007f04       0x6c ./Core/Src/main.o
 .text.MX_TIM11_Init
                0x08007f70       0x98 ./Core/Src/main.o
 .text.MX_UART4_Init
                0x08008008       0x54 ./Core/Src/main.o
 .text.MX_USART1_UART_Init
                0x0800805c       0x54 ./Core/Src/main.o
 .text.MX_DMA_Init
                0x080080b0       0x40 ./Core/Src/main.o
 .text.MX_GPIO_Init
                0x080080f0      0x1f0 ./Core/Src/main.o
 .text.MX_FSMC_Init
                0x080082e0       0xb8 ./Core/Src/main.o
 .text.Error_Handler
                0x08008398        0xc ./Core/Src/main.o
                0x08008398                Error_Handler
 .text.floorf_custom
                0x080083a4       0x56 ./Core/Src/photo.o
 .text.tjei_be_word
                0x080083fa       0x2a ./Core/Src/photo.o
 .text.tjei_write
                0x08008424       0xd0 ./Core/Src/photo.o
 .text.tjei_flush
                0x080084f4       0x3c ./Core/Src/photo.o
 .text.tjei_write_DQT
                0x08008530       0x66 ./Core/Src/photo.o
 *fill*         0x08008596        0x2 
 .text.tjei_write_DHT
                0x08008598       0xd4 ./Core/Src/photo.o
 .text.tjei_write_DRI
                0x0800866c       0x44 ./Core/Src/photo.o
 .text.tjei_huff_get_code_lengths
                0x080086b0       0x68 ./Core/Src/photo.o
 .text.tjei_huff_get_codes
                0x08008718       0xa0 ./Core/Src/photo.o
 .text.tjei_huff_get_extended
                0x080087b8       0x66 ./Core/Src/photo.o
 *fill*         0x0800881e        0x2 
 .text.tjei_huff_expand
                0x08008820      0x2bc ./Core/Src/photo.o
 .text.tjei_calculate_variable_length_int
                0x08008adc       0x6e ./Core/Src/photo.o
 .text.tjei_write_bits
                0x08008b4a       0x8e ./Core/Src/photo.o
 .text.tjei_fdct
                0x08008bd8      0x4a0 ./Core/Src/photo.o
 .text.tjei_encode_and_write_MCU
                0x08009078      0x3d8 ./Core/Src/photo.o
 .text.tjei_encode_main
                0x08009450      0xbd8 ./Core/Src/photo.o
 .text.tjei_memory_func
                0x0800a028       0xa0 ./Core/Src/photo.o
 .text.tje_encode_with_func
                0x0800a0c8      0x364 ./Core/Src/photo.o
 .text.tje_encode_to_memory
                0x0800a42c       0x60 ./Core/Src/photo.o
                0x0800a42c                tje_encode_to_memory
 .text.CAM_ResetAssert
                0x0800a48c       0x18 ./Core/Src/photo.o
                0x0800a48c                CAM_ResetAssert
 .text.CAM_ResetRelease
                0x0800a4a4       0x18 ./Core/Src/photo.o
                0x0800a4a4                CAM_ResetRelease
 .text.ActivateCAMA
                0x0800a4bc      0x128 ./Core/Src/photo.o
                0x0800a4bc                ActivateCAMA
 .text.ActivateCAMB
                0x0800a5e4      0x128 ./Core/Src/photo.o
                0x0800a5e4                ActivateCAMB
 .text.DeactivateCAMA
                0x0800a70c       0x68 ./Core/Src/photo.o
                0x0800a70c                DeactivateCAMA
 .text.DeactivateCAMB
                0x0800a774       0x68 ./Core/Src/photo.o
                0x0800a774                DeactivateCAMB
 .text.CAM_WaitDoorbell
                0x0800a7dc       0x78 ./Core/Src/photo.o
                0x0800a7dc                CAM_WaitDoorbell
 .text.CAM_ChangeConfig
                0x0800a854       0x3a ./Core/Src/photo.o
                0x0800a854                CAM_ChangeConfig
 .text.CAM_GetState
                0x0800a88e       0x4a ./Core/Src/photo.o
                0x0800a88e                CAM_GetState
 .text.CAM_WriteReg
                0x0800a8d8       0x4c ./Core/Src/photo.o
                0x0800a8d8                CAM_WriteReg
 .text.CAM_ReadReg
                0x0800a924       0x58 ./Core/Src/photo.o
                0x0800a924                CAM_ReadReg
 .text.CAM_Init
                0x0800a97c      0x438 ./Core/Src/photo.o
                0x0800a97c                CAM_Init
 .text.Photo_CaptureRaw
                0x0800adb4      0x2e8 ./Core/Src/photo.o
                0x0800adb4                Photo_CaptureRaw
 .text.CompressRawPhoto
                0x0800b09c      0x138 ./Core/Src/photo.o
                0x0800b09c                CompressRawPhoto
 .text.count_black_pixels_uyvy
                0x0800b1d4       0xc8 ./Core/Src/photo.o
                0x0800b1d4                count_black_pixels_uyvy
 .text.Photo_CaptureRawBlack
                0x0800b29c      0x160 ./Core/Src/photo.o
                0x0800b29c                Photo_CaptureRawBlack
 .text.TestSRAM
                0x0800b3fc       0xb4 ./Core/Src/sram.o
                0x0800b3fc                TestSRAM
 .text.DumpRawBuffer
                0x0800b4b0      0x174 ./Core/Src/sram.o
                0x0800b4b0                DumpRawBuffer
 .text.DumpCompressedBuffer
                0x0800b624      0x178 ./Core/Src/sram.o
                0x0800b624                DumpCompressedBuffer
 .text.ResetVolatileStatus
                0x0800b79c       0x5c ./Core/Src/sram.o
                0x0800b79c                ResetVolatileStatus
 .text.UpdateStatus
                0x0800b7f8       0x1c ./Core/Src/status.o
                0x0800b7f8                UpdateStatus
 .text.LogBoardStatus
                0x0800b814       0x5c ./Core/Src/status.o
                0x0800b814                LogBoardStatus
 .text.LogBoardStatusFull
                0x0800b870      0x4ac ./Core/Src/status.o
                0x0800b870                LogBoardStatusFull
 .text.HAL_MspInit
                0x0800bd1c       0x4c ./Core/Src/stm32f2xx_hal_msp.o
                0x0800bd1c                HAL_MspInit
 .text.HAL_ADC_MspInit
                0x0800bd68       0x40 ./Core/Src/stm32f2xx_hal_msp.o
                0x0800bd68                HAL_ADC_MspInit
 .text.HAL_DCMI_MspInit
                0x0800bda8      0x1e4 ./Core/Src/stm32f2xx_hal_msp.o
                0x0800bda8                HAL_DCMI_MspInit
 .text.HAL_I2C_MspInit
                0x0800bf8c       0x90 ./Core/Src/stm32f2xx_hal_msp.o
                0x0800bf8c                HAL_I2C_MspInit
 .text.HAL_SPI_MspInit
                0x0800c01c       0x90 ./Core/Src/stm32f2xx_hal_msp.o
                0x0800c01c                HAL_SPI_MspInit
 .text.HAL_TIM_Base_MspInit
                0x0800c0ac       0x40 ./Core/Src/stm32f2xx_hal_msp.o
                0x0800c0ac                HAL_TIM_Base_MspInit
 .text.HAL_TIM_MspPostInit
                0x0800c0ec       0x74 ./Core/Src/stm32f2xx_hal_msp.o
                0x0800c0ec                HAL_TIM_MspPostInit
 .text.HAL_UART_MspInit
                0x0800c160      0x108 ./Core/Src/stm32f2xx_hal_msp.o
                0x0800c160                HAL_UART_MspInit
 .text.HAL_FSMC_MspInit
                0x0800c268       0xe0 ./Core/Src/stm32f2xx_hal_msp.o
 .text.HAL_SRAM_MspInit
                0x0800c348       0x14 ./Core/Src/stm32f2xx_hal_msp.o
                0x0800c348                HAL_SRAM_MspInit
 .text.NMI_Handler
                0x0800c35c        0x8 ./Core/Src/stm32f2xx_it.o
                0x0800c35c                NMI_Handler
 .text.HardFault_Handler
                0x0800c364        0x8 ./Core/Src/stm32f2xx_it.o
                0x0800c364                HardFault_Handler
 .text.MemManage_Handler
                0x0800c36c        0x8 ./Core/Src/stm32f2xx_it.o
                0x0800c36c                MemManage_Handler
 .text.BusFault_Handler
                0x0800c374        0x8 ./Core/Src/stm32f2xx_it.o
                0x0800c374                BusFault_Handler
 .text.UsageFault_Handler
                0x0800c37c        0x8 ./Core/Src/stm32f2xx_it.o
                0x0800c37c                UsageFault_Handler
 .text.SVC_Handler
                0x0800c384        0xc ./Core/Src/stm32f2xx_it.o
                0x0800c384                SVC_Handler
 .text.DebugMon_Handler
                0x0800c390        0xc ./Core/Src/stm32f2xx_it.o
                0x0800c390                DebugMon_Handler
 .text.PendSV_Handler
                0x0800c39c        0xc ./Core/Src/stm32f2xx_it.o
                0x0800c39c                PendSV_Handler
 .text.SysTick_Handler
                0x0800c3a8        0xc ./Core/Src/stm32f2xx_it.o
                0x0800c3a8                SysTick_Handler
 .text.USART1_IRQHandler
                0x0800c3b4       0x14 ./Core/Src/stm32f2xx_it.o
                0x0800c3b4                USART1_IRQHandler
 .text.DMA2_Stream1_IRQHandler
                0x0800c3c8       0x14 ./Core/Src/stm32f2xx_it.o
                0x0800c3c8                DMA2_Stream1_IRQHandler
 .text.DCMI_IRQHandler
                0x0800c3dc       0x14 ./Core/Src/stm32f2xx_it.o
                0x0800c3dc                DCMI_IRQHandler
 .text._getpid  0x0800c3f0        0xe ./Core/Src/syscalls.o
                0x0800c3f0                _getpid
 .text._kill    0x0800c3fe       0x20 ./Core/Src/syscalls.o
                0x0800c3fe                _kill
 .text._exit    0x0800c41e       0x16 ./Core/Src/syscalls.o
                0x0800c41e                _exit
 .text._read    0x0800c434       0x3a ./Core/Src/syscalls.o
                0x0800c434                _read
 .text._write   0x0800c46e       0x38 ./Core/Src/syscalls.o
                0x0800c46e                _write
 .text._close   0x0800c4a6       0x16 ./Core/Src/syscalls.o
                0x0800c4a6                _close
 .text._fstat   0x0800c4bc       0x1e ./Core/Src/syscalls.o
                0x0800c4bc                _fstat
 .text._isatty  0x0800c4da       0x14 ./Core/Src/syscalls.o
                0x0800c4da                _isatty
 .text._lseek   0x0800c4ee       0x18 ./Core/Src/syscalls.o
                0x0800c4ee                _lseek
 *fill*         0x0800c506        0x2 
 .text._sbrk    0x0800c508       0x6c ./Core/Src/sysmem.o
                0x0800c508                _sbrk
 .text.SystemInit
                0x0800c574       0x1c ./Core/Src/system_stm32f2xx.o
                0x0800c574                SystemInit
 .text.CheckResetCause
                0x0800c590      0x108 ./Core/Src/telemetry.o
                0x0800c590                CheckResetCause
 .text.Read_MCU_ADC_Vals
                0x0800c698       0x48 ./Core/Src/telemetry.o
                0x0800c698                Read_MCU_ADC_Vals
 .text.Reset_Handler
                0x0800c6e0       0x50 ./Core/Startup/startup_stm32f217zgtx.o
                0x0800c6e0                Reset_Handler
 .text.Default_Handler
                0x0800c730        0x2 ./Core/Startup/startup_stm32f217zgtx.o
                0x0800c730                RTC_Alarm_IRQHandler
                0x0800c730                HASH_RNG_IRQHandler
                0x0800c730                EXTI2_IRQHandler
                0x0800c730                TIM8_CC_IRQHandler
                0x0800c730                TIM1_CC_IRQHandler
                0x0800c730                DMA2_Stream5_IRQHandler
                0x0800c730                DMA1_Stream5_IRQHandler
                0x0800c730                PVD_IRQHandler
                0x0800c730                SDIO_IRQHandler
                0x0800c730                TAMP_STAMP_IRQHandler
                0x0800c730                CAN2_RX1_IRQHandler
                0x0800c730                EXTI3_IRQHandler
                0x0800c730                TIM8_TRG_COM_TIM14_IRQHandler
                0x0800c730                TIM1_UP_TIM10_IRQHandler
                0x0800c730                TIM8_UP_TIM13_IRQHandler
                0x0800c730                I2C3_ER_IRQHandler
                0x0800c730                EXTI0_IRQHandler
                0x0800c730                I2C2_EV_IRQHandler
                0x0800c730                DMA1_Stream2_IRQHandler
                0x0800c730                CAN1_RX0_IRQHandler
                0x0800c730                OTG_HS_WKUP_IRQHandler
                0x0800c730                CAN2_SCE_IRQHandler
                0x0800c730                DMA2_Stream2_IRQHandler
                0x0800c730                SPI1_IRQHandler
                0x0800c730                TIM6_DAC_IRQHandler
                0x0800c730                TIM1_BRK_TIM9_IRQHandler
                0x0800c730                CAN2_RX0_IRQHandler
                0x0800c730                DMA2_Stream3_IRQHandler
                0x0800c730                USART6_IRQHandler
                0x0800c730                USART3_IRQHandler
                0x0800c730                CRYP_IRQHandler
                0x0800c730                CAN1_RX1_IRQHandler
                0x0800c730                UART5_IRQHandler
                0x0800c730                DMA2_Stream0_IRQHandler
                0x0800c730                TIM4_IRQHandler
                0x0800c730                I2C1_EV_IRQHandler
                0x0800c730                DMA1_Stream6_IRQHandler
                0x0800c730                DMA1_Stream1_IRQHandler
                0x0800c730                UART4_IRQHandler
                0x0800c730                TIM3_IRQHandler
                0x0800c730                RCC_IRQHandler
                0x0800c730                TIM8_BRK_TIM12_IRQHandler
                0x0800c730                Default_Handler
                0x0800c730                EXTI15_10_IRQHandler
                0x0800c730                ADC_IRQHandler
                0x0800c730                DMA1_Stream7_IRQHandler
                0x0800c730                TIM7_IRQHandler
                0x0800c730                CAN2_TX_IRQHandler
                0x0800c730                TIM5_IRQHandler
                0x0800c730                DMA2_Stream7_IRQHandler
                0x0800c730                I2C3_EV_IRQHandler
                0x0800c730                EXTI9_5_IRQHandler
                0x0800c730                RTC_WKUP_IRQHandler
                0x0800c730                ETH_WKUP_IRQHandler
                0x0800c730                SPI2_IRQHandler
                0x0800c730                OTG_HS_EP1_IN_IRQHandler
                0x0800c730                DMA1_Stream0_IRQHandler
                0x0800c730                CAN1_TX_IRQHandler
                0x0800c730                EXTI4_IRQHandler
                0x0800c730                FSMC_IRQHandler
                0x0800c730                ETH_IRQHandler
                0x0800c730                OTG_HS_EP1_OUT_IRQHandler
                0x0800c730                WWDG_IRQHandler
                0x0800c730                TIM2_IRQHandler
                0x0800c730                OTG_FS_WKUP_IRQHandler
                0x0800c730                TIM1_TRG_COM_TIM11_IRQHandler
                0x0800c730                OTG_HS_IRQHandler
                0x0800c730                EXTI1_IRQHandler
                0x0800c730                USART2_IRQHandler
                0x0800c730                I2C2_ER_IRQHandler
                0x0800c730                CAN1_SCE_IRQHandler
                0x0800c730                FLASH_IRQHandler
                0x0800c730                DMA2_Stream4_IRQHandler
                0x0800c730                OTG_FS_IRQHandler
                0x0800c730                SPI3_IRQHandler
                0x0800c730                DMA1_Stream4_IRQHandler
                0x0800c730                I2C1_ER_IRQHandler
                0x0800c730                DMA2_Stream6_IRQHandler
                0x0800c730                DMA1_Stream3_IRQHandler
 *fill*         0x0800c732        0x2 
 .text.HAL_Init
                0x0800c734       0x44 ./Drivers/STM32F2xx_HAL_Driver/Src/stm32f2xx_hal.o
                0x0800c734                HAL_Init
 .text.HAL_InitTick
                0x0800c778       0x60 ./Drivers/STM32F2xx_HAL_Driver/Src/stm32f2xx_hal.o
                0x0800c778                HAL_InitTick
 .text.HAL_IncTick
                0x0800c7d8       0x24 ./Drivers/STM32F2xx_HAL_Driver/Src/stm32f2xx_hal.o
                0x0800c7d8                HAL_IncTick
 .text.HAL_GetTick
                0x0800c7fc       0x14 ./Drivers/STM32F2xx_HAL_Driver/Src/stm32f2xx_hal.o
                0x0800c7fc                HAL_GetTick
 .text.HAL_Delay
                0x0800c810       0x48 ./Drivers/STM32F2xx_HAL_Driver/Src/stm32f2xx_hal.o
                0x0800c810                HAL_Delay
 .text.HAL_ADC_Init
                0x0800c858       0x86 ./Drivers/STM32F2xx_HAL_Driver/Src/stm32f2xx_hal_adc.o
                0x0800c858                HAL_ADC_Init
 *fill*         0x0800c8de        0x2 
 .text.HAL_ADC_Start
                0x0800c8e0      0x160 ./Drivers/STM32F2xx_HAL_Driver/Src/stm32f2xx_hal_adc.o
                0x0800c8e0                HAL_ADC_Start
 .text.HAL_ADC_Stop
                0x0800ca40       0x64 ./Drivers/STM32F2xx_HAL_Driver/Src/stm32f2xx_hal_adc.o
                0x0800ca40                HAL_ADC_Stop
 .text.HAL_ADC_PollForConversion
                0x0800caa4      0x108 ./Drivers/STM32F2xx_HAL_Driver/Src/stm32f2xx_hal_adc.o
                0x0800caa4                HAL_ADC_PollForConversion
 .text.HAL_ADC_GetValue
                0x0800cbac       0x18 ./Drivers/STM32F2xx_HAL_Driver/Src/stm32f2xx_hal_adc.o
                0x0800cbac                HAL_ADC_GetValue
 .text.HAL_ADC_ConfigChannel
                0x0800cbc4      0x240 ./Drivers/STM32F2xx_HAL_Driver/Src/stm32f2xx_hal_adc.o
                0x0800cbc4                HAL_ADC_ConfigChannel
 .text.ADC_Init
                0x0800ce04      0x20c ./Drivers/STM32F2xx_HAL_Driver/Src/stm32f2xx_hal_adc.o
 .text.__NVIC_SetPriorityGrouping
                0x0800d010       0x48 ./Drivers/STM32F2xx_HAL_Driver/Src/stm32f2xx_hal_cortex.o
 .text.__NVIC_GetPriorityGrouping
                0x0800d058       0x1c ./Drivers/STM32F2xx_HAL_Driver/Src/stm32f2xx_hal_cortex.o
 .text.__NVIC_EnableIRQ
                0x0800d074       0x38 ./Drivers/STM32F2xx_HAL_Driver/Src/stm32f2xx_hal_cortex.o
 .text.__NVIC_SetPriority
                0x0800d0ac       0x54 ./Drivers/STM32F2xx_HAL_Driver/Src/stm32f2xx_hal_cortex.o
 .text.NVIC_EncodePriority
                0x0800d100       0x64 ./Drivers/STM32F2xx_HAL_Driver/Src/stm32f2xx_hal_cortex.o
 .text.SysTick_Config
                0x0800d164       0x44 ./Drivers/STM32F2xx_HAL_Driver/Src/stm32f2xx_hal_cortex.o
 .text.HAL_NVIC_SetPriorityGrouping
                0x0800d1a8       0x16 ./Drivers/STM32F2xx_HAL_Driver/Src/stm32f2xx_hal_cortex.o
                0x0800d1a8                HAL_NVIC_SetPriorityGrouping
 .text.HAL_NVIC_SetPriority
                0x0800d1be       0x38 ./Drivers/STM32F2xx_HAL_Driver/Src/stm32f2xx_hal_cortex.o
                0x0800d1be                HAL_NVIC_SetPriority
 .text.HAL_NVIC_EnableIRQ
                0x0800d1f6       0x1c ./Drivers/STM32F2xx_HAL_Driver/Src/stm32f2xx_hal_cortex.o
                0x0800d1f6                HAL_NVIC_EnableIRQ
 .text.HAL_SYSTICK_Config
                0x0800d212       0x18 ./Drivers/STM32F2xx_HAL_Driver/Src/stm32f2xx_hal_cortex.o
                0x0800d212                HAL_SYSTICK_Config
 .text.HAL_DCMI_Init
                0x0800d22a       0xcc ./Drivers/STM32F2xx_HAL_Driver/Src/stm32f2xx_hal_dcmi.o
                0x0800d22a                HAL_DCMI_Init
 *fill*         0x0800d2f6        0x2 
 .text.HAL_DCMI_Start_DMA
                0x0800d2f8      0x188 ./Drivers/STM32F2xx_HAL_Driver/Src/stm32f2xx_hal_dcmi.o
                0x0800d2f8                HAL_DCMI_Start_DMA
 .text.HAL_DCMI_Stop
                0x0800d480       0xc0 ./Drivers/STM32F2xx_HAL_Driver/Src/stm32f2xx_hal_dcmi.o
                0x0800d480                HAL_DCMI_Stop
 .text.HAL_DCMI_IRQHandler
                0x0800d540      0x124 ./Drivers/STM32F2xx_HAL_Driver/Src/stm32f2xx_hal_dcmi.o
                0x0800d540                HAL_DCMI_IRQHandler
 .text.HAL_DCMI_ErrorCallback
                0x0800d664       0x12 ./Drivers/STM32F2xx_HAL_Driver/Src/stm32f2xx_hal_dcmi.o
                0x0800d664                HAL_DCMI_ErrorCallback
 .text.HAL_DCMI_LineEventCallback
                0x0800d676       0x12 ./Drivers/STM32F2xx_HAL_Driver/Src/stm32f2xx_hal_dcmi.o
                0x0800d676                HAL_DCMI_LineEventCallback
 .text.HAL_DCMI_VsyncEventCallback
                0x0800d688       0x12 ./Drivers/STM32F2xx_HAL_Driver/Src/stm32f2xx_hal_dcmi.o
                0x0800d688                HAL_DCMI_VsyncEventCallback
 .text.DCMI_DMAXferCplt
                0x0800d69a      0x126 ./Drivers/STM32F2xx_HAL_Driver/Src/stm32f2xx_hal_dcmi.o
 .text.DCMI_DMAError
                0x0800d7c0       0x3a ./Drivers/STM32F2xx_HAL_Driver/Src/stm32f2xx_hal_dcmi.o
 *fill*         0x0800d7fa        0x2 
 .text.HAL_DMA_Init
                0x0800d7fc      0x15c ./Drivers/STM32F2xx_HAL_Driver/Src/stm32f2xx_hal_dma.o
                0x0800d7fc                HAL_DMA_Init
 .text.HAL_DMA_Start_IT
                0x0800d958       0xb0 ./Drivers/STM32F2xx_HAL_Driver/Src/stm32f2xx_hal_dma.o
                0x0800d958                HAL_DMA_Start_IT
 .text.HAL_DMA_Abort
                0x0800da08       0xe0 ./Drivers/STM32F2xx_HAL_Driver/Src/stm32f2xx_hal_dma.o
                0x0800da08                HAL_DMA_Abort
 .text.HAL_DMA_Abort_IT
                0x0800dae8       0x42 ./Drivers/STM32F2xx_HAL_Driver/Src/stm32f2xx_hal_dma.o
                0x0800dae8                HAL_DMA_Abort_IT
 *fill*         0x0800db2a        0x2 
 .text.HAL_DMA_IRQHandler
                0x0800db2c      0x314 ./Drivers/STM32F2xx_HAL_Driver/Src/stm32f2xx_hal_dma.o
                0x0800db2c                HAL_DMA_IRQHandler
 .text.HAL_DMA_GetError
                0x0800de40       0x16 ./Drivers/STM32F2xx_HAL_Driver/Src/stm32f2xx_hal_dma.o
                0x0800de40                HAL_DMA_GetError
 .text.DMA_SetConfig
                0x0800de56       0x5a ./Drivers/STM32F2xx_HAL_Driver/Src/stm32f2xx_hal_dma.o
 .text.DMA_CalcBaseAndBitshift
                0x0800deb0       0x68 ./Drivers/STM32F2xx_HAL_Driver/Src/stm32f2xx_hal_dma.o
 .text.DMA_CheckFifoParam
                0x0800df18       0xf4 ./Drivers/STM32F2xx_HAL_Driver/Src/stm32f2xx_hal_dma.o
 .text.HAL_DMAEx_MultiBufferStart_IT
                0x0800e00c     0x1290 ./Drivers/STM32F2xx_HAL_Driver/Src/stm32f2xx_hal_dma_ex.o
                0x0800e00c                HAL_DMAEx_MultiBufferStart_IT
 .text.HAL_DMAEx_ChangeMemory
                0x0800f29c       0x32 ./Drivers/STM32F2xx_HAL_Driver/Src/stm32f2xx_hal_dma_ex.o
                0x0800f29c                HAL_DMAEx_ChangeMemory
 .text.DMA_MultiBufferSetConfig
                0x0800f2ce       0x4a ./Drivers/STM32F2xx_HAL_Driver/Src/stm32f2xx_hal_dma_ex.o
 .text.HAL_GPIO_Init
                0x0800f318      0x33c ./Drivers/STM32F2xx_HAL_Driver/Src/stm32f2xx_hal_gpio.o
                0x0800f318                HAL_GPIO_Init
 .text.HAL_GPIO_ReadPin
                0x0800f654       0x2e ./Drivers/STM32F2xx_HAL_Driver/Src/stm32f2xx_hal_gpio.o
                0x0800f654                HAL_GPIO_ReadPin
 .text.HAL_GPIO_WritePin
                0x0800f682       0x30 ./Drivers/STM32F2xx_HAL_Driver/Src/stm32f2xx_hal_gpio.o
                0x0800f682                HAL_GPIO_WritePin
 *fill*         0x0800f6b2        0x2 
 .text.HAL_I2C_Init
                0x0800f6b4      0x288 ./Drivers/STM32F2xx_HAL_Driver/Src/stm32f2xx_hal_i2c.o
                0x0800f6b4                HAL_I2C_Init
 .text.HAL_I2C_Mem_Write
                0x0800f93c      0x1f4 ./Drivers/STM32F2xx_HAL_Driver/Src/stm32f2xx_hal_i2c.o
                0x0800f93c                HAL_I2C_Mem_Write
 .text.HAL_I2C_Mem_Read
                0x0800fb30      0x464 ./Drivers/STM32F2xx_HAL_Driver/Src/stm32f2xx_hal_i2c.o
                0x0800fb30                HAL_I2C_Mem_Read
 .text.I2C_RequestMemoryWrite
                0x0800ff94      0x12c ./Drivers/STM32F2xx_HAL_Driver/Src/stm32f2xx_hal_i2c.o
 .text.I2C_RequestMemoryRead
                0x080100c0      0x1d0 ./Drivers/STM32F2xx_HAL_Driver/Src/stm32f2xx_hal_i2c.o
 .text.I2C_WaitOnFlagUntilTimeout
                0x08010290       0xf4 ./Drivers/STM32F2xx_HAL_Driver/Src/stm32f2xx_hal_i2c.o
 .text.I2C_WaitOnMasterAddressFlagUntilTimeout
                0x08010384      0x140 ./Drivers/STM32F2xx_HAL_Driver/Src/stm32f2xx_hal_i2c.o
 .text.I2C_WaitOnTXEFlagUntilTimeout
                0x080104c4       0x90 ./Drivers/STM32F2xx_HAL_Driver/Src/stm32f2xx_hal_i2c.o
 .text.I2C_WaitOnBTFFlagUntilTimeout
                0x08010554       0x90 ./Drivers/STM32F2xx_HAL_Driver/Src/stm32f2xx_hal_i2c.o
 .text.I2C_WaitOnRXNEFlagUntilTimeout
                0x080105e4       0xba ./Drivers/STM32F2xx_HAL_Driver/Src/stm32f2xx_hal_i2c.o
 .text.I2C_IsAcknowledgeFailed
                0x0801069e       0x5c ./Drivers/STM32F2xx_HAL_Driver/Src/stm32f2xx_hal_i2c.o
 .text.HAL_IWDG_Init
                0x080106fa       0x88 ./Drivers/STM32F2xx_HAL_Driver/Src/stm32f2xx_hal_iwdg.o
                0x080106fa                HAL_IWDG_Init
 .text.HAL_IWDG_Refresh
                0x08010782       0x1e ./Drivers/STM32F2xx_HAL_Driver/Src/stm32f2xx_hal_iwdg.o
                0x08010782                HAL_IWDG_Refresh
 .text.HAL_RCC_OscConfig
                0x080107a0      0x4a8 ./Drivers/STM32F2xx_HAL_Driver/Src/stm32f2xx_hal_rcc.o
                0x080107a0                HAL_RCC_OscConfig
 .text.HAL_RCC_ClockConfig
                0x08010c48      0x1d8 ./Drivers/STM32F2xx_HAL_Driver/Src/stm32f2xx_hal_rcc.o
                0x08010c48                HAL_RCC_ClockConfig
 .text.HAL_RCC_GetSysClockFreq
                0x08010e20      0x218 ./Drivers/STM32F2xx_HAL_Driver/Src/stm32f2xx_hal_rcc.o
                0x08010e20                HAL_RCC_GetSysClockFreq
 .text.HAL_RCC_GetHCLKFreq
                0x08011038       0x14 ./Drivers/STM32F2xx_HAL_Driver/Src/stm32f2xx_hal_rcc.o
                0x08011038                HAL_RCC_GetHCLKFreq
 .text.HAL_RCC_GetPCLK1Freq
                0x0801104c       0x44 ./Drivers/STM32F2xx_HAL_Driver/Src/stm32f2xx_hal_rcc.o
                0x0801104c                HAL_RCC_GetPCLK1Freq
 .text.HAL_RCC_GetPCLK2Freq
                0x08011090       0x44 ./Drivers/STM32F2xx_HAL_Driver/Src/stm32f2xx_hal_rcc.o
                0x08011090                HAL_RCC_GetPCLK2Freq
 .text.HAL_SPI_Init
                0x080110d4      0x112 ./Drivers/STM32F2xx_HAL_Driver/Src/stm32f2xx_hal_spi.o
                0x080110d4                HAL_SPI_Init
 .text.HAL_SPI_Transmit
                0x080111e6      0x288 ./Drivers/STM32F2xx_HAL_Driver/Src/stm32f2xx_hal_spi.o
                0x080111e6                HAL_SPI_Transmit
 .text.HAL_SPI_Receive
                0x0801146e      0x232 ./Drivers/STM32F2xx_HAL_Driver/Src/stm32f2xx_hal_spi.o
                0x0801146e                HAL_SPI_Receive
 .text.HAL_SPI_TransmitReceive
                0x080116a0      0x352 ./Drivers/STM32F2xx_HAL_Driver/Src/stm32f2xx_hal_spi.o
                0x080116a0                HAL_SPI_TransmitReceive
 *fill*         0x080119f2        0x2 
 .text.SPI_WaitFlagStateUntilTimeout
                0x080119f4      0x110 ./Drivers/STM32F2xx_HAL_Driver/Src/stm32f2xx_hal_spi.o
 .text.SPI_EndRxTransaction
                0x08011b04       0x6a ./Drivers/STM32F2xx_HAL_Driver/Src/stm32f2xx_hal_spi.o
 .text.SPI_EndRxTxTransaction
                0x08011b6e       0x62 ./Drivers/STM32F2xx_HAL_Driver/Src/stm32f2xx_hal_spi.o
 .text.HAL_SRAM_Init
                0x08011bd0       0x9a ./Drivers/STM32F2xx_HAL_Driver/Src/stm32f2xx_hal_sram.o
                0x08011bd0                HAL_SRAM_Init
 .text.HAL_TIM_Base_Init
                0x08011c6a       0x9e ./Drivers/STM32F2xx_HAL_Driver/Src/stm32f2xx_hal_tim.o
                0x08011c6a                HAL_TIM_Base_Init
 .text.HAL_TIM_PWM_Init
                0x08011d08       0x9e ./Drivers/STM32F2xx_HAL_Driver/Src/stm32f2xx_hal_tim.o
                0x08011d08                HAL_TIM_PWM_Init
 .text.HAL_TIM_PWM_MspInit
                0x08011da6       0x12 ./Drivers/STM32F2xx_HAL_Driver/Src/stm32f2xx_hal_tim.o
                0x08011da6                HAL_TIM_PWM_MspInit
 .text.HAL_TIM_PWM_Start
                0x08011db8      0x190 ./Drivers/STM32F2xx_HAL_Driver/Src/stm32f2xx_hal_tim.o
                0x08011db8                HAL_TIM_PWM_Start
 .text.HAL_TIM_PWM_Stop
                0x08011f48       0xe0 ./Drivers/STM32F2xx_HAL_Driver/Src/stm32f2xx_hal_tim.o
                0x08011f48                HAL_TIM_PWM_Stop
 .text.HAL_TIM_PWM_ConfigChannel
                0x08012028      0x184 ./Drivers/STM32F2xx_HAL_Driver/Src/stm32f2xx_hal_tim.o
                0x08012028                HAL_TIM_PWM_ConfigChannel
 .text.TIM_Base_SetConfig
                0x080121ac      0x154 ./Drivers/STM32F2xx_HAL_Driver/Src/stm32f2xx_hal_tim.o
                0x080121ac                TIM_Base_SetConfig
 .text.TIM_OC1_SetConfig
                0x08012300       0xe0 ./Drivers/STM32F2xx_HAL_Driver/Src/stm32f2xx_hal_tim.o
 .text.TIM_OC2_SetConfig
                0x080123e0       0xe8 ./Drivers/STM32F2xx_HAL_Driver/Src/stm32f2xx_hal_tim.o
                0x080123e0                TIM_OC2_SetConfig
 .text.TIM_OC3_SetConfig
                0x080124c8       0xe8 ./Drivers/STM32F2xx_HAL_Driver/Src/stm32f2xx_hal_tim.o
 .text.TIM_OC4_SetConfig
                0x080125b0       0xa8 ./Drivers/STM32F2xx_HAL_Driver/Src/stm32f2xx_hal_tim.o
 .text.TIM_CCxChannelCmd
                0x08012658       0x48 ./Drivers/STM32F2xx_HAL_Driver/Src/stm32f2xx_hal_tim.o
                0x08012658                TIM_CCxChannelCmd
 .text.HAL_UART_Init
                0x080126a0       0xa0 ./Drivers/STM32F2xx_HAL_Driver/Src/stm32f2xx_hal_uart.o
                0x080126a0                HAL_UART_Init
 .text.HAL_UART_Transmit
                0x08012740      0x116 ./Drivers/STM32F2xx_HAL_Driver/Src/stm32f2xx_hal_uart.o
                0x08012740                HAL_UART_Transmit
 .text.HAL_UARTEx_ReceiveToIdle_IT
                0x08012856       0xba ./Drivers/STM32F2xx_HAL_Driver/Src/stm32f2xx_hal_uart.o
                0x08012856                HAL_UARTEx_ReceiveToIdle_IT
 .text.HAL_UART_AbortReceive
                0x08012910      0x146 ./Drivers/STM32F2xx_HAL_Driver/Src/stm32f2xx_hal_uart.o
                0x08012910                HAL_UART_AbortReceive
 *fill*         0x08012a56        0x2 
 .text.HAL_UART_IRQHandler
                0x08012a58      0x524 ./Drivers/STM32F2xx_HAL_Driver/Src/stm32f2xx_hal_uart.o
                0x08012a58                HAL_UART_IRQHandler
 .text.HAL_UART_TxCpltCallback
                0x08012f7c       0x12 ./Drivers/STM32F2xx_HAL_Driver/Src/stm32f2xx_hal_uart.o
                0x08012f7c                HAL_UART_TxCpltCallback
 .text.HAL_UART_RxCpltCallback
                0x08012f8e       0x12 ./Drivers/STM32F2xx_HAL_Driver/Src/stm32f2xx_hal_uart.o
                0x08012f8e                HAL_UART_RxCpltCallback
 .text.HAL_UART_ErrorCallback
                0x08012fa0       0x12 ./Drivers/STM32F2xx_HAL_Driver/Src/stm32f2xx_hal_uart.o
                0x08012fa0                HAL_UART_ErrorCallback
 .text.UART_WaitOnFlagUntilTimeout
                0x08012fb2       0xb2 ./Drivers/STM32F2xx_HAL_Driver/Src/stm32f2xx_hal_uart.o
 .text.UART_Start_Receive_IT
                0x08013064       0x72 ./Drivers/STM32F2xx_HAL_Driver/Src/stm32f2xx_hal_uart.o
                0x08013064                UART_Start_Receive_IT
 .text.UART_EndRxTransfer
                0x080130d6       0xc4 ./Drivers/STM32F2xx_HAL_Driver/Src/stm32f2xx_hal_uart.o
 .text.UART_DMAAbortOnError
                0x0801319a       0x28 ./Drivers/STM32F2xx_HAL_Driver/Src/stm32f2xx_hal_uart.o
 .text.UART_Transmit_IT
                0x080131c2       0x9e ./Drivers/STM32F2xx_HAL_Driver/Src/stm32f2xx_hal_uart.o
 .text.UART_EndTransmit_IT
                0x08013260       0x30 ./Drivers/STM32F2xx_HAL_Driver/Src/stm32f2xx_hal_uart.o
 .text.UART_Receive_IT
                0x08013290      0x17c ./Drivers/STM32F2xx_HAL_Driver/Src/stm32f2xx_hal_uart.o
 .text.UART_SetConfig
                0x0801340c      0x1d4 ./Drivers/STM32F2xx_HAL_Driver/Src/stm32f2xx_hal_uart.o
 .text.FSMC_NORSRAM_Init
                0x080135e0       0xc0 ./Drivers/STM32F2xx_HAL_Driver/Src/stm32f2xx_ll_fsmc.o
                0x080135e0                FSMC_NORSRAM_Init
 .text.FSMC_NORSRAM_Timing_Init
                0x080136a0       0x5a ./Drivers/STM32F2xx_HAL_Driver/Src/stm32f2xx_ll_fsmc.o
                0x080136a0                FSMC_NORSRAM_Timing_Init
 *fill*         0x080136fa        0x2 
 .text.FSMC_NORSRAM_Extended_Timing_Init
                0x080136fc       0x70 ./Drivers/STM32F2xx_HAL_Driver/Src/stm32f2xx_ll_fsmc.o
                0x080136fc                FSMC_NORSRAM_Extended_Timing_Init
 .text.__assert_func
                0x0801376c       0x3c C:/ST/STM32CubeIDE_1.18.0/STM32CubeIDE/plugins/com.st.stm32cube.ide.mcu.externaltools.gnu-tools-for-stm32.13.3.rel1.win32_1.0.0.202411081344/tools/bin/../lib/gcc/arm-none-eabi/13.3.1/../../../../arm-none-eabi/lib/thumb/v7-m/nofp\libc_nano.a(libc_a-assert.o)
                0x0801376c                __assert_func
 .text.__cvt    0x080137a8       0xc8 C:/ST/STM32CubeIDE_1.18.0/STM32CubeIDE/plugins/com.st.stm32cube.ide.mcu.externaltools.gnu-tools-for-stm32.13.3.rel1.win32_1.0.0.202411081344/tools/bin/../lib/gcc/arm-none-eabi/13.3.1/../../../../arm-none-eabi/lib/thumb/v7-m/nofp\libc_nano.a(libc_a-nano-vfprintf_float.o)
                0x080137a8                __cvt
 .text.__exponent
                0x08013870       0x74 C:/ST/STM32CubeIDE_1.18.0/STM32CubeIDE/plugins/com.st.stm32cube.ide.mcu.externaltools.gnu-tools-for-stm32.13.3.rel1.win32_1.0.0.202411081344/tools/bin/../lib/gcc/arm-none-eabi/13.3.1/../../../../arm-none-eabi/lib/thumb/v7-m/nofp\libc_nano.a(libc_a-nano-vfprintf_float.o)
                0x08013870                __exponent
 .text._printf_float
                0x080138e4      0x458 C:/ST/STM32CubeIDE_1.18.0/STM32CubeIDE/plugins/com.st.stm32cube.ide.mcu.externaltools.gnu-tools-for-stm32.13.3.rel1.win32_1.0.0.202411081344/tools/bin/../lib/gcc/arm-none-eabi/13.3.1/../../../../arm-none-eabi/lib/thumb/v7-m/nofp\libc_nano.a(libc_a-nano-vfprintf_float.o)
                0x080138e4                _printf_float
 .text._printf_common
                0x08013d3c       0xe4 C:/ST/STM32CubeIDE_1.18.0/STM32CubeIDE/plugins/com.st.stm32cube.ide.mcu.externaltools.gnu-tools-for-stm32.13.3.rel1.win32_1.0.0.202411081344/tools/bin/../lib/gcc/arm-none-eabi/13.3.1/../../../../arm-none-eabi/lib/thumb/v7-m/nofp\libc_nano.a(libc_a-nano-vfprintf_i.o)
                0x08013d3c                _printf_common
 .text._printf_i
                0x08013e20      0x23c C:/ST/STM32CubeIDE_1.18.0/STM32CubeIDE/plugins/com.st.stm32cube.ide.mcu.externaltools.gnu-tools-for-stm32.13.3.rel1.win32_1.0.0.202411081344/tools/bin/../lib/gcc/arm-none-eabi/13.3.1/../../../../arm-none-eabi/lib/thumb/v7-m/nofp\libc_nano.a(libc_a-nano-vfprintf_i.o)
                0x08013e20                _printf_i
 .text.std      0x0801405c       0x6c C:/ST/STM32CubeIDE_1.18.0/STM32CubeIDE/plugins/com.st.stm32cube.ide.mcu.externaltools.gnu-tools-for-stm32.13.3.rel1.win32_1.0.0.202411081344/tools/bin/../lib/gcc/arm-none-eabi/13.3.1/../../../../arm-none-eabi/lib/thumb/v7-m/nofp\libc_nano.a(libc_a-findfp.o)
 .text.stdio_exit_handler
                0x080140c8       0x18 C:/ST/STM32CubeIDE_1.18.0/STM32CubeIDE/plugins/com.st.stm32cube.ide.mcu.externaltools.gnu-tools-for-stm32.13.3.rel1.win32_1.0.0.202411081344/tools/bin/../lib/gcc/arm-none-eabi/13.3.1/../../../../arm-none-eabi/lib/thumb/v7-m/nofp\libc_nano.a(libc_a-findfp.o)
 .text.cleanup_stdio
                0x080140e0       0x40 C:/ST/STM32CubeIDE_1.18.0/STM32CubeIDE/plugins/com.st.stm32cube.ide.mcu.externaltools.gnu-tools-for-stm32.13.3.rel1.win32_1.0.0.202411081344/tools/bin/../lib/gcc/arm-none-eabi/13.3.1/../../../../arm-none-eabi/lib/thumb/v7-m/nofp\libc_nano.a(libc_a-findfp.o)
 .text.global_stdio_init.part.0
                0x08014120       0x3c C:/ST/STM32CubeIDE_1.18.0/STM32CubeIDE/plugins/com.st.stm32cube.ide.mcu.externaltools.gnu-tools-for-stm32.13.3.rel1.win32_1.0.0.202411081344/tools/bin/../lib/gcc/arm-none-eabi/13.3.1/../../../../arm-none-eabi/lib/thumb/v7-m/nofp\libc_nano.a(libc_a-findfp.o)
 .text.__sfp_lock_acquire
                0x0801415c        0xc C:/ST/STM32CubeIDE_1.18.0/STM32CubeIDE/plugins/com.st.stm32cube.ide.mcu.externaltools.gnu-tools-for-stm32.13.3.rel1.win32_1.0.0.202411081344/tools/bin/../lib/gcc/arm-none-eabi/13.3.1/../../../../arm-none-eabi/lib/thumb/v7-m/nofp\libc_nano.a(libc_a-findfp.o)
                0x0801415c                __sfp_lock_acquire
 .text.__sfp_lock_release
                0x08014168        0xc C:/ST/STM32CubeIDE_1.18.0/STM32CubeIDE/plugins/com.st.stm32cube.ide.mcu.externaltools.gnu-tools-for-stm32.13.3.rel1.win32_1.0.0.202411081344/tools/bin/../lib/gcc/arm-none-eabi/13.3.1/../../../../arm-none-eabi/lib/thumb/v7-m/nofp\libc_nano.a(libc_a-findfp.o)
                0x08014168                __sfp_lock_release
 .text.__sinit  0x08014174       0x30 C:/ST/STM32CubeIDE_1.18.0/STM32CubeIDE/plugins/com.st.stm32cube.ide.mcu.externaltools.gnu-tools-for-stm32.13.3.rel1.win32_1.0.0.202411081344/tools/bin/../lib/gcc/arm-none-eabi/13.3.1/../../../../arm-none-eabi/lib/thumb/v7-m/nofp\libc_nano.a(libc_a-findfp.o)
                0x08014174                __sinit
 .text.fprintf  0x080141a4       0x24 C:/ST/STM32CubeIDE_1.18.0/STM32CubeIDE/plugins/com.st.stm32cube.ide.mcu.externaltools.gnu-tools-for-stm32.13.3.rel1.win32_1.0.0.202411081344/tools/bin/../lib/gcc/arm-none-eabi/13.3.1/../../../../arm-none-eabi/lib/thumb/v7-m/nofp\libc_nano.a(libc_a-fprintf.o)
                0x080141a4                fiprintf
                0x080141a4                fprintf
 .text._fwalk_sglue
                0x080141c8       0x3c C:/ST/STM32CubeIDE_1.18.0/STM32CubeIDE/plugins/com.st.stm32cube.ide.mcu.externaltools.gnu-tools-for-stm32.13.3.rel1.win32_1.0.0.202411081344/tools/bin/../lib/gcc/arm-none-eabi/13.3.1/../../../../arm-none-eabi/lib/thumb/v7-m/nofp\libc_nano.a(libc_a-fwalk.o)
                0x080141c8                _fwalk_sglue
 .text.sprintf  0x08014204       0x44 C:/ST/STM32CubeIDE_1.18.0/STM32CubeIDE/plugins/com.st.stm32cube.ide.mcu.externaltools.gnu-tools-for-stm32.13.3.rel1.win32_1.0.0.202411081344/tools/bin/../lib/gcc/arm-none-eabi/13.3.1/../../../../arm-none-eabi/lib/thumb/v7-m/nofp\libc_nano.a(libc_a-sprintf.o)
                0x08014204                siprintf
                0x08014204                sprintf
 .text.__sread  0x08014248       0x22 C:/ST/STM32CubeIDE_1.18.0/STM32CubeIDE/plugins/com.st.stm32cube.ide.mcu.externaltools.gnu-tools-for-stm32.13.3.rel1.win32_1.0.0.202411081344/tools/bin/../lib/gcc/arm-none-eabi/13.3.1/../../../../arm-none-eabi/lib/thumb/v7-m/nofp\libc_nano.a(libc_a-stdio.o)
                0x08014248                __sread
 .text.__swrite
                0x0801426a       0x38 C:/ST/STM32CubeIDE_1.18.0/STM32CubeIDE/plugins/com.st.stm32cube.ide.mcu.externaltools.gnu-tools-for-stm32.13.3.rel1.win32_1.0.0.202411081344/tools/bin/../lib/gcc/arm-none-eabi/13.3.1/../../../../arm-none-eabi/lib/thumb/v7-m/nofp\libc_nano.a(libc_a-stdio.o)
                0x0801426a                __swrite
 .text.__sseek  0x080142a2       0x24 C:/ST/STM32CubeIDE_1.18.0/STM32CubeIDE/plugins/com.st.stm32cube.ide.mcu.externaltools.gnu-tools-for-stm32.13.3.rel1.win32_1.0.0.202411081344/tools/bin/../lib/gcc/arm-none-eabi/13.3.1/../../../../arm-none-eabi/lib/thumb/v7-m/nofp\libc_nano.a(libc_a-stdio.o)
                0x080142a2                __sseek
 .text.__sclose
                0x080142c6        0x8 C:/ST/STM32CubeIDE_1.18.0/STM32CubeIDE/plugins/com.st.stm32cube.ide.mcu.externaltools.gnu-tools-for-stm32.13.3.rel1.win32_1.0.0.202411081344/tools/bin/../lib/gcc/arm-none-eabi/13.3.1/../../../../arm-none-eabi/lib/thumb/v7-m/nofp\libc_nano.a(libc_a-stdio.o)
                0x080142c6                __sclose
 .text.memcmp   0x080142ce       0x20 C:/ST/STM32CubeIDE_1.18.0/STM32CubeIDE/plugins/com.st.stm32cube.ide.mcu.externaltools.gnu-tools-for-stm32.13.3.rel1.win32_1.0.0.202411081344/tools/bin/../lib/gcc/arm-none-eabi/13.3.1/../../../../arm-none-eabi/lib/thumb/v7-m/nofp\libc_nano.a(libc_a-memcmp.o)
                0x080142ce                memcmp
 .text.memset   0x080142ee       0x10 C:/ST/STM32CubeIDE_1.18.0/STM32CubeIDE/plugins/com.st.stm32cube.ide.mcu.externaltools.gnu-tools-for-stm32.13.3.rel1.win32_1.0.0.202411081344/tools/bin/../lib/gcc/arm-none-eabi/13.3.1/../../../../arm-none-eabi/lib/thumb/v7-m/nofp\libc_nano.a(libc_a-memset.o)
                0x080142ee                memset
 .text.strcat   0x080142fe       0x1e C:/ST/STM32CubeIDE_1.18.0/STM32CubeIDE/plugins/com.st.stm32cube.ide.mcu.externaltools.gnu-tools-for-stm32.13.3.rel1.win32_1.0.0.202411081344/tools/bin/../lib/gcc/arm-none-eabi/13.3.1/../../../../arm-none-eabi/lib/thumb/v7-m/nofp\libc_nano.a(libc_a-strcat.o)
                0x080142fe                strcat
 .text._localeconv_r
                0x0801431c        0x8 C:/ST/STM32CubeIDE_1.18.0/STM32CubeIDE/plugins/com.st.stm32cube.ide.mcu.externaltools.gnu-tools-for-stm32.13.3.rel1.win32_1.0.0.202411081344/tools/bin/../lib/gcc/arm-none-eabi/13.3.1/../../../../arm-none-eabi/lib/thumb/v7-m/nofp\libc_nano.a(libc_a-localeconv.o)
                0x0801431c                _localeconv_r
 .text._close_r
                0x08014324       0x20 C:/ST/STM32CubeIDE_1.18.0/STM32CubeIDE/plugins/com.st.stm32cube.ide.mcu.externaltools.gnu-tools-for-stm32.13.3.rel1.win32_1.0.0.202411081344/tools/bin/../lib/gcc/arm-none-eabi/13.3.1/../../../../arm-none-eabi/lib/thumb/v7-m/nofp\libc_nano.a(libc_a-closer.o)
                0x08014324                _close_r
 .text._lseek_r
                0x08014344       0x24 C:/ST/STM32CubeIDE_1.18.0/STM32CubeIDE/plugins/com.st.stm32cube.ide.mcu.externaltools.gnu-tools-for-stm32.13.3.rel1.win32_1.0.0.202411081344/tools/bin/../lib/gcc/arm-none-eabi/13.3.1/../../../../arm-none-eabi/lib/thumb/v7-m/nofp\libc_nano.a(libc_a-lseekr.o)
                0x08014344                _lseek_r
 .text._read_r  0x08014368       0x24 C:/ST/STM32CubeIDE_1.18.0/STM32CubeIDE/plugins/com.st.stm32cube.ide.mcu.externaltools.gnu-tools-for-stm32.13.3.rel1.win32_1.0.0.202411081344/tools/bin/../lib/gcc/arm-none-eabi/13.3.1/../../../../arm-none-eabi/lib/thumb/v7-m/nofp\libc_nano.a(libc_a-readr.o)
                0x08014368                _read_r
 .text._write_r
                0x0801438c       0x24 C:/ST/STM32CubeIDE_1.18.0/STM32CubeIDE/plugins/com.st.stm32cube.ide.mcu.externaltools.gnu-tools-for-stm32.13.3.rel1.win32_1.0.0.202411081344/tools/bin/../lib/gcc/arm-none-eabi/13.3.1/../../../../arm-none-eabi/lib/thumb/v7-m/nofp\libc_nano.a(libc_a-writer.o)
                0x0801438c                _write_r
 .text.__errno  0x080143b0        0xc C:/ST/STM32CubeIDE_1.18.0/STM32CubeIDE/plugins/com.st.stm32cube.ide.mcu.externaltools.gnu-tools-for-stm32.13.3.rel1.win32_1.0.0.202411081344/tools/bin/../lib/gcc/arm-none-eabi/13.3.1/../../../../arm-none-eabi/lib/thumb/v7-m/nofp\libc_nano.a(libc_a-errno.o)
                0x080143b0                __errno
 .text.__libc_init_array
                0x080143bc       0x48 C:/ST/STM32CubeIDE_1.18.0/STM32CubeIDE/plugins/com.st.stm32cube.ide.mcu.externaltools.gnu-tools-for-stm32.13.3.rel1.win32_1.0.0.202411081344/tools/bin/../lib/gcc/arm-none-eabi/13.3.1/../../../../arm-none-eabi/lib/thumb/v7-m/nofp\libc_nano.a(libc_a-init.o)
                0x080143bc                __libc_init_array
 .text.__retarget_lock_init_recursive
                0x08014404        0x2 C:/ST/STM32CubeIDE_1.18.0/STM32CubeIDE/plugins/com.st.stm32cube.ide.mcu.externaltools.gnu-tools-for-stm32.13.3.rel1.win32_1.0.0.202411081344/tools/bin/../lib/gcc/arm-none-eabi/13.3.1/../../../../arm-none-eabi/lib/thumb/v7-m/nofp\libc_nano.a(libc_a-lock.o)
                0x08014404                __retarget_lock_init_recursive
 .text.__retarget_lock_acquire_recursive
                0x08014406        0x2 C:/ST/STM32CubeIDE_1.18.0/STM32CubeIDE/plugins/com.st.stm32cube.ide.mcu.externaltools.gnu-tools-for-stm32.13.3.rel1.win32_1.0.0.202411081344/tools/bin/../lib/gcc/arm-none-eabi/13.3.1/../../../../arm-none-eabi/lib/thumb/v7-m/nofp\libc_nano.a(libc_a-lock.o)
                0x08014406                __retarget_lock_acquire_recursive
 .text.__retarget_lock_release_recursive
                0x08014408        0x2 C:/ST/STM32CubeIDE_1.18.0/STM32CubeIDE/plugins/com.st.stm32cube.ide.mcu.externaltools.gnu-tools-for-stm32.13.3.rel1.win32_1.0.0.202411081344/tools/bin/../lib/gcc/arm-none-eabi/13.3.1/../../../../arm-none-eabi/lib/thumb/v7-m/nofp\libc_nano.a(libc_a-lock.o)
                0x08014408                __retarget_lock_release_recursive
 .text.memchr   0x0801440a       0x1c C:/ST/STM32CubeIDE_1.18.0/STM32CubeIDE/plugins/com.st.stm32cube.ide.mcu.externaltools.gnu-tools-for-stm32.13.3.rel1.win32_1.0.0.202411081344/tools/bin/../lib/gcc/arm-none-eabi/13.3.1/../../../../arm-none-eabi/lib/thumb/v7-m/nofp\libc_nano.a(libc_a-memchr-stub.o)
                0x0801440a                memchr
 .text.memcpy   0x08014426       0x1c C:/ST/STM32CubeIDE_1.18.0/STM32CubeIDE/plugins/com.st.stm32cube.ide.mcu.externaltools.gnu-tools-for-stm32.13.3.rel1.win32_1.0.0.202411081344/tools/bin/../lib/gcc/arm-none-eabi/13.3.1/../../../../arm-none-eabi/lib/thumb/v7-m/nofp\libc_nano.a(libc_a-memcpy-stub.o)
                0x08014426                memcpy
 .text.abort    0x08014442        0xe C:/ST/STM32CubeIDE_1.18.0/STM32CubeIDE/plugins/com.st.stm32cube.ide.mcu.externaltools.gnu-tools-for-stm32.13.3.rel1.win32_1.0.0.202411081344/tools/bin/../lib/gcc/arm-none-eabi/13.3.1/../../../../arm-none-eabi/lib/thumb/v7-m/nofp\libc_nano.a(libc_a-abort.o)
                0x08014442                abort
 .text.quorem   0x08014450      0x110 C:/ST/STM32CubeIDE_1.18.0/STM32CubeIDE/plugins/com.st.stm32cube.ide.mcu.externaltools.gnu-tools-for-stm32.13.3.rel1.win32_1.0.0.202411081344/tools/bin/../lib/gcc/arm-none-eabi/13.3.1/../../../../arm-none-eabi/lib/thumb/v7-m/nofp\libc_nano.a(libc_a-dtoa.o)
 .text._dtoa_r  0x08014560      0xba8 C:/ST/STM32CubeIDE_1.18.0/STM32CubeIDE/plugins/com.st.stm32cube.ide.mcu.externaltools.gnu-tools-for-stm32.13.3.rel1.win32_1.0.0.202411081344/tools/bin/../lib/gcc/arm-none-eabi/13.3.1/../../../../arm-none-eabi/lib/thumb/v7-m/nofp\libc_nano.a(libc_a-dtoa.o)
                0x08014560                _dtoa_r
 .text._free_r  0x08015108       0x90 C:/ST/STM32CubeIDE_1.18.0/STM32CubeIDE/plugins/com.st.stm32cube.ide.mcu.externaltools.gnu-tools-for-stm32.13.3.rel1.win32_1.0.0.202411081344/tools/bin/../lib/gcc/arm-none-eabi/13.3.1/../../../../arm-none-eabi/lib/thumb/v7-m/nofp\libc_nano.a(libc_a-freer.o)
                0x08015108                _free_r
 .text.malloc   0x08015198       0x10 C:/ST/STM32CubeIDE_1.18.0/STM32CubeIDE/plugins/com.st.stm32cube.ide.mcu.externaltools.gnu-tools-for-stm32.13.3.rel1.win32_1.0.0.202411081344/tools/bin/../lib/gcc/arm-none-eabi/13.3.1/../../../../arm-none-eabi/lib/thumb/v7-m/nofp\libc_nano.a(libc_a-malloc.o)
                0x08015198                malloc
 .text.sbrk_aligned
                0x080151a8       0x44 C:/ST/STM32CubeIDE_1.18.0/STM32CubeIDE/plugins/com.st.stm32cube.ide.mcu.externaltools.gnu-tools-for-stm32.13.3.rel1.win32_1.0.0.202411081344/tools/bin/../lib/gcc/arm-none-eabi/13.3.1/../../../../arm-none-eabi/lib/thumb/v7-m/nofp\libc_nano.a(libc_a-mallocr.o)
 .text._malloc_r
                0x080151ec      0x100 C:/ST/STM32CubeIDE_1.18.0/STM32CubeIDE/plugins/com.st.stm32cube.ide.mcu.externaltools.gnu-tools-for-stm32.13.3.rel1.win32_1.0.0.202411081344/tools/bin/../lib/gcc/arm-none-eabi/13.3.1/../../../../arm-none-eabi/lib/thumb/v7-m/nofp\libc_nano.a(libc_a-mallocr.o)
                0x080151ec                _malloc_r
 .text.__malloc_lock
                0x080152ec        0xc C:/ST/STM32CubeIDE_1.18.0/STM32CubeIDE/plugins/com.st.stm32cube.ide.mcu.externaltools.gnu-tools-for-stm32.13.3.rel1.win32_1.0.0.202411081344/tools/bin/../lib/gcc/arm-none-eabi/13.3.1/../../../../arm-none-eabi/lib/thumb/v7-m/nofp\libc_nano.a(libc_a-mlock.o)
                0x080152ec                __malloc_lock
 .text.__malloc_unlock
                0x080152f8        0xc C:/ST/STM32CubeIDE_1.18.0/STM32CubeIDE/plugins/com.st.stm32cube.ide.mcu.externaltools.gnu-tools-for-stm32.13.3.rel1.win32_1.0.0.202411081344/tools/bin/../lib/gcc/arm-none-eabi/13.3.1/../../../../arm-none-eabi/lib/thumb/v7-m/nofp\libc_nano.a(libc_a-mlock.o)
                0x080152f8                __malloc_unlock
 .text._Balloc  0x08015304       0x80 C:/ST/STM32CubeIDE_1.18.0/STM32CubeIDE/plugins/com.st.stm32cube.ide.mcu.externaltools.gnu-tools-for-stm32.13.3.rel1.win32_1.0.0.202411081344/tools/bin/../lib/gcc/arm-none-eabi/13.3.1/../../../../arm-none-eabi/lib/thumb/v7-m/nofp\libc_nano.a(libc_a-mprec.o)
                0x08015304                _Balloc
 .text._Bfree   0x08015384       0x44 C:/ST/STM32CubeIDE_1.18.0/STM32CubeIDE/plugins/com.st.stm32cube.ide.mcu.externaltools.gnu-tools-for-stm32.13.3.rel1.win32_1.0.0.202411081344/tools/bin/../lib/gcc/arm-none-eabi/13.3.1/../../../../arm-none-eabi/lib/thumb/v7-m/nofp\libc_nano.a(libc_a-mprec.o)
                0x08015384                _Bfree
 .text.__multadd
                0x080153c8       0x8c C:/ST/STM32CubeIDE_1.18.0/STM32CubeIDE/plugins/com.st.stm32cube.ide.mcu.externaltools.gnu-tools-for-stm32.13.3.rel1.win32_1.0.0.202411081344/tools/bin/../lib/gcc/arm-none-eabi/13.3.1/../../../../arm-none-eabi/lib/thumb/v7-m/nofp\libc_nano.a(libc_a-mprec.o)
                0x080153c8                __multadd
 .text.__hi0bits
                0x08015454       0x3e C:/ST/STM32CubeIDE_1.18.0/STM32CubeIDE/plugins/com.st.stm32cube.ide.mcu.externaltools.gnu-tools-for-stm32.13.3.rel1.win32_1.0.0.202411081344/tools/bin/../lib/gcc/arm-none-eabi/13.3.1/../../../../arm-none-eabi/lib/thumb/v7-m/nofp\libc_nano.a(libc_a-mprec.o)
                0x08015454                __hi0bits
 .text.__lo0bits
                0x08015492       0x5a C:/ST/STM32CubeIDE_1.18.0/STM32CubeIDE/plugins/com.st.stm32cube.ide.mcu.externaltools.gnu-tools-for-stm32.13.3.rel1.win32_1.0.0.202411081344/tools/bin/../lib/gcc/arm-none-eabi/13.3.1/../../../../arm-none-eabi/lib/thumb/v7-m/nofp\libc_nano.a(libc_a-mprec.o)
                0x08015492                __lo0bits
 .text.__i2b    0x080154ec       0x2c C:/ST/STM32CubeIDE_1.18.0/STM32CubeIDE/plugins/com.st.stm32cube.ide.mcu.externaltools.gnu-tools-for-stm32.13.3.rel1.win32_1.0.0.202411081344/tools/bin/../lib/gcc/arm-none-eabi/13.3.1/../../../../arm-none-eabi/lib/thumb/v7-m/nofp\libc_nano.a(libc_a-mprec.o)
                0x080154ec                __i2b
 .text.__multiply
                0x08015518      0x144 C:/ST/STM32CubeIDE_1.18.0/STM32CubeIDE/plugins/com.st.stm32cube.ide.mcu.externaltools.gnu-tools-for-stm32.13.3.rel1.win32_1.0.0.202411081344/tools/bin/../lib/gcc/arm-none-eabi/13.3.1/../../../../arm-none-eabi/lib/thumb/v7-m/nofp\libc_nano.a(libc_a-mprec.o)
                0x08015518                __multiply
 .text.__pow5mult
                0x0801565c       0xb4 C:/ST/STM32CubeIDE_1.18.0/STM32CubeIDE/plugins/com.st.stm32cube.ide.mcu.externaltools.gnu-tools-for-stm32.13.3.rel1.win32_1.0.0.202411081344/tools/bin/../lib/gcc/arm-none-eabi/13.3.1/../../../../arm-none-eabi/lib/thumb/v7-m/nofp\libc_nano.a(libc_a-mprec.o)
                0x0801565c                __pow5mult
 .text.__lshift
                0x08015710       0xd8 C:/ST/STM32CubeIDE_1.18.0/STM32CubeIDE/plugins/com.st.stm32cube.ide.mcu.externaltools.gnu-tools-for-stm32.13.3.rel1.win32_1.0.0.202411081344/tools/bin/../lib/gcc/arm-none-eabi/13.3.1/../../../../arm-none-eabi/lib/thumb/v7-m/nofp\libc_nano.a(libc_a-mprec.o)
                0x08015710                __lshift
 .text.__mcmp   0x080157e8       0x36 C:/ST/STM32CubeIDE_1.18.0/STM32CubeIDE/plugins/com.st.stm32cube.ide.mcu.externaltools.gnu-tools-for-stm32.13.3.rel1.win32_1.0.0.202411081344/tools/bin/../lib/gcc/arm-none-eabi/13.3.1/../../../../arm-none-eabi/lib/thumb/v7-m/nofp\libc_nano.a(libc_a-mprec.o)
                0x080157e8                __mcmp
 *fill*         0x0801581e        0x2 
 .text.__mdiff  0x08015820      0x128 C:/ST/STM32CubeIDE_1.18.0/STM32CubeIDE/plugins/com.st.stm32cube.ide.mcu.externaltools.gnu-tools-for-stm32.13.3.rel1.win32_1.0.0.202411081344/tools/bin/../lib/gcc/arm-none-eabi/13.3.1/../../../../arm-none-eabi/lib/thumb/v7-m/nofp\libc_nano.a(libc_a-mprec.o)
                0x08015820                __mdiff
 .text.__d2b    0x08015948       0xb0 C:/ST/STM32CubeIDE_1.18.0/STM32CubeIDE/plugins/com.st.stm32cube.ide.mcu.externaltools.gnu-tools-for-stm32.13.3.rel1.win32_1.0.0.202411081344/tools/bin/../lib/gcc/arm-none-eabi/13.3.1/../../../../arm-none-eabi/lib/thumb/v7-m/nofp\libc_nano.a(libc_a-mprec.o)
                0x08015948                __d2b
 .text.__ssputs_r
                0x080159f8       0xb6 C:/ST/STM32CubeIDE_1.18.0/STM32CubeIDE/plugins/com.st.stm32cube.ide.mcu.externaltools.gnu-tools-for-stm32.13.3.rel1.win32_1.0.0.202411081344/tools/bin/../lib/gcc/arm-none-eabi/13.3.1/../../../../arm-none-eabi/lib/thumb/v7-m/nofp\libc_nano.a(libc_a-nano-svfprintf.o)
                0x080159f8                __ssputs_r
 *fill*         0x08015aae        0x2 
 .text._svfprintf_r
                0x08015ab0      0x1f8 C:/ST/STM32CubeIDE_1.18.0/STM32CubeIDE/plugins/com.st.stm32cube.ide.mcu.externaltools.gnu-tools-for-stm32.13.3.rel1.win32_1.0.0.202411081344/tools/bin/../lib/gcc/arm-none-eabi/13.3.1/../../../../arm-none-eabi/lib/thumb/v7-m/nofp\libc_nano.a(libc_a-nano-svfprintf.o)
                0x08015ab0                _svfiprintf_r
                0x08015ab0                _svfprintf_r
 .text.__sfputc_r
                0x08015ca8       0x2a C:/ST/STM32CubeIDE_1.18.0/STM32CubeIDE/plugins/com.st.stm32cube.ide.mcu.externaltools.gnu-tools-for-stm32.13.3.rel1.win32_1.0.0.202411081344/tools/bin/../lib/gcc/arm-none-eabi/13.3.1/../../../../arm-none-eabi/lib/thumb/v7-m/nofp\libc_nano.a(libc_a-nano-vfprintf.o)
 .text.__sfputs_r
                0x08015cd2       0x24 C:/ST/STM32CubeIDE_1.18.0/STM32CubeIDE/plugins/com.st.stm32cube.ide.mcu.externaltools.gnu-tools-for-stm32.13.3.rel1.win32_1.0.0.202411081344/tools/bin/../lib/gcc/arm-none-eabi/13.3.1/../../../../arm-none-eabi/lib/thumb/v7-m/nofp\libc_nano.a(libc_a-nano-vfprintf.o)
                0x08015cd2                __sfputs_r
 *fill*         0x08015cf6        0x2 
 .text._vfprintf_r
                0x08015cf8      0x230 C:/ST/STM32CubeIDE_1.18.0/STM32CubeIDE/plugins/com.st.stm32cube.ide.mcu.externaltools.gnu-tools-for-stm32.13.3.rel1.win32_1.0.0.202411081344/tools/bin/../lib/gcc/arm-none-eabi/13.3.1/../../../../arm-none-eabi/lib/thumb/v7-m/nofp\libc_nano.a(libc_a-nano-vfprintf.o)
                0x08015cf8                _vfprintf_r
                0x08015cf8                _vfiprintf_r
 .text.__sflush_r
                0x08015f28      0x100 C:/ST/STM32CubeIDE_1.18.0/STM32CubeIDE/plugins/com.st.stm32cube.ide.mcu.externaltools.gnu-tools-for-stm32.13.3.rel1.win32_1.0.0.202411081344/tools/bin/../lib/gcc/arm-none-eabi/13.3.1/../../../../arm-none-eabi/lib/thumb/v7-m/nofp\libc_nano.a(libc_a-fflush.o)
                0x08015f28                __sflush_r
 .text._fflush_r
                0x08016028       0x50 C:/ST/STM32CubeIDE_1.18.0/STM32CubeIDE/plugins/com.st.stm32cube.ide.mcu.externaltools.gnu-tools-for-stm32.13.3.rel1.win32_1.0.0.202411081344/tools/bin/../lib/gcc/arm-none-eabi/13.3.1/../../../../arm-none-eabi/lib/thumb/v7-m/nofp\libc_nano.a(libc_a-fflush.o)
                0x08016028                _fflush_r
 .text.__swbuf_r
                0x08016078       0x7c C:/ST/STM32CubeIDE_1.18.0/STM32CubeIDE/plugins/com.st.stm32cube.ide.mcu.externaltools.gnu-tools-for-stm32.13.3.rel1.win32_1.0.0.202411081344/tools/bin/../lib/gcc/arm-none-eabi/13.3.1/../../../../arm-none-eabi/lib/thumb/v7-m/nofp\libc_nano.a(libc_a-wbuf.o)
                0x08016078                __swbuf_r
 .text.__swsetup_r
                0x080160f4       0xac C:/ST/STM32CubeIDE_1.18.0/STM32CubeIDE/plugins/com.st.stm32cube.ide.mcu.externaltools.gnu-tools-for-stm32.13.3.rel1.win32_1.0.0.202411081344/tools/bin/../lib/gcc/arm-none-eabi/13.3.1/../../../../arm-none-eabi/lib/thumb/v7-m/nofp\libc_nano.a(libc_a-wsetup.o)
                0x080160f4                __swsetup_r
 .text.memmove  0x080161a0       0x34 C:/ST/STM32CubeIDE_1.18.0/STM32CubeIDE/plugins/com.st.stm32cube.ide.mcu.externaltools.gnu-tools-for-stm32.13.3.rel1.win32_1.0.0.202411081344/tools/bin/../lib/gcc/arm-none-eabi/13.3.1/../../../../arm-none-eabi/lib/thumb/v7-m/nofp\libc_nano.a(libc_a-memmove.o)
                0x080161a0                memmove
 .text._raise_r
                0x080161d4       0x50 C:/ST/STM32CubeIDE_1.18.0/STM32CubeIDE/plugins/com.st.stm32cube.ide.mcu.externaltools.gnu-tools-for-stm32.13.3.rel1.win32_1.0.0.202411081344/tools/bin/../lib/gcc/arm-none-eabi/13.3.1/../../../../arm-none-eabi/lib/thumb/v7-m/nofp\libc_nano.a(libc_a-signal.o)
                0x080161d4                _raise_r
 .text.raise    0x08016224       0x10 C:/ST/STM32CubeIDE_1.18.0/STM32CubeIDE/plugins/com.st.stm32cube.ide.mcu.externaltools.gnu-tools-for-stm32.13.3.rel1.win32_1.0.0.202411081344/tools/bin/../lib/gcc/arm-none-eabi/13.3.1/../../../../arm-none-eabi/lib/thumb/v7-m/nofp\libc_nano.a(libc_a-signal.o)
                0x08016224                raise
 .text._kill_r  0x08016234       0x24 C:/ST/STM32CubeIDE_1.18.0/STM32CubeIDE/plugins/com.st.stm32cube.ide.mcu.externaltools.gnu-tools-for-stm32.13.3.rel1.win32_1.0.0.202411081344/tools/bin/../lib/gcc/arm-none-eabi/13.3.1/../../../../arm-none-eabi/lib/thumb/v7-m/nofp\libc_nano.a(libc_a-signalr.o)
                0x08016234                _kill_r
 .text._getpid_r
                0x08016258        0x4 C:/ST/STM32CubeIDE_1.18.0/STM32CubeIDE/plugins/com.st.stm32cube.ide.mcu.externaltools.gnu-tools-for-stm32.13.3.rel1.win32_1.0.0.202411081344/tools/bin/../lib/gcc/arm-none-eabi/13.3.1/../../../../arm-none-eabi/lib/thumb/v7-m/nofp\libc_nano.a(libc_a-signalr.o)
                0x08016258                _getpid_r
 .text._sbrk_r  0x0801625c       0x20 C:/ST/STM32CubeIDE_1.18.0/STM32CubeIDE/plugins/com.st.stm32cube.ide.mcu.externaltools.gnu-tools-for-stm32.13.3.rel1.win32_1.0.0.202411081344/tools/bin/../lib/gcc/arm-none-eabi/13.3.1/../../../../arm-none-eabi/lib/thumb/v7-m/nofp\libc_nano.a(libc_a-sbrkr.o)
                0x0801625c                _sbrk_r
 .text._calloc_r
                0x0801627c       0x28 C:/ST/STM32CubeIDE_1.18.0/STM32CubeIDE/plugins/com.st.stm32cube.ide.mcu.externaltools.gnu-tools-for-stm32.13.3.rel1.win32_1.0.0.202411081344/tools/bin/../lib/gcc/arm-none-eabi/13.3.1/../../../../arm-none-eabi/lib/thumb/v7-m/nofp\libc_nano.a(libc_a-callocr.o)
                0x0801627c                _calloc_r
 .text.__ascii_mbtowc
                0x080162a4       0x24 C:/ST/STM32CubeIDE_1.18.0/STM32CubeIDE/plugins/com.st.stm32cube.ide.mcu.externaltools.gnu-tools-for-stm32.13.3.rel1.win32_1.0.0.202411081344/tools/bin/../lib/gcc/arm-none-eabi/13.3.1/../../../../arm-none-eabi/lib/thumb/v7-m/nofp\libc_nano.a(libc_a-mbtowc_r.o)
                0x080162a4                __ascii_mbtowc
 .text._realloc_r
                0x080162c8       0x5c C:/ST/STM32CubeIDE_1.18.0/STM32CubeIDE/plugins/com.st.stm32cube.ide.mcu.externaltools.gnu-tools-for-stm32.13.3.rel1.win32_1.0.0.202411081344/tools/bin/../lib/gcc/arm-none-eabi/13.3.1/../../../../arm-none-eabi/lib/thumb/v7-m/nofp\libc_nano.a(libc_a-reallocr.o)
                0x080162c8                _realloc_r
 .text.__ascii_wctomb
                0x08016324       0x1a C:/ST/STM32CubeIDE_1.18.0/STM32CubeIDE/plugins/com.st.stm32cube.ide.mcu.externaltools.gnu-tools-for-stm32.13.3.rel1.win32_1.0.0.202411081344/tools/bin/../lib/gcc/arm-none-eabi/13.3.1/../../../../arm-none-eabi/lib/thumb/v7-m/nofp\libc_nano.a(libc_a-wctomb_r.o)
                0x08016324                __ascii_wctomb
 .text.__swhatbuf_r
                0x0801633e       0x4a C:/ST/STM32CubeIDE_1.18.0/STM32CubeIDE/plugins/com.st.stm32cube.ide.mcu.externaltools.gnu-tools-for-stm32.13.3.rel1.win32_1.0.0.202411081344/tools/bin/../lib/gcc/arm-none-eabi/13.3.1/../../../../arm-none-eabi/lib/thumb/v7-m/nofp\libc_nano.a(libc_a-makebuf.o)
                0x0801633e                __swhatbuf_r
 .text.__smakebuf_r
                0x08016388       0x78 C:/ST/STM32CubeIDE_1.18.0/STM32CubeIDE/plugins/com.st.stm32cube.ide.mcu.externaltools.gnu-tools-for-stm32.13.3.rel1.win32_1.0.0.202411081344/tools/bin/../lib/gcc/arm-none-eabi/13.3.1/../../../../arm-none-eabi/lib/thumb/v7-m/nofp\libc_nano.a(libc_a-makebuf.o)
                0x08016388                __smakebuf_r
 .text._fstat_r
                0x08016400       0x24 C:/ST/STM32CubeIDE_1.18.0/STM32CubeIDE/plugins/com.st.stm32cube.ide.mcu.externaltools.gnu-tools-for-stm32.13.3.rel1.win32_1.0.0.202411081344/tools/bin/../lib/gcc/arm-none-eabi/13.3.1/../../../../arm-none-eabi/lib/thumb/v7-m/nofp\libc_nano.a(libc_a-fstatr.o)
                0x08016400                _fstat_r
 .text._isatty_r
                0x08016424       0x20 C:/ST/STM32CubeIDE_1.18.0/STM32CubeIDE/plugins/com.st.stm32cube.ide.mcu.externaltools.gnu-tools-for-stm32.13.3.rel1.win32_1.0.0.202411081344/tools/bin/../lib/gcc/arm-none-eabi/13.3.1/../../../../arm-none-eabi/lib/thumb/v7-m/nofp\libc_nano.a(libc_a-isattyr.o)
                0x08016424                _isatty_r
 .text._malloc_usable_size_r
                0x08016444       0x10 C:/ST/STM32CubeIDE_1.18.0/STM32CubeIDE/plugins/com.st.stm32cube.ide.mcu.externaltools.gnu-tools-for-stm32.13.3.rel1.win32_1.0.0.202411081344/tools/bin/../lib/gcc/arm-none-eabi/13.3.1/../../../../arm-none-eabi/lib/thumb/v7-m/nofp\libc_nano.a(libc_a-msizer.o)
                0x08016444                _malloc_usable_size_r
 *(.glue_7)
 .glue_7        0x08016454        0x0 linker stubs
 *(.glue_7t)
 .glue_7t       0x08016454        0x0 linker stubs
 *(.eh_frame)
 .eh_frame      0x08016454        0x0 C:/ST/STM32CubeIDE_1.18.0/STM32CubeIDE/plugins/com.st.stm32cube.ide.mcu.externaltools.gnu-tools-for-stm32.13.3.rel1.win32_1.0.0.202411081344/tools/bin/../lib/gcc/arm-none-eabi/13.3.1/thumb/v7-m/nofp/crtbegin.o
 *(.init)
 .init          0x08016454        0x4 C:/ST/STM32CubeIDE_1.18.0/STM32CubeIDE/plugins/com.st.stm32cube.ide.mcu.externaltools.gnu-tools-for-stm32.13.3.rel1.win32_1.0.0.202411081344/tools/bin/../lib/gcc/arm-none-eabi/13.3.1/thumb/v7-m/nofp/crti.o
                0x08016454                _init
 .init          0x08016458        0x8 C:/ST/STM32CubeIDE_1.18.0/STM32CubeIDE/plugins/com.st.stm32cube.ide.mcu.externaltools.gnu-tools-for-stm32.13.3.rel1.win32_1.0.0.202411081344/tools/bin/../lib/gcc/arm-none-eabi/13.3.1/thumb/v7-m/nofp/crtn.o
 *(.fini)
 .fini          0x08016460        0x4 C:/ST/STM32CubeIDE_1.18.0/STM32CubeIDE/plugins/com.st.stm32cube.ide.mcu.externaltools.gnu-tools-for-stm32.13.3.rel1.win32_1.0.0.202411081344/tools/bin/../lib/gcc/arm-none-eabi/13.3.1/thumb/v7-m/nofp/crti.o
                0x08016460                _fini
 .fini          0x08016464        0x8 C:/ST/STM32CubeIDE_1.18.0/STM32CubeIDE/plugins/com.st.stm32cube.ide.mcu.externaltools.gnu-tools-for-stm32.13.3.rel1.win32_1.0.0.202411081344/tools/bin/../lib/gcc/arm-none-eabi/13.3.1/thumb/v7-m/nofp/crtn.o
                0x0801646c                        . = ALIGN (0x4)
                0x0801646c                        _etext = .

.vfp11_veneer   0x0801646c        0x0
 .vfp11_veneer  0x0801646c        0x0 linker stubs

.v4_bx          0x0801646c        0x0
 .v4_bx         0x0801646c        0x0 linker stubs

.iplt           0x0801646c        0x0
 .iplt          0x0801646c        0x0 C:/ST/STM32CubeIDE_1.18.0/STM32CubeIDE/plugins/com.st.stm32cube.ide.mcu.externaltools.gnu-tools-for-stm32.13.3.rel1.win32_1.0.0.202411081344/tools/bin/../lib/gcc/arm-none-eabi/13.3.1/thumb/v7-m/nofp/crtbegin.o

.rodata         0x08016470     0x23bc
                0x08016470                        . = ALIGN (0x4)
 *(.rodata)
 .rodata        0x08016470      0x6bd ./Core/Src/command.o
 *fill*         0x08016b2d        0x3 
 .rodata        0x08016b30      0x422 ./Core/Src/comms.o
 *fill*         0x08016f52        0x2 
 .rodata        0x08016f54      0x112 ./Core/Src/fram.o
 *fill*         0x08017066        0x2 
 .rodata        0x08017068       0xae ./Core/Src/main.o
 *fill*         0x08017116        0x2 
 .rodata        0x08017118      0x952 ./Core/Src/photo.o
 *fill*         0x08017a6a        0x2 
 .rodata        0x08017a6c       0xd4 ./Core/Src/sram.o
 .rodata        0x08017b40      0x421 ./Core/Src/status.o
 *fill*         0x08017f61        0x3 
 .rodata        0x08017f64       0xb3 ./Core/Src/telemetry.o
 *(.rodata*)
 *fill*         0x08018017        0x1 
 .rodata.command_table
                0x08018018      0x154 ./Core/Src/command.o
                0x08018018                command_table
 .rodata.confirm_seq.2
                0x0801816c        0x5 ./Core/Src/command.o
 *fill*         0x08018171        0x3 
 .rodata.confirm_seq.1
                0x08018174        0x5 ./Core/Src/command.o
 *fill*         0x08018179        0x3 
 .rodata.confirm_seq.0
                0x0801817c        0x5 ./Core/Src/command.o
 *fill*         0x08018181        0x3 
 .rodata.tjei_default_qt_luma_from_spec
                0x08018184       0x40 ./Core/Src/photo.o
 .rodata.tjei_default_qt_chroma_from_paper
                0x080181c4       0x40 ./Core/Src/photo.o
 .rodata.tjei_default_ht_luma_dc_len
                0x08018204       0x10 ./Core/Src/photo.o
 .rodata.tjei_default_ht_luma_dc
                0x08018214        0xc ./Core/Src/photo.o
 .rodata.tjei_default_ht_chroma_dc_len
                0x08018220       0x10 ./Core/Src/photo.o
 .rodata.tjei_default_ht_chroma_dc
                0x08018230        0xc ./Core/Src/photo.o
 .rodata.tjei_default_ht_luma_ac_len
                0x0801823c       0x10 ./Core/Src/photo.o
 .rodata.tjei_default_ht_luma_ac
                0x0801824c       0xa2 ./Core/Src/photo.o
 *fill*         0x080182ee        0x2 
 .rodata.tjei_default_ht_chroma_ac_len
                0x080182f0       0x10 ./Core/Src/photo.o
 .rodata.tjei_default_ht_chroma_ac
                0x08018300       0xa2 ./Core/Src/photo.o
 *fill*         0x080183a2        0x2 
 .rodata.tjei_zig_zag
                0x080183a4       0x40 ./Core/Src/photo.o
 .rodata.__func__.7
                0x080183e4        0xb ./Core/Src/photo.o
 *fill*         0x080183ef        0x1 
 .rodata.__func__.6
                0x080183f0        0xf ./Core/Src/photo.o
 *fill*         0x080183ff        0x1 
 .rodata.__func__.5
                0x08018400       0x14 ./Core/Src/photo.o
 .rodata.__func__.4
                0x08018414       0x11 ./Core/Src/photo.o
 *fill*         0x08018425        0x3 
 .rodata.__func__.3
                0x08018428       0x1a ./Core/Src/photo.o
 *fill*         0x08018442        0x2 
 .rodata.aan_scales.2
                0x08018444       0x20 ./Core/Src/photo.o
 .rodata.jfif_id.1
                0x08018464        0x5 ./Core/Src/photo.o
 *fill*         0x08018469        0x3 
 .rodata.com_str.0
                0x0801846c       0x1d ./Core/Src/photo.o
 *fill*         0x08018489        0x3 
 .rodata.patterns.0
                0x0801848c        0x8 ./Core/Src/sram.o
 .rodata.AHBPrescTable
                0x08018494       0x10 ./Core/Src/system_stm32f2xx.o
                0x08018494                AHBPrescTable
 .rodata.APBPrescTable
                0x080184a4        0x8 ./Core/Src/system_stm32f2xx.o
                0x080184a4                APBPrescTable
 .rodata.flagBitshiftOffset.0
                0x080184ac        0x8 ./Drivers/STM32F2xx_HAL_Driver/Src/stm32f2xx_hal_dma.o
 .rodata.__assert_func.str1.1
                0x080184b4      0x171 C:/ST/STM32CubeIDE_1.18.0/STM32CubeIDE/plugins/com.st.stm32cube.ide.mcu.externaltools.gnu-tools-for-stm32.13.3.rel1.win32_1.0.0.202411081344/tools/bin/../lib/gcc/arm-none-eabi/13.3.1/../../../../arm-none-eabi/lib/thumb/v7-m/nofp\libc_nano.a(libc_a-assert.o)
                                 0x3d (size before relaxing)
 .rodata._printf_float.str1.1
                0x08018625       0x12 C:/ST/STM32CubeIDE_1.18.0/STM32CubeIDE/plugins/com.st.stm32cube.ide.mcu.externaltools.gnu-tools-for-stm32.13.3.rel1.win32_1.0.0.202411081344/tools/bin/../lib/gcc/arm-none-eabi/13.3.1/../../../../arm-none-eabi/lib/thumb/v7-m/nofp\libc_nano.a(libc_a-nano-vfprintf_float.o)
 .rodata._printf_i.str1.1
                0x08018625       0x22 C:/ST/STM32CubeIDE_1.18.0/STM32CubeIDE/plugins/com.st.stm32cube.ide.mcu.externaltools.gnu-tools-for-stm32.13.3.rel1.win32_1.0.0.202411081344/tools/bin/../lib/gcc/arm-none-eabi/13.3.1/../../../../arm-none-eabi/lib/thumb/v7-m/nofp\libc_nano.a(libc_a-nano-vfprintf_i.o)
 .rodata._dtoa_r.str1.1
                0x08018625       0x8f C:/ST/STM32CubeIDE_1.18.0/STM32CubeIDE/plugins/com.st.stm32cube.ide.mcu.externaltools.gnu-tools-for-stm32.13.3.rel1.win32_1.0.0.202411081344/tools/bin/../lib/gcc/arm-none-eabi/13.3.1/../../../../arm-none-eabi/lib/thumb/v7-m/nofp\libc_nano.a(libc_a-dtoa.o)
 .rodata._Balloc.str1.1
                0x08018625       0x70 C:/ST/STM32CubeIDE_1.18.0/STM32CubeIDE/plugins/com.st.stm32cube.ide.mcu.externaltools.gnu-tools-for-stm32.13.3.rel1.win32_1.0.0.202411081344/tools/bin/../lib/gcc/arm-none-eabi/13.3.1/../../../../arm-none-eabi/lib/thumb/v7-m/nofp\libc_nano.a(libc_a-mprec.o)
 .rodata.__multadd.str1.1
                0x08018625       0x11 C:/ST/STM32CubeIDE_1.18.0/STM32CubeIDE/plugins/com.st.stm32cube.ide.mcu.externaltools.gnu-tools-for-stm32.13.3.rel1.win32_1.0.0.202411081344/tools/bin/../lib/gcc/arm-none-eabi/13.3.1/../../../../arm-none-eabi/lib/thumb/v7-m/nofp\libc_nano.a(libc_a-mprec.o)
 *fill*         0x08018625        0x3 
 .rodata.p05.0  0x08018628        0xc C:/ST/STM32CubeIDE_1.18.0/STM32CubeIDE/plugins/com.st.stm32cube.ide.mcu.externaltools.gnu-tools-for-stm32.13.3.rel1.win32_1.0.0.202411081344/tools/bin/../lib/gcc/arm-none-eabi/13.3.1/../../../../arm-none-eabi/lib/thumb/v7-m/nofp\libc_nano.a(libc_a-mprec.o)
 *fill*         0x08018634        0x4 
 .rodata.__mprec_bigtens
                0x08018638       0x28 C:/ST/STM32CubeIDE_1.18.0/STM32CubeIDE/plugins/com.st.stm32cube.ide.mcu.externaltools.gnu-tools-for-stm32.13.3.rel1.win32_1.0.0.202411081344/tools/bin/../lib/gcc/arm-none-eabi/13.3.1/../../../../arm-none-eabi/lib/thumb/v7-m/nofp\libc_nano.a(libc_a-mprec.o)
                0x08018638                __mprec_bigtens
 .rodata.__mprec_tens
                0x08018660       0xc8 C:/ST/STM32CubeIDE_1.18.0/STM32CubeIDE/plugins/com.st.stm32cube.ide.mcu.externaltools.gnu-tools-for-stm32.13.3.rel1.win32_1.0.0.202411081344/tools/bin/../lib/gcc/arm-none-eabi/13.3.1/../../../../arm-none-eabi/lib/thumb/v7-m/nofp\libc_nano.a(libc_a-mprec.o)
                0x08018660                __mprec_tens
 .rodata._svfprintf_r.str1.1
                0x08018728       0x11 C:/ST/STM32CubeIDE_1.18.0/STM32CubeIDE/plugins/com.st.stm32cube.ide.mcu.externaltools.gnu-tools-for-stm32.13.3.rel1.win32_1.0.0.202411081344/tools/bin/../lib/gcc/arm-none-eabi/13.3.1/../../../../arm-none-eabi/lib/thumb/v7-m/nofp\libc_nano.a(libc_a-nano-svfprintf.o)
 .rodata._vfprintf_r.str1.1
                0x08018728       0x11 C:/ST/STM32CubeIDE_1.18.0/STM32CubeIDE/plugins/com.st.stm32cube.ide.mcu.externaltools.gnu-tools-for-stm32.13.3.rel1.win32_1.0.0.202411081344/tools/bin/../lib/gcc/arm-none-eabi/13.3.1/../../../../arm-none-eabi/lib/thumb/v7-m/nofp\libc_nano.a(libc_a-nano-vfprintf.o)
 .rodata._setlocale_r.str1.1
                0x08018728        0x9 C:/ST/STM32CubeIDE_1.18.0/STM32CubeIDE/plugins/com.st.stm32cube.ide.mcu.externaltools.gnu-tools-for-stm32.13.3.rel1.win32_1.0.0.202411081344/tools/bin/../lib/gcc/arm-none-eabi/13.3.1/../../../../arm-none-eabi/lib/thumb/v7-m/nofp\libc_nano.a(libc_a-locale.o)
 .rodata.str1.1
                0x08018728        0x2 C:/ST/STM32CubeIDE_1.18.0/STM32CubeIDE/plugins/com.st.stm32cube.ide.mcu.externaltools.gnu-tools-for-stm32.13.3.rel1.win32_1.0.0.202411081344/tools/bin/../lib/gcc/arm-none-eabi/13.3.1/../../../../arm-none-eabi/lib/thumb/v7-m/nofp\libc_nano.a(libc_a-locale.o)
 .rodata._ctype_
                0x08018728      0x101 C:/ST/STM32CubeIDE_1.18.0/STM32CubeIDE/plugins/com.st.stm32cube.ide.mcu.externaltools.gnu-tools-for-stm32.13.3.rel1.win32_1.0.0.202411081344/tools/bin/../lib/gcc/arm-none-eabi/13.3.1/../../../../arm-none-eabi/lib/thumb/v7-m/nofp\libc_nano.a(libc_a-ctype_.o)
                0x08018728                _ctype_
                0x0801882c                        . = ALIGN (0x4)
 *fill*         0x08018829        0x3 

.ARM.extab      0x0801882c        0x0
                0x0801882c                        . = ALIGN (0x4)
 *(.ARM.extab* .gnu.linkonce.armextab.*)