Archive member included to satisfy reference by file (symbol)

C:/ST/STM32CubeIDE_1.18.0/STM32CubeIDE/plugins/com.st.stm32cube.ide.mcu.externaltools.gnu-tools-for-stm32.13.3.rel1.win32_1.0.0.202411081344/tools/bin/../lib/gcc/arm-none-eabi/13.3.1/../../../../arm-none-eabi/lib/thumb/v7-m/nofp\libc_nano.a(libc_a-assert.o)
                              ./Core/Src/photo.o (__assert_func)
C:/ST/STM32CubeIDE_1.18.0/STM32CubeIDE/plugins/com.st.stm32cube.ide.mcu.externaltools.gnu-tools-for-stm32.13.3.rel1.win32_1.0.0.202411081344/tools/bin/../lib/gcc/arm-none-eabi/13.3.1/../../../../arm-none-eabi/lib/thumb/v7-m/nofp\libc_nano.a(libc_a-exit.o)
                              C:/ST/STM32CubeIDE_1.18.0/STM32CubeIDE/plugins/com.st.stm32cube.ide.mcu.externaltools.gnu-tools-for-stm32.13.3.rel1.win32_1.0.0.202411081344/tools/bin/../lib/gcc/arm-none-eabi/13.3.1/../../../../arm-none-eabi/lib/thumb/v7-m/nofp/crt0.o (exit)
C:/ST/STM32CubeIDE_1.18.0/STM32CubeIDE/plugins/com.st.stm32cube.ide.mcu.externaltools.gnu-tools-for-stm32.13.3.rel1.win32_1.0.0.202411081344/tools/bin/../lib/gcc/arm-none-eabi/13.3.1/../../../../arm-none-eabi/lib/thumb/v7-m/nofp\libc_nano.a(libc_a-findfp.o)
                              C:/ST/STM32CubeIDE_1.18.0/STM32CubeIDE/plugins/com.st.stm32cube.ide.mcu.externaltools.gnu-tools-for-stm32.13.3.rel1.win32_1.0.0.202411081344/tools/bin/../lib/gcc/arm-none-eabi/13.3.1/../../../../arm-none-eabi/lib/thumb/v7-m/nofp\libc_nano.a(libc_a-exit.o) (__stdio_exit_handler)
C:/ST/STM32CubeIDE_1.18.0/STM32CubeIDE/plugins/com.st.stm32cube.ide.mcu.externaltools.gnu-tools-for-stm32.13.3.rel1.win32_1.0.0.202411081344/tools/bin/../lib/gcc/arm-none-eabi/13.3.1/../../../../arm-none-eabi/lib/thumb/v7-m/nofp\libc_nano.a(libc_a-fprintf.o)
                              C:/ST/STM32CubeIDE_1.18.0/STM32CubeIDE/plugins/com.st.stm32cube.ide.mcu.externaltools.gnu-tools-for-stm32.13.3.rel1.win32_1.0.0.202411081344/tools/bin/../lib/gcc/arm-none-eabi/13.3.1/../../../../arm-none-eabi/lib/thumb/v7-m/nofp\libc_nano.a(libc_a-assert.o) (fiprintf)
C:/ST/STM32CubeIDE_1.18.0/STM32CubeIDE/plugins/com.st.stm32cube.ide.mcu.externaltools.gnu-tools-for-stm32.13.3.rel1.win32_1.0.0.202411081344/tools/bin/../lib/gcc/arm-none-eabi/13.3.1/../../../../arm-none-eabi/lib/thumb/v7-m/nofp\libc_nano.a(libc_a-fwalk.o)
                              C:/ST/STM32CubeIDE_1.18.0/STM32CubeIDE/plugins/com.st.stm32cube.ide.mcu.externaltools.gnu-tools-for-stm32.13.3.rel1.win32_1.0.0.202411081344/tools/bin/../lib/gcc/arm-none-eabi/13.3.1/../../../../arm-none-eabi/lib/thumb/v7-m/nofp\libc_nano.a(libc_a-findfp.o) (_fwalk_sglue)
C:/ST/STM32CubeIDE_1.18.0/STM32CubeIDE/plugins/com.st.stm32cube.ide.mcu.externaltools.gnu-tools-for-stm32.13.3.rel1.win32_1.0.0.202411081344/tools/bin/../lib/gcc/arm-none-eabi/13.3.1/../../../../arm-none-eabi/lib/thumb/v7-m/nofp\libc_nano.a(libc_a-snprintf.o)
                              ./Core/Src/sram.o (snprintf)
C:/ST/STM32CubeIDE_1.18.0/STM32CubeIDE/plugins/com.st.stm32cube.ide.mcu.externaltools.gnu-tools-for-stm32.13.3.rel1.win32_1.0.0.202411081344/tools/bin/../lib/gcc/arm-none-eabi/13.3.1/../../../../arm-none-eabi/lib/thumb/v7-m/nofp\libc_nano.a(libc_a-sprintf.o)
                              ./Core/Src/command.o (sprintf)
C:/ST/STM32CubeIDE_1.18.0/STM32CubeIDE/plugins/com.st.stm32cube.ide.mcu.externaltools.gnu-tools-for-stm32.13.3.rel1.win32_1.0.0.202411081344/tools/bin/../lib/gcc/arm-none-eabi/13.3.1/../../../../arm-none-eabi/lib/thumb/v7-m/nofp\libc_nano.a(libc_a-stdio.o)
                              C:/ST/STM32CubeIDE_1.18.0/STM32CubeIDE/plugins/com.st.stm32cube.ide.mcu.externaltools.gnu-tools-for-stm32.13.3.rel1.win32_1.0.0.202411081344/tools/bin/../lib/gcc/arm-none-eabi/13.3.1/../../../../arm-none-eabi/lib/thumb/v7-m/nofp\libc_nano.a(libc_a-findfp.o) (__sread)
C:/ST/STM32CubeIDE_1.18.0/STM32CubeIDE/plugins/com.st.stm32cube.ide.mcu.externaltools.gnu-tools-for-stm32.13.3.rel1.win32_1.0.0.202411081344/tools/bin/../lib/gcc/arm-none-eabi/13.3.1/../../../../arm-none-eabi/lib/thumb/v7-m/nofp\libc_nano.a(libc_a-memset.o)
                              C:/ST/STM32CubeIDE_1.18.0/STM32CubeIDE/plugins/com.st.stm32cube.ide.mcu.externaltools.gnu-tools-for-stm32.13.3.rel1.win32_1.0.0.202411081344/tools/bin/../lib/gcc/arm-none-eabi/13.3.1/../../../../arm-none-eabi/lib/thumb/v7-m/nofp/crt0.o (memset)
C:/ST/STM32CubeIDE_1.18.0/STM32CubeIDE/plugins/com.st.stm32cube.ide.mcu.externaltools.gnu-tools-for-stm32.13.3.rel1.win32_1.0.0.202411081344/tools/bin/../lib/gcc/arm-none-eabi/13.3.1/../../../../arm-none-eabi/lib/thumb/v7-m/nofp\libc_nano.a(libc_a-strcat.o)
                              ./Core/Src/sram.o (strcat)
C:/ST/STM32CubeIDE_1.18.0/STM32CubeIDE/plugins/com.st.stm32cube.ide.mcu.externaltools.gnu-tools-for-stm32.13.3.rel1.win32_1.0.0.202411081344/tools/bin/../lib/gcc/arm-none-eabi/13.3.1/../../../../arm-none-eabi/lib/thumb/v7-m/nofp\libc_nano.a(libc_a-closer.o)
[...]
Memory Configuration

Name             Origin             Length             Attributes
RAM              0x20000000         0x00020000         xrw
FLASH            0x08000000         0x00100000         xr
*default*        0x00000000         0xffffffff

Linker script and memory map

LOAD C:/ST/STM32CubeIDE_1.18.0/STM32CubeIDE/plugins/com.st.stm32cube.ide.mcu.externaltools.gnu-tools-for-stm32.13.3.rel1.win32_1.0.0.202411081344/tools/bin/../lib/gcc/arm-none-eabi/13.3.1/thumb/v7-m/nofp/crti.o
LOAD C:/ST/STM32CubeIDE_1.18.0/STM32CubeIDE/plugins/com.st.stm32cube.ide.mcu.externaltools.gnu-tools-for-stm32.13.3.rel1.win32_1.0.0.202411081344/tools/bin/../lib/gcc/arm-none-eabi/13.3.1/thumb/v7-m/nofp/crtbegin.o
LOAD C:/ST/STM32CubeIDE_1.18.0/STM32CubeIDE/plugins/com.st.stm32cube.ide.mcu.externaltools.gnu-tools-for-stm32.13.3.rel1.win32_1.0.0.202411081344/tools/bin/../lib/gcc/arm-none-eabi/13.3.1/../../../../arm-none-eabi/lib/thumb/v7-m/nofp/crt0.o
LOAD ./Core/Src/command.o
LOAD ./Core/Src/comms.o
LOAD ./Core/Src/fram.o
LOAD ./Core/Src/gpio.o
LOAD ./Core/Src/irq.o
LOAD ./Core/Src/main.o
LOAD ./Core/Src/photo.o
LOAD ./Core/Src/sram.o
LOAD ./Core/Src/status.o
LOAD ./Core/Src/stm32f2xx_hal_msp.o
LOAD ./Core/Src/stm32f2xx_it.o
LOAD ./Core/Src/syscalls.o
LOAD ./Core/Src/sysmem.o
LOAD ./Core/Src/system_stm32f2xx.o
LOAD ./Core/Startup/startup_stm32f217zgtx.o
LOAD ./Drivers/STM32F2xx_HAL_Driver/Src/stm32f2xx_hal.o
LOAD ./Drivers/STM32F2xx_HAL_Driver/Src/stm32f2xx_hal_cortex.o
LOAD ./Drivers/STM32F2xx_HAL_Driver/Src/stm32f2xx_hal_dcmi.o
LOAD ./Drivers/STM32F2xx_HAL_Driver/Src/stm32f2xx_hal_dma.o
LOAD ./Drivers/STM32F2xx_HAL_Driver/Src/stm32f2xx_hal_dma_ex.o
LOAD ./Drivers/STM32F2xx_HAL_Driver/Src/stm32f2xx_hal_exti.o
LOAD ./Drivers/STM32F2xx_HAL_Driver/Src/stm32f2xx_hal_flash.o
LOAD ./Drivers/STM32F2xx_HAL_Driver/Src/stm32f2xx_hal_flash_ex.o
LOAD ./Drivers/STM32F2xx_HAL_Driver/Src/stm32f2xx_hal_gpio.o
LOAD ./Drivers/STM32F2xx_HAL_Driver/Src/stm32f2xx_hal_i2c.o
LOAD ./Drivers/STM32F2xx_HAL_Driver/Src/stm32f2xx_hal_iwdg.o
LOAD ./Drivers/STM32F2xx_HAL_Driver/Src/stm32f2xx_hal_nand.o
LOAD ./Drivers/STM32F2xx_HAL_Driver/Src/stm32f2xx_hal_nor.o
LOAD ./Drivers/STM32F2xx_HAL_Driver/Src/stm32f2xx_hal_pccard.o
LOAD ./Drivers/STM32F2xx_HAL_Driver/Src/stm32f2xx_hal_pwr.o
LOAD ./Drivers/STM32F2xx_HAL_Driver/Src/stm32f2xx_hal_pwr_ex.o
LOAD ./Drivers/STM32F2xx_HAL_Driver/Src/stm32f2xx_hal_rcc.o
LOAD ./Drivers/STM32F2xx_HAL_Driver/Src/stm32f2xx_hal_rcc_ex.o
LOAD ./Drivers/STM32F2xx_HAL_Driver/Src/stm32f2xx_hal_spi.o
LOAD ./Drivers/STM32F2xx_HAL_Driver/Src/stm32f2xx_hal_sram.o
LOAD ./Drivers/STM32F2xx_HAL_Driver/Src/stm32f2xx_hal_tim.o
LOAD ./Drivers/STM32F2xx_HAL_Driver/Src/stm32f2xx_hal_tim_ex.o
LOAD ./Drivers/STM32F2xx_HAL_Driver/Src/stm32f2xx_hal_uart.o
LOAD ./Drivers/STM32F2xx_HAL_Driver/Src/stm32f2xx_ll_fsmc.o
START GROUP
LOAD C:/ST/STM32CubeIDE_1.18.0/STM32CubeIDE/plugins/com.st.stm32cube.ide.mcu.externaltools.gnu-tools-for-stm32.13.3.rel1.win32_1.0.0.202411081344/tools/bin/../lib/gcc/arm-none-eabi/13.3.1/../../../../arm-none-eabi/lib/thumb/v7-m/nofp\libstdc++_nano.a
LOAD C:/ST/STM32CubeIDE_1.18.0/STM32CubeIDE/plugins/com.st.stm32cube.ide.mcu.externaltools.gnu-tools-for-stm32.13.3.rel1.win32_1.0.0.202411081344/tools/bin/../lib/gcc/arm-none-eabi/13.3.1/../../../../arm-none-eabi/lib/thumb/v7-m/nofp\libsupc++_nano.a
END GROUP
LOAD C:/ST/STM32CubeIDE_1.18.0/STM32CubeIDE/plugins/com.st.stm32cube.ide.mcu.externaltools.gnu-tools-for-stm32.13.3.rel1.win32_1.0.0.202411081344/tools/bin/../lib/gcc/arm-none-eabi/13.3.1/../../../../arm-none-eabi/lib/thumb/v7-m/nofp\libstdc++_nano.a
LOAD C:/ST/STM32CubeIDE_1.18.0/STM32CubeIDE/plugins/com.st.stm32cube.ide.mcu.externaltools.gnu-tools-for-stm32.13.3.rel1.win32_1.0.0.202411081344/tools/bin/../lib/gcc/arm-none-eabi/13.3.1/../../../../arm-none-eabi/lib/thumb/v7-m/nofp\libm.a
LOAD C:/ST/STM32CubeIDE_1.18.0/STM32CubeIDE/plugins/com.st.stm32cube.ide.mcu.externaltools.gnu-tools-for-stm32.13.3.rel1.win32_1.0.0.202411081344/tools/bin/../lib/gcc/arm-none-eabi/13.3.1/../../../../arm-none-eabi/lib/thumb/v7-m/nofp\libc_nano.a
START GROUP
LOAD C:/ST/STM32CubeIDE_1.18.0/STM32CubeIDE/plugins/com.st.stm32cube.ide.mcu.externaltools.gnu-tools-for-stm32.13.3.rel1.win32_1.0.0.202411081344/tools/bin/../lib/gcc/arm-none-eabi/13.3.1/thumb/v7-m/nofp\libgcc.a
LOAD C:/ST/STM32CubeIDE_1.18.0/STM32CubeIDE/plugins/com.st.stm32cube.ide.mcu.externaltools.gnu-tools-for-stm32.13.3.rel1.win32_1.0.0.202411081344/tools/bin/../lib/gcc/arm-none-eabi/13.3.1/../../../../arm-none-eabi/lib/thumb/v7-m/nofp\libc_nano.a
END GROUP
START GROUP
LOAD C:/ST/STM32CubeIDE_1.18.0/STM32CubeIDE/plugins/com.st.stm32cube.ide.mcu.externaltools.gnu-tools-for-stm32.13.3.rel1.win32_1.0.0.202411081344/tools/bin/../lib/gcc/arm-none-eabi/13.3.1/thumb/v7-m/nofp\libgcc.a
LOAD C:/ST/STM32CubeIDE_1.18.0/STM32CubeIDE/plugins/com.st.stm32cube.ide.mcu.externaltools.gnu-tools-for-stm32.13.3.rel1.win32_1.0.0.202411081344/tools/bin/../lib/gcc/arm-none-eabi/13.3.1/../../../../arm-none-eabi/lib/thumb/v7-m/nofp\libc_nano.a
LOAD C:/ST/STM32CubeIDE_1.18.0/STM32CubeIDE/plugins/com.st.stm32cube.ide.mcu.externaltools.gnu-tools-for-stm32.13.3.rel1.win32_1.0.0.202411081344/tools/bin/../lib/gcc/arm-none-eabi/13.3.1/../../../../arm-none-eabi/lib/thumb/v7-m/nofp\libnosys.a
END GROUP
START GROUP
LOAD C:/ST/STM32CubeIDE_1.18.0/STM32CubeIDE/plugins/com.st.stm32cube.ide.mcu.externaltools.gnu-tools-for-stm32.13.3.rel1.win32_1.0.0.202411081344/tools/bin/../lib/gcc/arm-none-eabi/13.3.1/thumb/v7-m/nofp\libgcc.a
LOAD C:/ST/STM32CubeIDE_1.18.0/STM32CubeIDE/plugins/com.st.stm32cube.ide.mcu.externaltools.gnu-tools-for-stm32.13.3.rel1.win32_1.0.0.202411081344/tools/bin/../lib/gcc/arm-none-eabi/13.3.1/../../../../arm-none-eabi/lib/thumb/v7-m/nofp\libc_nano.a
LOAD C:/ST/STM32CubeIDE_1.18.0/STM32CubeIDE/plugins/com.st.stm32cube.ide.mcu.externaltools.gnu-tools-for-stm32.13.3.rel1.win32_1.0.0.202411081344/tools/bin/../lib/gcc/arm-none-eabi/13.3.1/../../../../arm-none-eabi/lib/thumb/v7-m/nofp\libnosys.a
END GROUP
LOAD C:/ST/STM32CubeIDE_1.18.0/STM32CubeIDE/plugins/com.st.stm32cube.ide.mcu.externaltools.gnu-tools-for-stm32.13.3.rel1.win32_1.0.0.202411081344/tools/bin/../lib/gcc/arm-none-eabi/13.3.1/thumb/v7-m/nofp/crtend.o
LOAD C:/ST/STM32CubeIDE_1.18.0/STM32CubeIDE/plugins/com.st.stm32cube.ide.mcu.externaltools.gnu-tools-for-stm32.13.3.rel1.win32_1.0.0.202411081344/tools/bin/../lib/gcc/arm-none-eabi/13.3.1/thumb/v7-m/nofp/crtn.o
                0x20020000                        _estack = (ORIGIN (RAM) + LENGTH (RAM))
                0x00000200                        _Min_Heap_Size = 0x200
                0x00000400                        _Min_Stack_Size = 0x400

.isr_vector     0x08000000      0x184
                0x08000000                        . = ALIGN (0x4)
 *(.isr_vector)
 .isr_vector    0x08000000      0x184 ./Core/Startup/startup_stm32f217zgtx.o
                0x08000000                g_pfnVectors
                0x08000184                        . = ALIGN (0x4)

.text           0x08000184     0xcf70
                0x08000184                        . = ALIGN (0x4)
 *(.text)
 .text          0x08000184       0x40 C:/ST/STM32CubeIDE_1.18.0/STM32CubeIDE/plugins/com.st.stm32cube.ide.mcu.externaltools.gnu-tools-for-stm32.13.3.rel1.win32_1.0.0.202411081344/tools/bin/../lib/gcc/arm-none-eabi/13.3.1/thumb/v7-m/nofp/crtbegin.o
 .text          0x080001c4       0x10 C:/ST/STM32CubeIDE_1.18.0/STM32CubeIDE/plugins/com.st.stm32cube.ide.mcu.externaltools.gnu-tools-for-stm32.13.3.rel1.win32_1.0.0.202411081344/tools/bin/../lib/gcc/arm-none-eabi/13.3.1/../../../../arm-none-eabi/lib/thumb/v7-m/nofp\libc_nano.a(libc_a-strlen.o)
                0x080001c4                strlen
 .text          0x080001d4      0x21c C:/ST/STM32CubeIDE_1.18.0/STM32CubeIDE/plugins/com.st.stm32cube.ide.mcu.externaltools.gnu-tools-for-stm32.13.3.rel1.win32_1.0.0.202411081344/tools/bin/../lib/gcc/arm-none-eabi/13.3.1/thumb/v7-m/nofp\libgcc.a(_arm_addsubsf3.o)
                0x080001d4                __aeabi_frsub
                0x080001dc                __subsf3
                0x080001dc                __aeabi_fsub
                0x080001e0                __aeabi_fadd
                0x080001e0                __addsf3
                0x08000340                __aeabi_ui2f
                0x08000340                __floatunsisf
                0x08000348                __aeabi_i2f
                0x08000348                __floatsisf
                0x08000364                __aeabi_ul2f
                0x08000364                __floatundisf
                0x08000374                __aeabi_l2f
                0x08000374                __floatdisf
 .text          0x080003f0      0x2a0 C:/ST/STM32CubeIDE_1.18.0/STM32CubeIDE/plugins/com.st.stm32cube.ide.mcu.externaltools.gnu-tools-for-stm32.13.3.rel1.win32_1.0.0.202411081344/tools/bin/../lib/gcc/arm-none-eabi/13.3.1/thumb/v7-m/nofp\libgcc.a(_arm_muldivsf3.o)
                0x080003f0                __mulsf3
                0x080003f0                __aeabi_fmul
                0x08000558                __aeabi_fdiv
                0x08000558                __divsf3
 .text          0x08000690       0xec C:/ST/STM32CubeIDE_1.18.0/STM32CubeIDE/plugins/com.st.stm32cube.ide.mcu.externaltools.gnu-tools-for-stm32.13.3.rel1.win32_1.0.0.202411081344/tools/bin/../lib/gcc/arm-none-eabi/13.3.1/thumb/v7-m/nofp\libgcc.a(_arm_cmpsf2.o)
                0x08000690                __gesf2
                0x08000690                __gtsf2
                0x08000698                __lesf2
                0x08000698                __ltsf2
                0x080006a0                __nesf2
                0x080006a0                __eqsf2
                0x080006a0                __cmpsf2
                0x08000700                __aeabi_cfrcmple
                0x08000708                __aeabi_cfcmpeq
                0x08000708                __aeabi_cfcmple
                0x08000718                __aeabi_fcmpeq
                0x0800072c                __aeabi_fcmplt
                0x08000740                __aeabi_fcmple
                0x08000754                __aeabi_fcmpge
                0x08000768                __aeabi_fcmpgt
 .text          0x0800077c       0x4c C:/ST/STM32CubeIDE_1.18.0/STM32CubeIDE/plugins/com.st.stm32cube.ide.mcu.externaltools.gnu-tools-for-stm32.13.3.rel1.win32_1.0.0.202411081344/tools/bin/../lib/gcc/arm-none-eabi/13.3.1/thumb/v7-m/nofp\libgcc.a(_arm_fixsfsi.o)
                0x0800077c                __aeabi_f2iz
                0x0800077c                __fixsfsi
 .text          0x080007c8       0x30 C:/ST/STM32CubeIDE_1.18.0/STM32CubeIDE/plugins/com.st.stm32cube.ide.mcu.externaltools.gnu-tools-for-stm32.13.3.rel1.win32_1.0.0.202411081344/tools/bin/../lib/gcc/arm-none-eabi/13.3.1/thumb/v7-m/nofp\libgcc.a(_aeabi_uldivmod.o)
                0x080007c8                __aeabi_uldivmod
 .text          0x080007f8      0x300 C:/ST/STM32CubeIDE_1.18.0/STM32CubeIDE/plugins/com.st.stm32cube.ide.mcu.externaltools.gnu-tools-for-stm32.13.3.rel1.win32_1.0.0.202411081344/tools/bin/../lib/gcc/arm-none-eabi/13.3.1/thumb/v7-m/nofp\libgcc.a(_udivmoddi4.o)
                0x080007f8                __udivmoddi4
 .text          0x08000af8        0x4 C:/ST/STM32CubeIDE_1.18.0/STM32CubeIDE/plugins/com.st.stm32cube.ide.mcu.externaltools.gnu-tools-for-stm32.13.3.rel1.win32_1.0.0.202411081344/tools/bin/../lib/gcc/arm-none-eabi/13.3.1/thumb/v7-m/nofp\libgcc.a(_dvmd_tls.o)
                0x08000af8                __aeabi_idiv0
                0x08000af8                __aeabi_ldiv0
 *(.text*)
 .text.ReturnCode
                0x08000afc       0xe4 ./Core/Src/command.o
                0x08000afc                ReturnCode
 .text.GetCommand
                0x08000be0       0x54 ./Core/Src/command.o
                0x08000be0                GetCommand
 .text.ExecuteCommand
                0x08000c34       0x78 ./Core/Src/command.o
                0x08000c34                ExecuteCommand
 .text.CMD_TakePicture
                0x08000cac       0x98 ./Core/Src/command.o
                0x08000cac                CMD_TakePicture
 .text.CMD_TakePictureDelayed
                0x08000d44       0x60 ./Core/Src/command.o
                0x08000d44                CMD_TakePictureDelayed
 .text.CMD_GetStatus
                0x08000da4       0x30 ./Core/Src/command.o
                0x08000da4                CMD_GetStatus
 .text.CMD_DumpPictureFrame
                0x08000dd4       0x20 ./Core/Src/command.o
                0x08000dd4                CMD_DumpPictureFrame
 .text.CMD_ChangeCamParams
                0x08000df4       0x48 ./Core/Src/command.o
                0x08000df4                CMD_ChangeCamParams
 .text.CMD_CompressRawPhoto
                0x08000e3c       0x32 ./Core/Src/command.o
                0x08000e3c                CMD_CompressRawPhoto
 .text.CMD_EraseFRAM
                0x08000e6e       0x16 ./Core/Src/command.o
                0x08000e6e                CMD_EraseFRAM
 .text.Log      0x08000e84       0xdc ./Core/Src/comms.o
                0x08000e84                Log
 .text.ClearTxBuffer
                0x08000f60       0x30 ./Core/Src/comms.o
                0x08000f60                ClearTxBuffer
 .text.TransmitBufferRS485
                0x08000f90       0x58 ./Core/Src/comms.o
                0x08000f90                TransmitBufferRS485
 .text.ResetLS02
                0x08000fe8       0x2c ./Core/Src/comms.o
                0x08000fe8                ResetLS02
 .text.LoadInstructionBuffer
                0x08001014      0x178 ./Core/Src/comms.o
                0x08001014                LoadInstructionBuffer
 .text.HandleIncomingCommand
                0x0800118c       0xb4 ./Core/Src/comms.o
                0x0800118c                HandleIncomingCommand
 .text.DisableRS485
                0x08001240       0x2c ./Core/Src/comms.o
                0x08001240                DisableRS485
 .text.EnableListenRS485
                0x0800126c       0x34 ./Core/Src/comms.o
                0x0800126c                EnableListenRS485
 .text.PollUSSReset
                0x080012a0       0x2c ./Core/Src/comms.o
                0x080012a0                PollUSSReset
 .text.FRAM_WriteByte
                0x080012cc       0x90 ./Core/Src/fram.o
                0x080012cc                FRAM_WriteByte
 .text.FRAM_ReadByte
                0x0800135c       0x70 ./Core/Src/fram.o
                0x0800135c                FRAM_ReadByte
 .text.TestFRAM
                0x080013cc       0xec ./Core/Src/fram.o
                0x080013cc                TestFRAM
 .text.SaveBoardStatusFRAM
                0x080014b8       0x3c ./Core/Src/fram.o
                0x080014b8                SaveBoardStatusFRAM
 .text.LoadBoardStatusFRAM
                0x080014f4       0xa0 ./Core/Src/fram.o
                0x080014f4                LoadBoardStatusFRAM
 .text.EraseFRAMOnNextBoot
                0x08001594       0x14 ./Core/Src/fram.o
                0x08001594                EraseFRAMOnNextBoot
 .text.GPIO_Init
                0x080015a8       0x88 ./Core/Src/gpio.o
                0x080015a8                GPIO_Init
 .text.HAL_UARTEx_RxEventCallback
                0x08001630       0x3c ./Core/Src/irq.o
                0x08001630                HAL_UARTEx_RxEventCallback
 .text.HAL_DCMI_FrameEventCallback
                0x0800166c       0x24 ./Core/Src/irq.o
                0x0800166c                HAL_DCMI_FrameEventCallback
 .text.main     0x08001690      0x270 ./Core/Src/main.o
                0x08001690                main
 .text.SystemClock_Config
                0x08001900       0x92 ./Core/Src/main.o
                0x08001900                SystemClock_Config
 *fill*         0x08001992        0x2 
 .text.MX_DCMI_Init
                0x08001994       0x70 ./Core/Src/main.o
 .text.MX_I2C2_Init
                0x08001a04       0x5c ./Core/Src/main.o
 .text.MX_IWDG_Init
                0x08001a60       0x34 ./Core/Src/main.o
 .text.MX_SPI2_Init
                0x08001a94       0x6c ./Core/Src/main.o
 .text.MX_TIM11_Init
                0x08001b00       0x98 ./Core/Src/main.o
 .text.MX_UART4_Init
                0x08001b98       0x54 ./Core/Src/main.o
 .text.MX_USART1_UART_Init
                0x08001bec       0x54 ./Core/Src/main.o
 .text.MX_DMA_Init
                0x08001c40       0x40 ./Core/Src/main.o
 .text.MX_GPIO_Init
                0x08001c80      0x1f0 ./Core/Src/main.o
 .text.MX_FSMC_Init
                0x08001e70       0xb8 ./Core/Src/main.o
 .text.Error_Handler
                0x08001f28        0xc ./Core/Src/main.o
                0x08001f28                Error_Handler
 .text.floorf_custom
                0x08001f34       0x56 ./Core/Src/photo.o
 .text.tjei_be_word
                0x08001f8a       0x2a ./Core/Src/photo.o
 .text.tjei_write
                0x08001fb4       0xd0 ./Core/Src/photo.o
 .text.tjei_write_DQT
                0x08002084       0x88 ./Core/Src/photo.o
 .text.tjei_write_DHT
                0x0800210c       0xec ./Core/Src/photo.o
 .text.tjei_huff_get_code_lengths
                0x080021f8       0x68 ./Core/Src/photo.o
 .text.tjei_huff_get_codes
                0x08002260       0xa0 ./Core/Src/photo.o
 .text.tjei_huff_get_extended
                0x08002300       0x66 ./Core/Src/photo.o
 .text.tjei_calculate_variable_length_int
                0x08002366       0x6e ./Core/Src/photo.o
 .text.tjei_write_bits
                0x080023d4       0x8e ./Core/Src/photo.o
 *fill*         0x08002462        0x2 
 .text.tjei_fdct
                0x08002464      0x4a0 ./Core/Src/photo.o
 .text.tjei_encode_and_write_MCU
                0x08002904      0x3f0 ./Core/Src/photo.o
 .text.tjei_huff_expand
                0x08002cf4      0x2cc ./Core/Src/photo.o
 .text.tjei_encode_main
                0x08002fc0      0xb14 ./Core/Src/photo.o
 .text.tjei_memory_func
                0x08003ad4       0x4e ./Core/Src/photo.o
 *fill*         0x08003b22        0x2 
 .text.tje_encode_to_memory
                0x08003b24       0x60 ./Core/Src/photo.o
                0x08003b24                tje_encode_to_memory
 .text.tje_encode_with_func
                0x08003b84      0x2e4 ./Core/Src/photo.o
                0x08003b84                tje_encode_with_func
 .text.CAM_ResetAssert
                0x08003e68       0x18 ./Core/Src/photo.o
                0x08003e68                CAM_ResetAssert
 .text.CAM_ResetRelease
                0x08003e80       0x18 ./Core/Src/photo.o
                0x08003e80                CAM_ResetRelease
 .text.ActivateCAMB
                0x08003e98      0x130 ./Core/Src/photo.o
                0x08003e98                ActivateCAMB
 .text.DeactivateCAMB
                0x08003fc8       0x68 ./Core/Src/photo.o
                0x08003fc8                DeactivateCAMB
 .text.CAM_WaitDoorbell
                0x08004030       0x78 ./Core/Src/photo.o
                0x08004030                CAM_WaitDoorbell
 .text.CAM_ChangeConfig
                0x080040a8       0x3a ./Core/Src/photo.o
                0x080040a8                CAM_ChangeConfig
 .text.CAM_GetState
                0x080040e2       0x4a ./Core/Src/photo.o
                0x080040e2                CAM_GetState
 .text.CAM_WriteReg
                0x0800412c       0x4c ./Core/Src/photo.o
                0x0800412c                CAM_WriteReg
 .text.CAM_ReadReg
                0x08004178       0x58 ./Core/Src/photo.o
                0x08004178                CAM_ReadReg
 .text.CAM_Init
                0x080041d0      0x438 ./Core/Src/photo.o
                0x080041d0                CAM_Init
 .text.Photo_CaptureRaw
                0x08004608      0x290 ./Core/Src/photo.o
                0x08004608                Photo_CaptureRaw
 .text.InitCamParams
                0x08004898       0x18 ./Core/Src/photo.o
                0x08004898                InitCamParams
 .text.CompressRawPhoto
                0x080048b0       0x80 ./Core/Src/photo.o
                0x080048b0                CompressRawPhoto
 .text.AssignSRAMMemory
                0x08004930      0x15c ./Core/Src/sram.o
                0x08004930                AssignSRAMMemory
 .text.DumpRawBuffer
                0x08004a8c      0x174 ./Core/Src/sram.o
                0x08004a8c                DumpRawBuffer
 .text.UpdateStatus
                0x08004c00       0x30 ./Core/Src/status.o
                0x08004c00                UpdateStatus
 .text.LogBoardStatus
                0x08004c30       0x3c ./Core/Src/status.o
                0x08004c30                LogBoardStatus
 .text.HAL_MspInit
                0x08004c6c       0x4c ./Core/Src/stm32f2xx_hal_msp.o
                0x08004c6c                HAL_MspInit
 .text.HAL_DCMI_MspInit
                0x08004cb8      0x1e4 ./Core/Src/stm32f2xx_hal_msp.o
                0x08004cb8                HAL_DCMI_MspInit
 .text.HAL_I2C_MspInit
                0x08004e9c       0x90 ./Core/Src/stm32f2xx_hal_msp.o
                0x08004e9c                HAL_I2C_MspInit
 .text.HAL_SPI_MspInit
                0x08004f2c       0x90 ./Core/Src/stm32f2xx_hal_msp.o
                0x08004f2c                HAL_SPI_MspInit
 .text.HAL_TIM_Base_MspInit
                0x08004fbc       0x40 ./Core/Src/stm32f2xx_hal_msp.o
                0x08004fbc                HAL_TIM_Base_MspInit
 .text.HAL_TIM_MspPostInit
                0x08004ffc       0x74 ./Core/Src/stm32f2xx_hal_msp.o
                0x08004ffc                HAL_TIM_MspPostInit
 .text.HAL_UART_MspInit
                0x08005070      0x108 ./Core/Src/stm32f2xx_hal_msp.o
                0x08005070                HAL_UART_MspInit
 .text.HAL_FSMC_MspInit
                0x08005178       0xe0 ./Core/Src/stm32f2xx_hal_msp.o
 .text.HAL_SRAM_MspInit
                0x08005258       0x14 ./Core/Src/stm32f2xx_hal_msp.o
                0x08005258                HAL_SRAM_MspInit
 .text.NMI_Handler
                0x0800526c        0x8 ./Core/Src/stm32f2xx_it.o
                0x0800526c                NMI_Handler
 .text.HardFault_Handler
                0x08005274        0x8 ./Core/Src/stm32f2xx_it.o
                0x08005274                HardFault_Handler
 .text.MemManage_Handler
                0x0800527c        0x8 ./Core/Src/stm32f2xx_it.o
                0x0800527c                MemManage_Handler
 .text.BusFault_Handler
                0x08005284        0x8 ./Core/Src/stm32f2xx_it.o
                0x08005284                BusFault_Handler
 .text.UsageFault_Handler
                0x0800528c        0x8 ./Core/Src/stm32f2xx_it.o
                0x0800528c                UsageFault_Handler
 .text.SVC_Handler
                0x08005294        0xc ./Core/Src/stm32f2xx_it.o
                0x08005294                SVC_Handler
 .text.DebugMon_Handler
                0x080052a0        0xc ./Core/Src/stm32f2xx_it.o
                0x080052a0                DebugMon_Handler
 .text.PendSV_Handler
                0x080052ac        0xc ./Core/Src/stm32f2xx_it.o
                0x080052ac                PendSV_Handler
 .text.SysTick_Handler
                0x080052b8        0xc ./Core/Src/stm32f2xx_it.o
                0x080052b8                SysTick_Handler
 .text.USART1_IRQHandler
                0x080052c4       0x14 ./Core/Src/stm32f2xx_it.o
                0x080052c4                USART1_IRQHandler
 .text.DMA2_Stream1_IRQHandler
                0x080052d8       0x14 ./Core/Src/stm32f2xx_it.o
                0x080052d8                DMA2_Stream1_IRQHandler
 .text.DCMI_IRQHandler
                0x080052ec       0x14 ./Core/Src/stm32f2xx_it.o
                0x080052ec                DCMI_IRQHandler
 .text._getpid  0x08005300        0xe ./Core/Src/syscalls.o
                0x08005300                _getpid
 .text._kill    0x0800530e       0x20 ./Core/Src/syscalls.o
                0x0800530e                _kill
 .text._exit    0x0800532e       0x16 ./Core/Src/syscalls.o
                0x0800532e                _exit
 .text._read    0x08005344       0x3a ./Core/Src/syscalls.o
                0x08005344                _read
 .text._write   0x0800537e       0x38 ./Core/Src/syscalls.o
                0x0800537e                _write
 .text._close   0x080053b6       0x16 ./Core/Src/syscalls.o
                0x080053b6                _close
 .text._fstat   0x080053cc       0x1e ./Core/Src/syscalls.o
                0x080053cc                _fstat
 .text._isatty  0x080053ea       0x14 ./Core/Src/syscalls.o
                0x080053ea                _isatty
 .text._lseek   0x080053fe       0x18 ./Core/Src/syscalls.o
                0x080053fe                _lseek
 *fill*         0x08005416        0x2 
 .text._sbrk    0x08005418       0x6c ./Core/Src/sysmem.o
                0x08005418                _sbrk
 .text.SystemInit
                0x08005484        0xc ./Core/Src/system_stm32f2xx.o
                0x08005484                SystemInit
 .text.Reset_Handler
                0x08005490       0x50 ./Core/Startup/startup_stm32f217zgtx.o
                0x08005490                Reset_Handler
 .text.Default_Handler
                0x080054e0        0x2 ./Core/Startup/startup_stm32f217zgtx.o
                0x080054e0                RTC_Alarm_IRQHandler
                0x080054e0                HASH_RNG_IRQHandler
                0x080054e0                EXTI2_IRQHandler
                0x080054e0                TIM8_CC_IRQHandler
                0x080054e0                TIM1_CC_IRQHandler
                0x080054e0                DMA2_Stream5_IRQHandler
                0x080054e0                DMA1_Stream5_IRQHandler
                0x080054e0                PVD_IRQHandler
                0x080054e0                SDIO_IRQHandler
                0x080054e0                TAMP_STAMP_IRQHandler
                0x080054e0                CAN2_RX1_IRQHandler
                0x080054e0                EXTI3_IRQHandler
                0x080054e0                TIM8_TRG_COM_TIM14_IRQHandler
                0x080054e0                TIM1_UP_TIM10_IRQHandler
                0x080054e0                TIM8_UP_TIM13_IRQHandler
                0x080054e0                I2C3_ER_IRQHandler
                0x080054e0                EXTI0_IRQHandler
                0x080054e0                I2C2_EV_IRQHandler
                0x080054e0                DMA1_Stream2_IRQHandler
                0x080054e0                CAN1_RX0_IRQHandler
                0x080054e0                OTG_HS_WKUP_IRQHandler
                0x080054e0                CAN2_SCE_IRQHandler
                0x080054e0                DMA2_Stream2_IRQHandler
                0x080054e0                SPI1_IRQHandler
                0x080054e0                TIM6_DAC_IRQHandler
                0x080054e0                TIM1_BRK_TIM9_IRQHandler
                0x080054e0                CAN2_RX0_IRQHandler
                0x080054e0                DMA2_Stream3_IRQHandler
                0x080054e0                USART6_IRQHandler
                0x080054e0                USART3_IRQHandler
                0x080054e0                CRYP_IRQHandler
                0x080054e0                CAN1_RX1_IRQHandler
                0x080054e0                UART5_IRQHandler
                0x080054e0                DMA2_Stream0_IRQHandler
                0x080054e0                TIM4_IRQHandler
                0x080054e0                I2C1_EV_IRQHandler
                0x080054e0                DMA1_Stream6_IRQHandler
                0x080054e0                DMA1_Stream1_IRQHandler
                0x080054e0                UART4_IRQHandler
                0x080054e0                TIM3_IRQHandler
                0x080054e0                RCC_IRQHandler
                0x080054e0                TIM8_BRK_TIM12_IRQHandler
                0x080054e0                Default_Handler
                0x080054e0                EXTI15_10_IRQHandler
                0x080054e0                ADC_IRQHandler
                0x080054e0                DMA1_Stream7_IRQHandler
                0x080054e0                TIM7_IRQHandler
                0x080054e0                CAN2_TX_IRQHandler
                0x080054e0                TIM5_IRQHandler
                0x080054e0                DMA2_Stream7_IRQHandler
                0x080054e0                I2C3_EV_IRQHandler
                0x080054e0                EXTI9_5_IRQHandler
                0x080054e0                RTC_WKUP_IRQHandler
                0x080054e0                ETH_WKUP_IRQHandler
                0x080054e0                SPI2_IRQHandler
                0x080054e0                OTG_HS_EP1_IN_IRQHandler
                0x080054e0                DMA1_Stream0_IRQHandler
                0x080054e0                CAN1_TX_IRQHandler
                0x080054e0                EXTI4_IRQHandler
                0x080054e0                FSMC_IRQHandler
                0x080054e0                ETH_IRQHandler
                0x080054e0                OTG_HS_EP1_OUT_IRQHandler
                0x080054e0                WWDG_IRQHandler
                0x080054e0                TIM2_IRQHandler
                0x080054e0                OTG_FS_WKUP_IRQHandler
                0x080054e0                TIM1_TRG_COM_TIM11_IRQHandler
                0x080054e0                OTG_HS_IRQHandler
                0x080054e0                EXTI1_IRQHandler
                0x080054e0                USART2_IRQHandler
                0x080054e0                I2C2_ER_IRQHandler
                0x080054e0                CAN1_SCE_IRQHandler
                0x080054e0                FLASH_IRQHandler
                0x080054e0                DMA2_Stream4_IRQHandler
                0x080054e0                OTG_FS_IRQHandler
                0x080054e0                SPI3_IRQHandler
                0x080054e0                DMA1_Stream4_IRQHandler
                0x080054e0                I2C1_ER_IRQHandler
                0x080054e0                DMA2_Stream6_IRQHandler
                0x080054e0                DMA1_Stream3_IRQHandler
 *fill*         0x080054e2        0x2 
 .text.HAL_Init
                0x080054e4       0x44 ./Drivers/STM32F2xx_HAL_Driver/Src/stm32f2xx_hal.o
                0x080054e4                HAL_Init
 .text.HAL_InitTick
                0x08005528       0x60 ./Drivers/STM32F2xx_HAL_Driver/Src/stm32f2xx_hal.o
                0x08005528                HAL_InitTick
 .text.HAL_IncTick
                0x08005588       0x24 ./Drivers/STM32F2xx_HAL_Driver/Src/stm32f2xx_hal.o
                0x08005588                HAL_IncTick
 .text.HAL_GetTick
                0x080055ac       0x14 ./Drivers/STM32F2xx_HAL_Driver/Src/stm32f2xx_hal.o
                0x080055ac                HAL_GetTick
 .text.HAL_Delay
                0x080055c0       0x48 ./Drivers/STM32F2xx_HAL_Driver/Src/stm32f2xx_hal.o
                0x080055c0                HAL_Delay
 .text.__NVIC_SetPriorityGrouping
                0x08005608       0x48 ./Drivers/STM32F2xx_HAL_Driver/Src/stm32f2xx_hal_cortex.o
 .text.__NVIC_GetPriorityGrouping
                0x08005650       0x1c ./Drivers/STM32F2xx_HAL_Driver/Src/stm32f2xx_hal_cortex.o
 .text.__NVIC_EnableIRQ
                0x0800566c       0x38 ./Drivers/STM32F2xx_HAL_Driver/Src/stm32f2xx_hal_cortex.o
 .text.__NVIC_SetPriority
                0x080056a4       0x54 ./Drivers/STM32F2xx_HAL_Driver/Src/stm32f2xx_hal_cortex.o
 .text.NVIC_EncodePriority
                0x080056f8       0x64 ./Drivers/STM32F2xx_HAL_Driver/Src/stm32f2xx_hal_cortex.o
 .text.SysTick_Config
                0x0800575c       0x44 ./Drivers/STM32F2xx_HAL_Driver/Src/stm32f2xx_hal_cortex.o
 .text.HAL_NVIC_SetPriorityGrouping
                0x080057a0       0x16 ./Drivers/STM32F2xx_HAL_Driver/Src/stm32f2xx_hal_cortex.o
                0x080057a0                HAL_NVIC_SetPriorityGrouping
 .text.HAL_NVIC_SetPriority
                0x080057b6       0x38 ./Drivers/STM32F2xx_HAL_Driver/Src/stm32f2xx_hal_cortex.o
                0x080057b6                HAL_NVIC_SetPriority
 .text.HAL_NVIC_EnableIRQ
                0x080057ee       0x1c ./Drivers/STM32F2xx_HAL_Driver/Src/stm32f2xx_hal_cortex.o
                0x080057ee                HAL_NVIC_EnableIRQ
 .text.HAL_SYSTICK_Config
                0x0800580a       0x18 ./Drivers/STM32F2xx_HAL_Driver/Src/stm32f2xx_hal_cortex.o
                0x0800580a                HAL_SYSTICK_Config
 .text.HAL_DCMI_Init
                0x08005822       0xcc ./Drivers/STM32F2xx_HAL_Driver/Src/stm32f2xx_hal_dcmi.o
                0x08005822                HAL_DCMI_Init
 *fill*         0x080058ee        0x2 
 .text.HAL_DCMI_Start_DMA
                0x080058f0      0x188 ./Drivers/STM32F2xx_HAL_Driver/Src/stm32f2xx_hal_dcmi.o
                0x080058f0                HAL_DCMI_Start_DMA
 .text.HAL_DCMI_Stop
                0x08005a78       0xc0 ./Drivers/STM32F2xx_HAL_Driver/Src/stm32f2xx_hal_dcmi.o
                0x08005a78                HAL_DCMI_Stop
 .text.HAL_DCMI_IRQHandler
                0x08005b38      0x124 ./Drivers/STM32F2xx_HAL_Driver/Src/stm32f2xx_hal_dcmi.o
                0x08005b38                HAL_DCMI_IRQHandler
 .text.HAL_DCMI_ErrorCallback
                0x08005c5c       0x12 ./Drivers/STM32F2xx_HAL_Driver/Src/stm32f2xx_hal_dcmi.o
                0x08005c5c                HAL_DCMI_ErrorCallback
 .text.HAL_DCMI_LineEventCallback
                0x08005c6e       0x12 ./Drivers/STM32F2xx_HAL_Driver/Src/stm32f2xx_hal_dcmi.o
                0x08005c6e                HAL_DCMI_LineEventCallback
 .text.HAL_DCMI_VsyncEventCallback
                0x08005c80       0x12 ./Drivers/STM32F2xx_HAL_Driver/Src/stm32f2xx_hal_dcmi.o
                0x08005c80                HAL_DCMI_VsyncEventCallback
 .text.DCMI_DMAXferCplt
                0x08005c92      0x126 ./Drivers/STM32F2xx_HAL_Driver/Src/stm32f2xx_hal_dcmi.o
 .text.DCMI_DMAError
                0x08005db8       0x3a ./Drivers/STM32F2xx_HAL_Driver/Src/stm32f2xx_hal_dcmi.o
 *fill*         0x08005df2        0x2 
 .text.HAL_DMA_Init
                0x08005df4      0x15c ./Drivers/STM32F2xx_HAL_Driver/Src/stm32f2xx_hal_dma.o
                0x08005df4                HAL_DMA_Init
 .text.HAL_DMA_Start_IT
                0x08005f50       0xb0 ./Drivers/STM32F2xx_HAL_Driver/Src/stm32f2xx_hal_dma.o
                0x08005f50                HAL_DMA_Start_IT
 .text.HAL_DMA_Abort
                0x08006000       0xe0 ./Drivers/STM32F2xx_HAL_Driver/Src/stm32f2xx_hal_dma.o
                0x08006000                HAL_DMA_Abort
 .text.HAL_DMA_Abort_IT
                0x080060e0       0x42 ./Drivers/STM32F2xx_HAL_Driver/Src/stm32f2xx_hal_dma.o
                0x080060e0                HAL_DMA_Abort_IT
 *fill*         0x08006122        0x2 
 .text.HAL_DMA_IRQHandler
                0x08006124      0x314 ./Drivers/STM32F2xx_HAL_Driver/Src/stm32f2xx_hal_dma.o
                0x08006124                HAL_DMA_IRQHandler
 .text.HAL_DMA_GetError
                0x08006438       0x16 ./Drivers/STM32F2xx_HAL_Driver/Src/stm32f2xx_hal_dma.o
                0x08006438                HAL_DMA_GetError
 .text.DMA_SetConfig
                0x0800644e       0x5a ./Drivers/STM32F2xx_HAL_Driver/Src/stm32f2xx_hal_dma.o
 .text.DMA_CalcBaseAndBitshift
                0x080064a8       0x68 ./Drivers/STM32F2xx_HAL_Driver/Src/stm32f2xx_hal_dma.o
 .text.DMA_CheckFifoParam
                0x08006510       0xf4 ./Drivers/STM32F2xx_HAL_Driver/Src/stm32f2xx_hal_dma.o
 .text.HAL_DMAEx_MultiBufferStart_IT
                0x08006604     0x1290 ./Drivers/STM32F2xx_HAL_Driver/Src/stm32f2xx_hal_dma_ex.o
                0x08006604                HAL_DMAEx_MultiBufferStart_IT
 .text.HAL_DMAEx_ChangeMemory
                0x08007894       0x32 ./Drivers/STM32F2xx_HAL_Driver/Src/stm32f2xx_hal_dma_ex.o
                0x08007894                HAL_DMAEx_ChangeMemory
 .text.DMA_MultiBufferSetConfig
                0x080078c6       0x4a ./Drivers/STM32F2xx_HAL_Driver/Src/stm32f2xx_hal_dma_ex.o
 .text.HAL_GPIO_Init
                0x08007910      0x33c ./Drivers/STM32F2xx_HAL_Driver/Src/stm32f2xx_hal_gpio.o
                0x08007910                HAL_GPIO_Init
 .text.HAL_GPIO_ReadPin
                0x08007c4c       0x2e ./Drivers/STM32F2xx_HAL_Driver/Src/stm32f2xx_hal_gpio.o
                0x08007c4c                HAL_GPIO_ReadPin
 .text.HAL_GPIO_WritePin
                0x08007c7a       0x30 ./Drivers/STM32F2xx_HAL_Driver/Src/stm32f2xx_hal_gpio.o
                0x08007c7a                HAL_GPIO_WritePin
 *fill*         0x08007caa        0x2 
 .text.HAL_I2C_Init
                0x08007cac      0x288 ./Drivers/STM32F2xx_HAL_Driver/Src/stm32f2xx_hal_i2c.o
                0x08007cac                HAL_I2C_Init
 .text.HAL_I2C_Mem_Write
                0x08007f34      0x1f4 ./Drivers/STM32F2xx_HAL_Driver/Src/stm32f2xx_hal_i2c.o
                0x08007f34                HAL_I2C_Mem_Write
 .text.HAL_I2C_Mem_Read
                0x08008128      0x464 ./Drivers/STM32F2xx_HAL_Driver/Src/stm32f2xx_hal_i2c.o
                0x08008128                HAL_I2C_Mem_Read
 .text.I2C_RequestMemoryWrite
                0x0800858c      0x12c ./Drivers/STM32F2xx_HAL_Driver/Src/stm32f2xx_hal_i2c.o
 .text.I2C_RequestMemoryRead
                0x080086b8      0x1d0 ./Drivers/STM32F2xx_HAL_Driver/Src/stm32f2xx_hal_i2c.o
 .text.I2C_WaitOnFlagUntilTimeout
                0x08008888       0xf4 ./Drivers/STM32F2xx_HAL_Driver/Src/stm32f2xx_hal_i2c.o
 .text.I2C_WaitOnMasterAddressFlagUntilTimeout
                0x0800897c      0x140 ./Drivers/STM32F2xx_HAL_Driver/Src/stm32f2xx_hal_i2c.o
 .text.I2C_WaitOnTXEFlagUntilTimeout
                0x08008abc       0x90 ./Drivers/STM32F2xx_HAL_Driver/Src/stm32f2xx_hal_i2c.o
 .text.I2C_WaitOnBTFFlagUntilTimeout
                0x08008b4c       0x90 ./Drivers/STM32F2xx_HAL_Driver/Src/stm32f2xx_hal_i2c.o
 .text.I2C_WaitOnRXNEFlagUntilTimeout
                0x08008bdc       0xba ./Drivers/STM32F2xx_HAL_Driver/Src/stm32f2xx_hal_i2c.o
 .text.I2C_IsAcknowledgeFailed
                0x08008c96       0x5c ./Drivers/STM32F2xx_HAL_Driver/Src/stm32f2xx_hal_i2c.o
 .text.HAL_IWDG_Init
                0x08008cf2       0x88 ./Drivers/STM32F2xx_HAL_Driver/Src/stm32f2xx_hal_iwdg.o
                0x08008cf2                HAL_IWDG_Init
 .text.HAL_IWDG_Refresh
                0x08008d7a       0x1e ./Drivers/STM32F2xx_HAL_Driver/Src/stm32f2xx_hal_iwdg.o
                0x08008d7a                HAL_IWDG_Refresh
 .text.HAL_RCC_OscConfig
                0x08008d98      0x4a8 ./Drivers/STM32F2xx_HAL_Driver/Src/stm32f2xx_hal_rcc.o
                0x08008d98                HAL_RCC_OscConfig
 .text.HAL_RCC_ClockConfig
                0x08009240      0x1d8 ./Drivers/STM32F2xx_HAL_Driver/Src/stm32f2xx_hal_rcc.o
                0x08009240                HAL_RCC_ClockConfig
 .text.HAL_RCC_GetSysClockFreq
                0x08009418      0x218 ./Drivers/STM32F2xx_HAL_Driver/Src/stm32f2xx_hal_rcc.o
                0x08009418                HAL_RCC_GetSysClockFreq
 .text.HAL_RCC_GetHCLKFreq
                0x08009630       0x14 ./Drivers/STM32F2xx_HAL_Driver/Src/stm32f2xx_hal_rcc.o
                0x08009630                HAL_RCC_GetHCLKFreq
 .text.HAL_RCC_GetPCLK1Freq
                0x08009644       0x44 ./Drivers/STM32F2xx_HAL_Driver/Src/stm32f2xx_hal_rcc.o
                0x08009644                HAL_RCC_GetPCLK1Freq
 .text.HAL_RCC_GetPCLK2Freq
                0x08009688       0x44 ./Drivers/STM32F2xx_HAL_Driver/Src/stm32f2xx_hal_rcc.o
                0x08009688                HAL_RCC_GetPCLK2Freq
 .text.HAL_SPI_Init
                0x080096cc      0x112 ./Drivers/STM32F2xx_HAL_Driver/Src/stm32f2xx_hal_spi.o
                0x080096cc                HAL_SPI_Init
 .text.HAL_SPI_Transmit
                0x080097de      0x288 ./Drivers/STM32F2xx_HAL_Driver/Src/stm32f2xx_hal_spi.o
                0x080097de                HAL_SPI_Transmit
 .text.HAL_SPI_Receive
                0x08009a66      0x232 ./Drivers/STM32F2xx_HAL_Driver/Src/stm32f2xx_hal_spi.o
                0x08009a66                HAL_SPI_Receive
 .text.HAL_SPI_TransmitReceive
                0x08009c98      0x352 ./Drivers/STM32F2xx_HAL_Driver/Src/stm32f2xx_hal_spi.o
                0x08009c98                HAL_SPI_TransmitReceive
 *fill*         0x08009fea        0x2 
 .text.SPI_WaitFlagStateUntilTimeout
                0x08009fec      0x110 ./Drivers/STM32F2xx_HAL_Driver/Src/stm32f2xx_hal_spi.o
 .text.SPI_EndRxTransaction
                0x0800a0fc       0x6a ./Drivers/STM32F2xx_HAL_Driver/Src/stm32f2xx_hal_spi.o
 .text.SPI_EndRxTxTransaction
                0x0800a166       0x62 ./Drivers/STM32F2xx_HAL_Driver/Src/stm32f2xx_hal_spi.o
 .text.HAL_SRAM_Init
                0x0800a1c8       0x9a ./Drivers/STM32F2xx_HAL_Driver/Src/stm32f2xx_hal_sram.o
                0x0800a1c8                HAL_SRAM_Init
 .text.HAL_TIM_Base_Init
                0x0800a262       0x9e ./Drivers/STM32F2xx_HAL_Driver/Src/stm32f2xx_hal_tim.o
                0x0800a262                HAL_TIM_Base_Init
 .text.HAL_TIM_PWM_Init
                0x0800a300       0x9e ./Drivers/STM32F2xx_HAL_Driver/Src/stm32f2xx_hal_tim.o
                0x0800a300                HAL_TIM_PWM_Init
 .text.HAL_TIM_PWM_MspInit
                0x0800a39e       0x12 ./Drivers/STM32F2xx_HAL_Driver/Src/stm32f2xx_hal_tim.o
                0x0800a39e                HAL_TIM_PWM_MspInit
 .text.HAL_TIM_PWM_Start
                0x0800a3b0      0x190 ./Drivers/STM32F2xx_HAL_Driver/Src/stm32f2xx_hal_tim.o
                0x0800a3b0                HAL_TIM_PWM_Start
 .text.HAL_TIM_PWM_Stop
                0x0800a540       0xe0 ./Drivers/STM32F2xx_HAL_Driver/Src/stm32f2xx_hal_tim.o
                0x0800a540                HAL_TIM_PWM_Stop
 .text.HAL_TIM_PWM_ConfigChannel
                0x0800a620      0x184 ./Drivers/STM32F2xx_HAL_Driver/Src/stm32f2xx_hal_tim.o
                0x0800a620                HAL_TIM_PWM_ConfigChannel
 .text.TIM_Base_SetConfig
                0x0800a7a4      0x154 ./Drivers/STM32F2xx_HAL_Driver/Src/stm32f2xx_hal_tim.o
                0x0800a7a4                TIM_Base_SetConfig
 .text.TIM_OC1_SetConfig
                0x0800a8f8       0xe0 ./Drivers/STM32F2xx_HAL_Driver/Src/stm32f2xx_hal_tim.o
 .text.TIM_OC2_SetConfig
                0x0800a9d8       0xe8 ./Drivers/STM32F2xx_HAL_Driver/Src/stm32f2xx_hal_tim.o
                0x0800a9d8                TIM_OC2_SetConfig
 .text.TIM_OC3_SetConfig
                0x0800aac0       0xe8 ./Drivers/STM32F2xx_HAL_Driver/Src/stm32f2xx_hal_tim.o
 .text.TIM_OC4_SetConfig
                0x0800aba8       0xa8 ./Drivers/STM32F2xx_HAL_Driver/Src/stm32f2xx_hal_tim.o
 .text.TIM_CCxChannelCmd
                0x0800ac50       0x48 ./Drivers/STM32F2xx_HAL_Driver/Src/stm32f2xx_hal_tim.o
                0x0800ac50                TIM_CCxChannelCmd
 .text.HAL_UART_Init
                0x0800ac98       0xa0 ./Drivers/STM32F2xx_HAL_Driver/Src/stm32f2xx_hal_uart.o
                0x0800ac98                HAL_UART_Init
 .text.HAL_UART_Transmit
                0x0800ad38      0x116 ./Drivers/STM32F2xx_HAL_Driver/Src/stm32f2xx_hal_uart.o
                0x0800ad38                HAL_UART_Transmit
 .text.HAL_UARTEx_ReceiveToIdle_IT
                0x0800ae4e       0xba ./Drivers/STM32F2xx_HAL_Driver/Src/stm32f2xx_hal_uart.o
                0x0800ae4e                HAL_UARTEx_ReceiveToIdle_IT
 .text.HAL_UART_AbortReceive
                0x0800af08      0x146 ./Drivers/STM32F2xx_HAL_Driver/Src/stm32f2xx_hal_uart.o
                0x0800af08                HAL_UART_AbortReceive
 *fill*         0x0800b04e        0x2 
 .text.HAL_UART_IRQHandler
                0x0800b050      0x524 ./Drivers/STM32F2xx_HAL_Driver/Src/stm32f2xx_hal_uart.o
                0x0800b050                HAL_UART_IRQHandler
 .text.HAL_UART_TxCpltCallback
                0x0800b574       0x12 ./Drivers/STM32F2xx_HAL_Driver/Src/stm32f2xx_hal_uart.o
                0x0800b574                HAL_UART_TxCpltCallback
 .text.HAL_UART_RxCpltCallback
                0x0800b586       0x12 ./Drivers/STM32F2xx_HAL_Driver/Src/stm32f2xx_hal_uart.o
                0x0800b586                HAL_UART_RxCpltCallback
 .text.HAL_UART_ErrorCallback
                0x0800b598       0x12 ./Drivers/STM32F2xx_HAL_Driver/Src/stm32f2xx_hal_uart.o
                0x0800b598                HAL_UART_ErrorCallback
 .text.UART_WaitOnFlagUntilTimeout
                0x0800b5aa       0xb2 ./Drivers/STM32F2xx_HAL_Driver/Src/stm32f2xx_hal_uart.o
 .text.UART_Start_Receive_IT
                0x0800b65c       0x72 ./Drivers/STM32F2xx_HAL_Driver/Src/stm32f2xx_hal_uart.o
                0x0800b65c                UART_Start_Receive_IT
 .text.UART_EndRxTransfer
                0x0800b6ce       0xc4 ./Drivers/STM32F2xx_HAL_Driver/Src/stm32f2xx_hal_uart.o
 .text.UART_DMAAbortOnError
                0x0800b792       0x28 ./Drivers/STM32F2xx_HAL_Driver/Src/stm32f2xx_hal_uart.o
 .text.UART_Transmit_IT
                0x0800b7ba       0x9e ./Drivers/STM32F2xx_HAL_Driver/Src/stm32f2xx_hal_uart.o
 .text.UART_EndTransmit_IT
                0x0800b858       0x30 ./Drivers/STM32F2xx_HAL_Driver/Src/stm32f2xx_hal_uart.o
 .text.UART_Receive_IT
                0x0800b888      0x17c ./Drivers/STM32F2xx_HAL_Driver/Src/stm32f2xx_hal_uart.o
 .text.UART_SetConfig
                0x0800ba04      0x1d4 ./Drivers/STM32F2xx_HAL_Driver/Src/stm32f2xx_hal_uart.o
 .text.FSMC_NORSRAM_Init
                0x0800bbd8       0xc0 ./Drivers/STM32F2xx_HAL_Driver/Src/stm32f2xx_ll_fsmc.o
                0x0800bbd8                FSMC_NORSRAM_Init
 .text.FSMC_NORSRAM_Timing_Init
                0x0800bc98       0x5a ./Drivers/STM32F2xx_HAL_Driver/Src/stm32f2xx_ll_fsmc.o
                0x0800bc98                FSMC_NORSRAM_Timing_Init
 *fill*         0x0800bcf2        0x2 
 .text.FSMC_NORSRAM_Extended_Timing_Init
                0x0800bcf4       0x70 ./Drivers/STM32F2xx_HAL_Driver/Src/stm32f2xx_ll_fsmc.o
                0x0800bcf4                FSMC_NORSRAM_Extended_Timing_Init
 .text.__assert_func
                0x0800bd64       0x3c C:/ST/STM32CubeIDE_1.18.0/STM32CubeIDE/plugins/com.st.stm32cube.ide.mcu.externaltools.gnu-tools-for-stm32.13.3.rel1.win32_1.0.0.202411081344/tools/bin/../lib/gcc/arm-none-eabi/13.3.1/../../../../arm-none-eabi/lib/thumb/v7-m/nofp\libc_nano.a(libc_a-assert.o)
                0x0800bd64                __assert_func
 .text.std      0x0800bda0       0x6c C:/ST/STM32CubeIDE_1.18.0/STM32CubeIDE/plugins/com.st.stm32cube.ide.mcu.externaltools.gnu-tools-for-stm32.13.3.rel1.win32_1.0.0.202411081344/tools/bin/../lib/gcc/arm-none-eabi/13.3.1/../../../../arm-none-eabi/lib/thumb/v7-m/nofp\libc_nano.a(libc_a-findfp.o)
 .text.stdio_exit_handler
                0x0800be0c       0x18 C:/ST/STM32CubeIDE_1.18.0/STM32CubeIDE/plugins/com.st.stm32cube.ide.mcu.externaltools.gnu-tools-for-stm32.13.3.rel1.win32_1.0.0.202411081344/tools/bin/../lib/gcc/arm-none-eabi/13.3.1/../../../../arm-none-eabi/lib/thumb/v7-m/nofp\libc_nano.a(libc_a-findfp.o)
 .text.cleanup_stdio
                0x0800be24       0x40 C:/ST/STM32CubeIDE_1.18.0/STM32CubeIDE/plugins/com.st.stm32cube.ide.mcu.externaltools.gnu-tools-for-stm32.13.3.rel1.win32_1.0.0.202411081344/tools/bin/../lib/gcc/arm-none-eabi/13.3.1/../../../../arm-none-eabi/lib/thumb/v7-m/nofp\libc_nano.a(libc_a-findfp.o)
 .text.global_stdio_init.part.0
                0x0800be64       0x3c C:/ST/STM32CubeIDE_1.18.0/STM32CubeIDE/plugins/com.st.stm32cube.ide.mcu.externaltools.gnu-tools-for-stm32.13.3.rel1.win32_1.0.0.202411081344/tools/bin/../lib/gcc/arm-none-eabi/13.3.1/../../../../arm-none-eabi/lib/thumb/v7-m/nofp\libc_nano.a(libc_a-findfp.o)
 .text.__sfp_lock_acquire
                0x0800bea0        0xc C:/ST/STM32CubeIDE_1.18.0/STM32CubeIDE/plugins/com.st.stm32cube.ide.mcu.externaltools.gnu-tools-for-stm32.13.3.rel1.win32_1.0.0.202411081344/tools/bin/../lib/gcc/arm-none-eabi/13.3.1/../../../../arm-none-eabi/lib/thumb/v7-m/nofp\libc_nano.a(libc_a-findfp.o)
                0x0800bea0                __sfp_lock_acquire
 .text.__sfp_lock_release
                0x0800beac        0xc C:/ST/STM32CubeIDE_1.18.0/STM32CubeIDE/plugins/com.st.stm32cube.ide.mcu.externaltools.gnu-tools-for-stm32.13.3.rel1.win32_1.0.0.202411081344/tools/bin/../lib/gcc/arm-none-eabi/13.3.1/../../../../arm-none-eabi/lib/thumb/v7-m/nofp\libc_nano.a(libc_a-findfp.o)
                0x0800beac                __sfp_lock_release
 .text.__sinit  0x0800beb8       0x30 C:/ST/STM32CubeIDE_1.18.0/STM32CubeIDE/plugins/com.st.stm32cube.ide.mcu.externaltools.gnu-tools-for-stm32.13.3.rel1.win32_1.0.0.202411081344/tools/bin/../lib/gcc/arm-none-eabi/13.3.1/../../../../arm-none-eabi/lib/thumb/v7-m/nofp\libc_nano.a(libc_a-findfp.o)
                0x0800beb8                __sinit
 .text.fprintf  0x0800bee8       0x24 C:/ST/STM32CubeIDE_1.18.0/STM32CubeIDE/plugins/com.st.stm32cube.ide.mcu.externaltools.gnu-tools-for-stm32.13.3.rel1.win32_1.0.0.202411081344/tools/bin/../lib/gcc/arm-none-eabi/13.3.1/../../../../arm-none-eabi/lib/thumb/v7-m/nofp\libc_nano.a(libc_a-fprintf.o)
                0x0800bee8                fiprintf
                0x0800bee8                fprintf
 .text._fwalk_sglue
                0x0800bf0c       0x3c C:/ST/STM32CubeIDE_1.18.0/STM32CubeIDE/plugins/com.st.stm32cube.ide.mcu.externaltools.gnu-tools-for-stm32.13.3.rel1.win32_1.0.0.202411081344/tools/bin/../lib/gcc/arm-none-eabi/13.3.1/../../../../arm-none-eabi/lib/thumb/v7-m/nofp\libc_nano.a(libc_a-fwalk.o)
                0x0800bf0c                _fwalk_sglue
 .text.snprintf
                0x0800bf48       0x6c C:/ST/STM32CubeIDE_1.18.0/STM32CubeIDE/plugins/com.st.stm32cube.ide.mcu.externaltools.gnu-tools-for-stm32.13.3.rel1.win32_1.0.0.202411081344/tools/bin/../lib/gcc/arm-none-eabi/13.3.1/../../../../arm-none-eabi/lib/thumb/v7-m/nofp\libc_nano.a(libc_a-snprintf.o)
                0x0800bf48                sniprintf
                0x0800bf48                snprintf
 .text.sprintf  0x0800bfb4       0x44 C:/ST/STM32CubeIDE_1.18.0/STM32CubeIDE/plugins/com.st.stm32cube.ide.mcu.externaltools.gnu-tools-for-stm32.13.3.rel1.win32_1.0.0.202411081344/tools/bin/../lib/gcc/arm-none-eabi/13.3.1/../../../../arm-none-eabi/lib/thumb/v7-m/nofp\libc_nano.a(libc_a-sprintf.o)
                0x0800bfb4                siprintf
                0x0800bfb4                sprintf
 .text.__sread  0x0800bff8       0x22 C:/ST/STM32CubeIDE_1.18.0/STM32CubeIDE/plugins/com.st.stm32cube.ide.mcu.externaltools.gnu-tools-for-stm32.13.3.rel1.win32_1.0.0.202411081344/tools/bin/../lib/gcc/arm-none-eabi/13.3.1/../../../../arm-none-eabi/lib/thumb/v7-m/nofp\libc_nano.a(libc_a-stdio.o)
                0x0800bff8                __sread
 .text.__swrite
                0x0800c01a       0x38 C:/ST/STM32CubeIDE_1.18.0/STM32CubeIDE/plugins/com.st.stm32cube.ide.mcu.externaltools.gnu-tools-for-stm32.13.3.rel1.win32_1.0.0.202411081344/tools/bin/../lib/gcc/arm-none-eabi/13.3.1/../../../../arm-none-eabi/lib/thumb/v7-m/nofp\libc_nano.a(libc_a-stdio.o)
                0x0800c01a                __swrite
 .text.__sseek  0x0800c052       0x24 C:/ST/STM32CubeIDE_1.18.0/STM32CubeIDE/plugins/com.st.stm32cube.ide.mcu.externaltools.gnu-tools-for-stm32.13.3.rel1.win32_1.0.0.202411081344/tools/bin/../lib/gcc/arm-none-eabi/13.3.1/../../../../arm-none-eabi/lib/thumb/v7-m/nofp\libc_nano.a(libc_a-stdio.o)
                0x0800c052                __sseek
 .text.__sclose
                0x0800c076        0x8 C:/ST/STM32CubeIDE_1.18.0/STM32CubeIDE/plugins/com.st.stm32cube.ide.mcu.externaltools.gnu-tools-for-stm32.13.3.rel1.win32_1.0.0.202411081344/tools/bin/../lib/gcc/arm-none-eabi/13.3.1/../../../../arm-none-eabi/lib/thumb/v7-m/nofp\libc_nano.a(libc_a-stdio.o)
                0x0800c076                __sclose
 .text.memset   0x0800c07e       0x10 C:/ST/STM32CubeIDE_1.18.0/STM32CubeIDE/plugins/com.st.stm32cube.ide.mcu.externaltools.gnu-tools-for-stm32.13.3.rel1.win32_1.0.0.202411081344/tools/bin/../lib/gcc/arm-none-eabi/13.3.1/../../../../arm-none-eabi/lib/thumb/v7-m/nofp\libc_nano.a(libc_a-memset.o)
                0x0800c07e                memset
 .text.strcat   0x0800c08e       0x1e C:/ST/STM32CubeIDE_1.18.0/STM32CubeIDE/plugins/com.st.stm32cube.ide.mcu.externaltools.gnu-tools-for-stm32.13.3.rel1.win32_1.0.0.202411081344/tools/bin/../lib/gcc/arm-none-eabi/13.3.1/../../../../arm-none-eabi/lib/thumb/v7-m/nofp\libc_nano.a(libc_a-strcat.o)
                0x0800c08e                strcat
 .text._close_r
                0x0800c0ac       0x20 C:/ST/STM32CubeIDE_1.18.0/STM32CubeIDE/plugins/com.st.stm32cube.ide.mcu.externaltools.gnu-tools-for-stm32.13.3.rel1.win32_1.0.0.202411081344/tools/bin/../lib/gcc/arm-none-eabi/13.3.1/../../../../arm-none-eabi/lib/thumb/v7-m/nofp\libc_nano.a(libc_a-closer.o)
                0x0800c0ac                _close_r
 .text._lseek_r
                0x0800c0cc       0x24 C:/ST/STM32CubeIDE_1.18.0/STM32CubeIDE/plugins/com.st.stm32cube.ide.mcu.externaltools.gnu-tools-for-stm32.13.3.rel1.win32_1.0.0.202411081344/tools/bin/../lib/gcc/arm-none-eabi/13.3.1/../../../../arm-none-eabi/lib/thumb/v7-m/nofp\libc_nano.a(libc_a-lseekr.o)
                0x0800c0cc                _lseek_r
 .text._read_r  0x0800c0f0       0x24 C:/ST/STM32CubeIDE_1.18.0/STM32CubeIDE/plugins/com.st.stm32cube.ide.mcu.externaltools.gnu-tools-for-stm32.13.3.rel1.win32_1.0.0.202411081344/tools/bin/../lib/gcc/arm-none-eabi/13.3.1/../../../../arm-none-eabi/lib/thumb/v7-m/nofp\libc_nano.a(libc_a-readr.o)
                0x0800c0f0                _read_r
 .text._write_r
                0x0800c114       0x24 C:/ST/STM32CubeIDE_1.18.0/STM32CubeIDE/plugins/com.st.stm32cube.ide.mcu.externaltools.gnu-tools-for-stm32.13.3.rel1.win32_1.0.0.202411081344/tools/bin/../lib/gcc/arm-none-eabi/13.3.1/../../../../arm-none-eabi/lib/thumb/v7-m/nofp\libc_nano.a(libc_a-writer.o)
                0x0800c114                _write_r
 .text.__errno  0x0800c138        0xc C:/ST/STM32CubeIDE_1.18.0/STM32CubeIDE/plugins/com.st.stm32cube.ide.mcu.externaltools.gnu-tools-for-stm32.13.3.rel1.win32_1.0.0.202411081344/tools/bin/../lib/gcc/arm-none-eabi/13.3.1/../../../../arm-none-eabi/lib/thumb/v7-m/nofp\libc_nano.a(libc_a-errno.o)
                0x0800c138                __errno
 .text.__libc_init_array
                0x0800c144       0x48 C:/ST/STM32CubeIDE_1.18.0/STM32CubeIDE/plugins/com.st.stm32cube.ide.mcu.externaltools.gnu-tools-for-stm32.13.3.rel1.win32_1.0.0.202411081344/tools/bin/../lib/gcc/arm-none-eabi/13.3.1/../../../../arm-none-eabi/lib/thumb/v7-m/nofp\libc_nano.a(libc_a-init.o)
                0x0800c144                __libc_init_array
 .text.__retarget_lock_init_recursive
                0x0800c18c        0x2 C:/ST/STM32CubeIDE_1.18.0/STM32CubeIDE/plugins/com.st.stm32cube.ide.mcu.externaltools.gnu-tools-for-stm32.13.3.rel1.win32_1.0.0.202411081344/tools/bin/../lib/gcc/arm-none-eabi/13.3.1/../../../../arm-none-eabi/lib/thumb/v7-m/nofp\libc_nano.a(libc_a-lock.o)
                0x0800c18c                __retarget_lock_init_recursive
 .text.__retarget_lock_acquire_recursive
                0x0800c18e        0x2 C:/ST/STM32CubeIDE_1.18.0/STM32CubeIDE/plugins/com.st.stm32cube.ide.mcu.externaltools.gnu-tools-for-stm32.13.3.rel1.win32_1.0.0.202411081344/tools/bin/../lib/gcc/arm-none-eabi/13.3.1/../../../../arm-none-eabi/lib/thumb/v7-m/nofp\libc_nano.a(libc_a-lock.o)
                0x0800c18e                __retarget_lock_acquire_recursive
 .text.__retarget_lock_release_recursive
                0x0800c190        0x2 C:/ST/STM32CubeIDE_1.18.0/STM32CubeIDE/plugins/com.st.stm32cube.ide.mcu.externaltools.gnu-tools-for-stm32.13.3.rel1.win32_1.0.0.202411081344/tools/bin/../lib/gcc/arm-none-eabi/13.3.1/../../../../arm-none-eabi/lib/thumb/v7-m/nofp\libc_nano.a(libc_a-lock.o)
                0x0800c190                __retarget_lock_release_recursive
 .text.memcpy   0x0800c192       0x1c C:/ST/STM32CubeIDE_1.18.0/STM32CubeIDE/plugins/com.st.stm32cube.ide.mcu.externaltools.gnu-tools-for-stm32.13.3.rel1.win32_1.0.0.202411081344/tools/bin/../lib/gcc/arm-none-eabi/13.3.1/../../../../arm-none-eabi/lib/thumb/v7-m/nofp\libc_nano.a(libc_a-memcpy-stub.o)
                0x0800c192                memcpy
 .text.abort    0x0800c1ae        0xe C:/ST/STM32CubeIDE_1.18.0/STM32CubeIDE/plugins/com.st.stm32cube.ide.mcu.externaltools.gnu-tools-for-stm32.13.3.rel1.win32_1.0.0.202411081344/tools/bin/../lib/gcc/arm-none-eabi/13.3.1/../../../../arm-none-eabi/lib/thumb/v7-m/nofp\libc_nano.a(libc_a-abort.o)
                0x0800c1ae                abort
 .text._free_r  0x0800c1bc       0x90 C:/ST/STM32CubeIDE_1.18.0/STM32CubeIDE/plugins/com.st.stm32cube.ide.mcu.externaltools.gnu-tools-for-stm32.13.3.rel1.win32_1.0.0.202411081344/tools/bin/../lib/gcc/arm-none-eabi/13.3.1/../../../../arm-none-eabi/lib/thumb/v7-m/nofp\libc_nano.a(libc_a-freer.o)
                0x0800c1bc                _free_r
 .text.sbrk_aligned
                0x0800c24c       0x44 C:/ST/STM32CubeIDE_1.18.0/STM32CubeIDE/plugins/com.st.stm32cube.ide.mcu.externaltools.gnu-tools-for-stm32.13.3.rel1.win32_1.0.0.202411081344/tools/bin/../lib/gcc/arm-none-eabi/13.3.1/../../../../arm-none-eabi/lib/thumb/v7-m/nofp\libc_nano.a(libc_a-mallocr.o)
 .text._malloc_r
                0x0800c290      0x100 C:/ST/STM32CubeIDE_1.18.0/STM32CubeIDE/plugins/com.st.stm32cube.ide.mcu.externaltools.gnu-tools-for-stm32.13.3.rel1.win32_1.0.0.202411081344/tools/bin/../lib/gcc/arm-none-eabi/13.3.1/../../../../arm-none-eabi/lib/thumb/v7-m/nofp\libc_nano.a(libc_a-mallocr.o)
                0x0800c290                _malloc_r
 .text.__malloc_lock
                0x0800c390        0xc C:/ST/STM32CubeIDE_1.18.0/STM32CubeIDE/plugins/com.st.stm32cube.ide.mcu.externaltools.gnu-tools-for-stm32.13.3.rel1.win32_1.0.0.202411081344/tools/bin/../lib/gcc/arm-none-eabi/13.3.1/../../../../arm-none-eabi/lib/thumb/v7-m/nofp\libc_nano.a(libc_a-mlock.o)
                0x0800c390                __malloc_lock
 .text.__malloc_unlock
                0x0800c39c        0xc C:/ST/STM32CubeIDE_1.18.0/STM32CubeIDE/plugins/com.st.stm32cube.ide.mcu.externaltools.gnu-tools-for-stm32.13.3.rel1.win32_1.0.0.202411081344/tools/bin/../lib/gcc/arm-none-eabi/13.3.1/../../../../arm-none-eabi/lib/thumb/v7-m/nofp\libc_nano.a(libc_a-mlock.o)
                0x0800c39c                __malloc_unlock
 .text.__ssputs_r
                0x0800c3a8       0xb6 C:/ST/STM32CubeIDE_1.18.0/STM32CubeIDE/plugins/com.st.stm32cube.ide.mcu.externaltools.gnu-tools-for-stm32.13.3.rel1.win32_1.0.0.202411081344/tools/bin/../lib/gcc/arm-none-eabi/13.3.1/../../../../arm-none-eabi/lib/thumb/v7-m/nofp\libc_nano.a(libc_a-nano-svfprintf.o)
                0x0800c3a8                __ssputs_r
 *fill*         0x0800c45e        0x2 
 .text._svfprintf_r
                0x0800c460      0x1f8 C:/ST/STM32CubeIDE_1.18.0/STM32CubeIDE/plugins/com.st.stm32cube.ide.mcu.externaltools.gnu-tools-for-stm32.13.3.rel1.win32_1.0.0.202411081344/tools/bin/../lib/gcc/arm-none-eabi/13.3.1/../../../../arm-none-eabi/lib/thumb/v7-m/nofp\libc_nano.a(libc_a-nano-svfprintf.o)
                0x0800c460                _svfiprintf_r
                0x0800c460                _svfprintf_r
 .text.__sfputc_r
                0x0800c658       0x2a C:/ST/STM32CubeIDE_1.18.0/STM32CubeIDE/plugins/com.st.stm32cube.ide.mcu.externaltools.gnu-tools-for-stm32.13.3.rel1.win32_1.0.0.202411081344/tools/bin/../lib/gcc/arm-none-eabi/13.3.1/../../../../arm-none-eabi/lib/thumb/v7-m/nofp\libc_nano.a(libc_a-nano-vfprintf.o)
 .text.__sfputs_r
                0x0800c682       0x24 C:/ST/STM32CubeIDE_1.18.0/STM32CubeIDE/plugins/com.st.stm32cube.ide.mcu.externaltools.gnu-tools-for-stm32.13.3.rel1.win32_1.0.0.202411081344/tools/bin/../lib/gcc/arm-none-eabi/13.3.1/../../../../arm-none-eabi/lib/thumb/v7-m/nofp\libc_nano.a(libc_a-nano-vfprintf.o)
                0x0800c682                __sfputs_r
 *fill*         0x0800c6a6        0x2 
 .text._vfprintf_r
                0x0800c6a8      0x230 C:/ST/STM32CubeIDE_1.18.0/STM32CubeIDE/plugins/com.st.stm32cube.ide.mcu.externaltools.gnu-tools-for-stm32.13.3.rel1.win32_1.0.0.202411081344/tools/bin/../lib/gcc/arm-none-eabi/13.3.1/../../../../arm-none-eabi/lib/thumb/v7-m/nofp\libc_nano.a(libc_a-nano-vfprintf.o)
                0x0800c6a8                _vfprintf_r
                0x0800c6a8                _vfiprintf_r
 .text._printf_common
                0x0800c8d8       0xe4 C:/ST/STM32CubeIDE_1.18.0/STM32CubeIDE/plugins/com.st.stm32cube.ide.mcu.externaltools.gnu-tools-for-stm32.13.3.rel1.win32_1.0.0.202411081344/tools/bin/../lib/gcc/arm-none-eabi/13.3.1/../../../../arm-none-eabi/lib/thumb/v7-m/nofp\libc_nano.a(libc_a-nano-vfprintf_i.o)
                0x0800c8d8                _printf_common
 .text._printf_i
                0x0800c9bc      0x23c C:/ST/STM32CubeIDE_1.18.0/STM32CubeIDE/plugins/com.st.stm32cube.ide.mcu.externaltools.gnu-tools-for-stm32.13.3.rel1.win32_1.0.0.202411081344/tools/bin/../lib/gcc/arm-none-eabi/13.3.1/../../../../arm-none-eabi/lib/thumb/v7-m/nofp\libc_nano.a(libc_a-nano-vfprintf_i.o)
                0x0800c9bc                _printf_i
 .text.__sflush_r
                0x0800cbf8      0x100 C:/ST/STM32CubeIDE_1.18.0/STM32CubeIDE/plugins/com.st.stm32cube.ide.mcu.externaltools.gnu-tools-for-stm32.13.3.rel1.win32_1.0.0.202411081344/tools/bin/../lib/gcc/arm-none-eabi/13.3.1/../../../../arm-none-eabi/lib/thumb/v7-m/nofp\libc_nano.a(libc_a-fflush.o)
                0x0800cbf8                __sflush_r
 .text._fflush_r
                0x0800ccf8       0x50 C:/ST/STM32CubeIDE_1.18.0/STM32CubeIDE/plugins/com.st.stm32cube.ide.mcu.externaltools.gnu-tools-for-stm32.13.3.rel1.win32_1.0.0.202411081344/tools/bin/../lib/gcc/arm-none-eabi/13.3.1/../../../../arm-none-eabi/lib/thumb/v7-m/nofp\libc_nano.a(libc_a-fflush.o)
                0x0800ccf8                _fflush_r
 .text.__swbuf_r
                0x0800cd48       0x7c C:/ST/STM32CubeIDE_1.18.0/STM32CubeIDE/plugins/com.st.stm32cube.ide.mcu.externaltools.gnu-tools-for-stm32.13.3.rel1.win32_1.0.0.202411081344/tools/bin/../lib/gcc/arm-none-eabi/13.3.1/../../../../arm-none-eabi/lib/thumb/v7-m/nofp\libc_nano.a(libc_a-wbuf.o)
                0x0800cd48                __swbuf_r
 .text.__swsetup_r
                0x0800cdc4       0xac C:/ST/STM32CubeIDE_1.18.0/STM32CubeIDE/plugins/com.st.stm32cube.ide.mcu.externaltools.gnu-tools-for-stm32.13.3.rel1.win32_1.0.0.202411081344/tools/bin/../lib/gcc/arm-none-eabi/13.3.1/../../../../arm-none-eabi/lib/thumb/v7-m/nofp\libc_nano.a(libc_a-wsetup.o)
                0x0800cdc4                __swsetup_r
 .text.memmove  0x0800ce70       0x34 C:/ST/STM32CubeIDE_1.18.0/STM32CubeIDE/plugins/com.st.stm32cube.ide.mcu.externaltools.gnu-tools-for-stm32.13.3.rel1.win32_1.0.0.202411081344/tools/bin/../lib/gcc/arm-none-eabi/13.3.1/../../../../arm-none-eabi/lib/thumb/v7-m/nofp\libc_nano.a(libc_a-memmove.o)
                0x0800ce70                memmove
 .text._raise_r
                0x0800cea4       0x50 C:/ST/STM32CubeIDE_1.18.0/STM32CubeIDE/plugins/com.st.stm32cube.ide.mcu.externaltools.gnu-tools-for-stm32.13.3.rel1.win32_1.0.0.202411081344/tools/bin/../lib/gcc/arm-none-eabi/13.3.1/../../../../arm-none-eabi/lib/thumb/v7-m/nofp\libc_nano.a(libc_a-signal.o)
                0x0800cea4                _raise_r
 .text.raise    0x0800cef4       0x10 C:/ST/STM32CubeIDE_1.18.0/STM32CubeIDE/plugins/com.st.stm32cube.ide.mcu.externaltools.gnu-tools-for-stm32.13.3.rel1.win32_1.0.0.202411081344/tools/bin/../lib/gcc/arm-none-eabi/13.3.1/../../../../arm-none-eabi/lib/thumb/v7-m/nofp\libc_nano.a(libc_a-signal.o)
                0x0800cef4                raise
 .text._kill_r  0x0800cf04       0x24 C:/ST/STM32CubeIDE_1.18.0/STM32CubeIDE/plugins/com.st.stm32cube.ide.mcu.externaltools.gnu-tools-for-stm32.13.3.rel1.win32_1.0.0.202411081344/tools/bin/../lib/gcc/arm-none-eabi/13.3.1/../../../../arm-none-eabi/lib/thumb/v7-m/nofp\libc_nano.a(libc_a-signalr.o)
                0x0800cf04                _kill_r
 .text._getpid_r
                0x0800cf28        0x4 C:/ST/STM32CubeIDE_1.18.0/STM32CubeIDE/plugins/com.st.stm32cube.ide.mcu.externaltools.gnu-tools-for-stm32.13.3.rel1.win32_1.0.0.202411081344/tools/bin/../lib/gcc/arm-none-eabi/13.3.1/../../../../arm-none-eabi/lib/thumb/v7-m/nofp\libc_nano.a(libc_a-signalr.o)
                0x0800cf28                _getpid_r
 .text._sbrk_r  0x0800cf2c       0x20 C:/ST/STM32CubeIDE_1.18.0/STM32CubeIDE/plugins/com.st.stm32cube.ide.mcu.externaltools.gnu-tools-for-stm32.13.3.rel1.win32_1.0.0.202411081344/tools/bin/../lib/gcc/arm-none-eabi/13.3.1/../../../../arm-none-eabi/lib/thumb/v7-m/nofp\libc_nano.a(libc_a-sbrkr.o)
                0x0800cf2c                _sbrk_r
 .text.memchr   0x0800cf4c       0x1c C:/ST/STM32CubeIDE_1.18.0/STM32CubeIDE/plugins/com.st.stm32cube.ide.mcu.externaltools.gnu-tools-for-stm32.13.3.rel1.win32_1.0.0.202411081344/tools/bin/../lib/gcc/arm-none-eabi/13.3.1/../../../../arm-none-eabi/lib/thumb/v7-m/nofp\libc_nano.a(libc_a-memchr-stub.o)
                0x0800cf4c                memchr
 .text._realloc_r
                0x0800cf68       0x5c C:/ST/STM32CubeIDE_1.18.0/STM32CubeIDE/plugins/com.st.stm32cube.ide.mcu.externaltools.gnu-tools-for-stm32.13.3.rel1.win32_1.0.0.202411081344/tools/bin/../lib/gcc/arm-none-eabi/13.3.1/../../../../arm-none-eabi/lib/thumb/v7-m/nofp\libc_nano.a(libc_a-reallocr.o)
                0x0800cf68                _realloc_r
 .text.__swhatbuf_r
                0x0800cfc4       0x4a C:/ST/STM32CubeIDE_1.18.0/STM32CubeIDE/plugins/com.st.stm32cube.ide.mcu.externaltools.gnu-tools-for-stm32.13.3.rel1.win32_1.0.0.202411081344/tools/bin/../lib/gcc/arm-none-eabi/13.3.1/../../../../arm-none-eabi/lib/thumb/v7-m/nofp\libc_nano.a(libc_a-makebuf.o)
                0x0800cfc4                __swhatbuf_r
 .text.__smakebuf_r
                0x0800d00e       0x78 C:/ST/STM32CubeIDE_1.18.0/STM32CubeIDE/plugins/com.st.stm32cube.ide.mcu.externaltools.gnu-tools-for-stm32.13.3.rel1.win32_1.0.0.202411081344/tools/bin/../lib/gcc/arm-none-eabi/13.3.1/../../../../arm-none-eabi/lib/thumb/v7-m/nofp\libc_nano.a(libc_a-makebuf.o)
                0x0800d00e                __smakebuf_r
 *fill*         0x0800d086        0x2 
 .text._fstat_r
                0x0800d088       0x24 C:/ST/STM32CubeIDE_1.18.0/STM32CubeIDE/plugins/com.st.stm32cube.ide.mcu.externaltools.gnu-tools-for-stm32.13.3.rel1.win32_1.0.0.202411081344/tools/bin/../lib/gcc/arm-none-eabi/13.3.1/../../../../arm-none-eabi/lib/thumb/v7-m/nofp\libc_nano.a(libc_a-fstatr.o)
                0x0800d088                _fstat_r
 .text._isatty_r
                0x0800d0ac       0x20 C:/ST/STM32CubeIDE_1.18.0/STM32CubeIDE/plugins/com.st.stm32cube.ide.mcu.externaltools.gnu-tools-for-stm32.13.3.rel1.win32_1.0.0.202411081344/tools/bin/../lib/gcc/arm-none-eabi/13.3.1/../../../../arm-none-eabi/lib/thumb/v7-m/nofp\libc_nano.a(libc_a-isattyr.o)
                0x0800d0ac                _isatty_r
 .text._malloc_usable_size_r
                0x0800d0cc       0x10 C:/ST/STM32CubeIDE_1.18.0/STM32CubeIDE/plugins/com.st.stm32cube.ide.mcu.externaltools.gnu-tools-for-stm32.13.3.rel1.win32_1.0.0.202411081344/tools/bin/../lib/gcc/arm-none-eabi/13.3.1/../../../../arm-none-eabi/lib/thumb/v7-m/nofp\libc_nano.a(libc_a-msizer.o)
                0x0800d0cc                _malloc_usable_size_r
 *(.glue_7)
 .glue_7        0x0800d0dc        0x0 linker stubs
 *(.glue_7t)
 .glue_7t       0x0800d0dc        0x0 linker stubs
 *(.eh_frame)
 .eh_frame      0x0800d0dc        0x0 C:/ST/STM32CubeIDE_1.18.0/STM32CubeIDE/plugins/com.st.stm32cube.ide.mcu.externaltools.gnu-tools-for-stm32.13.3.rel1.win32_1.0.0.202411081344/tools/bin/../lib/gcc/arm-none-eabi/13.3.1/thumb/v7-m/nofp/crtbegin.o
 *(.init)
 .init          0x0800d0dc        0x4 C:/ST/STM32CubeIDE_1.18.0/STM32CubeIDE/plugins/com.st.stm32cube.ide.mcu.externaltools.gnu-tools-for-stm32.13.3.rel1.win32_1.0.0.202411081344/tools/bin/../lib/gcc/arm-none-eabi/13.3.1/thumb/v7-m/nofp/crti.o
                0x0800d0dc                _init
 .init          0x0800d0e0        0x8 C:/ST/STM32CubeIDE_1.18.0/STM32CubeIDE/plugins/com.st.stm32cube.ide.mcu.externaltools.gnu-tools-for-stm32.13.3.rel1.win32_1.0.0.202411081344/tools/bin/../lib/gcc/arm-none-eabi/13.3.1/thumb/v7-m/nofp/crtn.o
 *(.fini)
 .fini          0x0800d0e8        0x4 C:/ST/STM32CubeIDE_1.18.0/STM32CubeIDE/plugins/com.st.stm32cube.ide.mcu.externaltools.gnu-tools-for-stm32.13.3.rel1.win32_1.0.0.202411081344/tools/bin/../lib/gcc/arm-none-eabi/13.3.1/thumb/v7-m/nofp/crti.o
                0x0800d0e8                _fini
 .fini          0x0800d0ec        0x8 C:/ST/STM32CubeIDE_1.18.0/STM32CubeIDE/plugins/com.st.stm32cube.ide.mcu.externaltools.gnu-tools-for-stm32.13.3.rel1.win32_1.0.0.202411081344/tools/bin/../lib/gcc/arm-none-eabi/13.3.1/thumb/v7-m/nofp/crtn.o
                0x0800d0f4                        . = ALIGN (0x4)
                0x0800d0f4                        _etext = .

.vfp11_veneer   0x0800d0f4        0x0
 .vfp11_veneer  0x0800d0f4        0x0 linker stubs

.v4_bx          0x0800d0f4        0x0
 .v4_bx         0x0800d0f4        0x0 linker stubs

.iplt           0x0800d0f4        0x0
 .iplt          0x0800d0f4        0x0 C:/ST/STM32CubeIDE_1.18.0/STM32CubeIDE/plugins/com.st.stm32cube.ide.mcu.externaltools.gnu-tools-for-stm32.13.3.rel1.win32_1.0.0.202411081344/tools/bin/../lib/gcc/arm-none-eabi/13.3.1/thumb/v7-m/nofp/crtbegin.o

.rodata         0x0800d0f4     0x1180
                0x0800d0f4                        . = ALIGN (0x4)
 *(.rodata)
 .rodata        0x0800d0f4      0x169 ./Core/Src/command.o
 *fill*         0x0800d25d        0x3 
 .rodata        0x0800d260       0xea ./Core/Src/comms.o
 *fill*         0x0800d34a        0x2 
 .rodata        0x0800d34c       0x90 ./Core/Src/fram.o
 .rodata        0x0800d3dc       0x1c ./Core/Src/irq.o
 .rodata        0x0800d3f8       0xce ./Core/Src/main.o
 *fill*         0x0800d4c6        0x2 
 .rodata        0x0800d4c8      0x813 ./Core/Src/photo.o
 *fill*         0x0800dcdb        0x1 
 .rodata        0x0800dcdc      0x117 ./Core/Src/sram.o
 *fill*         0x0800ddf3        0x1 
 .rodata        0x0800ddf4       0x3c ./Core/Src/status.o
 *(.rodata*)
 .rodata.command_table
                0x0800de30       0x70 ./Core/Src/command.o
                0x0800de30                command_table
 .rodata.tjei_default_qt_luma_from_spec
                0x0800dea0       0x40 ./Core/Src/photo.o
 .rodata.tjei_default_qt_chroma_from_paper
                0x0800dee0       0x40 ./Core/Src/photo.o
 .rodata.tjei_default_ht_luma_dc_len
                0x0800df20       0x10 ./Core/Src/photo.o
 .rodata.tjei_default_ht_luma_dc
                0x0800df30        0xc ./Core/Src/photo.o
 .rodata.tjei_default_ht_chroma_dc_len
                0x0800df3c       0x10 ./Core/Src/photo.o
 .rodata.tjei_default_ht_chroma_dc
                0x0800df4c        0xc ./Core/Src/photo.o
 .rodata.tjei_default_ht_luma_ac_len
                0x0800df58       0x10 ./Core/Src/photo.o
 .rodata.tjei_default_ht_luma_ac
                0x0800df68       0xa2 ./Core/Src/photo.o
 *fill*         0x0800e00a        0x2 
 .rodata.tjei_default_ht_chroma_ac_len
                0x0800e00c       0x10 ./Core/Src/photo.o
 .rodata.tjei_default_ht_chroma_ac
                0x0800e01c       0xa2 ./Core/Src/photo.o
 *fill*         0x0800e0be        0x2 
 .rodata.tjei_zig_zag
                0x0800e0c0       0x40 ./Core/Src/photo.o
 .rodata.tjeik_jfif_id
                0x0800e100        0x5 ./Core/Src/photo.o
 *fill*         0x0800e105        0x3 
 .rodata.tjeik_com_str
                0x0800e108       0x1d ./Core/Src/photo.o
 *fill*         0x0800e125        0x3 
 .rodata.__func__.8
                0x0800e128        0xb ./Core/Src/photo.o
 *fill*         0x0800e133        0x1 
 .rodata.__func__.7
                0x0800e134        0xf ./Core/Src/photo.o
 *fill*         0x0800e143        0x1 
 .rodata.__func__.6
                0x0800e144        0xf ./Core/Src/photo.o
 *fill*         0x0800e153        0x1 
 .rodata.__func__.5
                0x0800e154       0x14 ./Core/Src/photo.o
 .rodata.__func__.4
                0x0800e168       0x1a ./Core/Src/photo.o
 *fill*         0x0800e182        0x2 
 .rodata.__func__.3
                0x0800e184       0x11 ./Core/Src/photo.o
 *fill*         0x0800e195        0x3 
 .rodata.aan_scales.2
                0x0800e198       0x20 ./Core/Src/photo.o
 .rodata.__func__.1
                0x0800e1b8       0x11 ./Core/Src/photo.o
 *fill*         0x0800e1c9        0x3 
 .rodata.__func__.0
                0x0800e1cc       0x15 ./Core/Src/photo.o
 *fill*         0x0800e1e1        0x3 
 .rodata.AHBPrescTable
                0x0800e1e4       0x10 ./Core/Src/system_stm32f2xx.o
                0x0800e1e4                AHBPrescTable
 .rodata.APBPrescTable
                0x0800e1f4        0x8 ./Core/Src/system_stm32f2xx.o
                0x0800e1f4                APBPrescTable
 .rodata.flagBitshiftOffset.0
                0x0800e1fc        0x8 ./Drivers/STM32F2xx_HAL_Driver/Src/stm32f2xx_hal_dma.o
 .rodata.__assert_func.str1.1
                0x0800e204       0x6f C:/ST/STM32CubeIDE_1.18.0/STM32CubeIDE/plugins/com.st.stm32cube.ide.mcu.externaltools.gnu-tools-for-stm32.13.3.rel1.win32_1.0.0.202411081344/tools/bin/../lib/gcc/arm-none-eabi/13.3.1/../../../../arm-none-eabi/lib/thumb/v7-m/nofp\libc_nano.a(libc_a-assert.o)
                                 0x3d (size before relaxing)
 .rodata._svfprintf_r.str1.1
                0x0800e273       0x11 C:/ST/STM32CubeIDE_1.18.0/STM32CubeIDE/plugins/com.st.stm32cube.ide.mcu.externaltools.gnu-tools-for-stm32.13.3.rel1.win32_1.0.0.202411081344/tools/bin/../lib/gcc/arm-none-eabi/13.3.1/../../../../arm-none-eabi/lib/thumb/v7-m/nofp\libc_nano.a(libc_a-nano-svfprintf.o)
 .rodata._vfprintf_r.str1.1
                0x0800e273       0x11 C:/ST/STM32CubeIDE_1.18.0/STM32CubeIDE/plugins/com.st.stm32cube.ide.mcu.externaltools.gnu-tools-for-stm32.13.3.rel1.win32_1.0.0.202411081344/tools/bin/../lib/gcc/arm-none-eabi/13.3.1/../../../../arm-none-eabi/lib/thumb/v7-m/nofp\libc_nano.a(libc_a-nano-vfprintf.o)
 .rodata._printf_i.str1.1
                0x0800e273       0x22 C:/ST/STM32CubeIDE_1.18.0/STM32CubeIDE/plugins/com.st.stm32cube.ide.mcu.externaltools.gnu-tools-for-stm32.13.3.rel1.win32_1.0.0.202411081344/tools/bin/../lib/gcc/arm-none-eabi/13.3.1/../../../../arm-none-eabi/lib/thumb/v7-m/nofp\libc_nano.a(libc_a-nano-vfprintf_i.o)
                0x0800e298                        . = ALIGN (0x4)
 *fill*         0x0800e273        0x1 

.ARM.extab      0x0800e274        0x0
                0x0800e274                        . = ALIGN (0x4)
 *(.ARM.extab* .gnu.linkonce.armextab.*)
                0x0800e274                        . = ALIGN (0x4)

.ARM            0x0800e274        0x8
                0x0800e274                        . = ALIGN (0x4)
                0x0800e274                        __exidx_start = .
 *(.ARM.exidx*)
 .ARM.exidx     0x0800e274        0x8 C:/ST/STM32CubeIDE_1.18.0/STM32CubeIDE/plugins/com.st.stm32cube.ide.mcu.externaltools.gnu-tools-for-stm32.13.3.rel1.win32_1.0.0.202411081344/tools/bin/../lib/gcc/arm-none-eabi/13.3.1/../../../../arm-none-eabi/lib/thumb/v7-m/nofp\libc_nano.a(libc_a-strlen.o)
 .ARM.exidx     0x0800e27c        0x0 C:/ST/STM32CubeIDE_1.18.0/STM32CubeIDE/plugins/com.st.stm32cube.ide.mcu.externaltools.gnu-tools-for-stm32.13.3.rel1.win32_1.0.0.202411081344/tools/bin/../lib/gcc/arm-none-eabi/13.3.1/thumb/v7-m/nofp\libgcc.a(_udivmoddi4.o)
                                  0x8 (size before relaxing)
                0x0800e27c                        __exidx_end = .
                0x0800e27c                        . = ALIGN (0x4)

.preinit_array  0x0800e27c        0x0
                0x0800e27c                        . = ALIGN (0x4)
                0x0800e27c                        PROVIDE (__preinit_array_start = .)
 *(.preinit_array*)
                0x0800e27c                        PROVIDE (__preinit_array_end = .)
                0x0800e27c                        . = ALIGN (0x4)

.init_array     0x0800e27c        0x4
                0x0800e27c                        . = ALIGN (0x4)
                0x0800e27c                        PROVIDE (__init_array_start = .)
 *(SORT_BY_NAME(.init_array.*))
 *(.init_array*)
 .init_array    0x0800e27c        0x4 C:/ST/STM32CubeIDE_1.18.0/STM32CubeIDE/plugins/com.st.stm32cube.ide.mcu.externaltools.gnu-tools-for-stm32.13.3.rel1.win32_1.0.0.202411081344/tools/bin/../lib/gcc/arm-none-eabi/13.3.1/thumb/v7-m/nofp/crtbegin.o
                0x0800e280                        PROVIDE (__init_array_end = .)
                0x0800e280                        . = ALIGN (0x4)

.fini_array     0x0800e280        0x4
                0x0800e280                        . = ALIGN (0x4)
                [!provide]                        PROVIDE (__fini_array_start = .)
 *(SORT_BY_NAME(.fini_array.*))
 *(.fini_array*)
 .fini_array    0x0800e280        0x4 C:/ST/STM32CubeIDE_1.18.0/STM32CubeIDE/plugins/com.st.stm32cube.ide.mcu.externaltools.gnu-tools-for-stm32.13.3.rel1.win32_1.0.0.202411081344/tools/bin/../lib/gcc/arm-none-eabi/13.3.1/thumb/v7-m/nofp/crtbegin.o
                [!provide]                        PROVIDE (__fini_array_end = .)
                0x0800e284                        . = ALIGN (0x4)
                0x0800e284                        _sidata = LOADADDR (.data)

.rel.dyn        0x0800e284        0x0
 .rel.iplt      0x0800e284        0x0 C:/ST/STM32CubeIDE_1.18.0/STM32CubeIDE/plugins/com.st.stm32cube.ide.mcu.externaltools.gnu-tools-for-stm32.13.3.rel1.win32_1.0.0.202411081344/tools/bin/../lib/gcc/arm-none-eabi/13.3.1/thumb/v7-m/nofp/crtbegin.o

.data           0x20000000       0x68 load address 0x0800e284
                0x20000000                        . = ALIGN (0x4)
                0x20000000                        _sdata = .
 *(.data)
 *(.data*)
 .data.SystemCoreClock
                0x20000000        0x4 ./Core/Src/system_stm32f2xx.o
                0x20000000                SystemCoreClock
 .data.uwTickPrio
                0x20000004        0x4 ./Drivers/STM32F2xx_HAL_Driver/Src/stm32f2xx_hal.o
                0x20000004                uwTickPrio
 .data.uwTickFreq
                0x20000008        0x1 ./Drivers/STM32F2xx_HAL_Driver/Src/stm32f2xx_hal.o
                0x20000008                uwTickFreq
 *fill*         0x20000009        0x3 
 .data.__sglue  0x2000000c        0xc C:/ST/STM32CubeIDE_1.18.0/STM32CubeIDE/plugins/com.st.stm32cube.ide.mcu.externaltools.gnu-tools-for-stm32.13.3.rel1.win32_1.0.0.202411081344/tools/bin/../lib/gcc/arm-none-eabi/13.3.1/../../../../arm-none-eabi/lib/thumb/v7-m/nofp\libc_nano.a(libc_a-findfp.o)
                0x2000000c                __sglue
 .data._impure_ptr
                0x20000018        0x4 C:/ST/STM32CubeIDE_1.18.0/STM32CubeIDE/plugins/com.st.stm32cube.ide.mcu.externaltools.gnu-tools-for-stm32.13.3.rel1.win32_1.0.0.202411081344/tools/bin/../lib/gcc/arm-none-eabi/13.3.1/../../../../arm-none-eabi/lib/thumb/v7-m/nofp\libc_nano.a(libc_a-impure.o)
                0x20000018                _impure_ptr
 .data._impure_data
                0x2000001c       0x4c C:/ST/STM32CubeIDE_1.18.0/STM32CubeIDE/plugins/com.st.stm32cube.ide.mcu.externaltools.gnu-tools-for-stm32.13.3.rel1.win32_1.0.0.202411081344/tools/bin/../lib/gcc/arm-none-eabi/13.3.1/../../../../arm-none-eabi/lib/thumb/v7-m/nofp\libc_nano.a(libc_a-impure.o)
                0x2000001c                _impure_data
 *(.RamFunc)
 *(.RamFunc*)
                0x20000068                        . = ALIGN (0x4)
                0x20000068                        _edata = .

.igot.plt       0x20000068        0x0 load address 0x0800e2ec
 .igot.plt      0x20000068        0x0 C:/ST/STM32CubeIDE_1.18.0/STM32CubeIDE/plugins/com.st.stm32cube.ide.mcu.externaltools.gnu-tools-for-stm32.13.3.rel1.win32_1.0.0.202411081344/tools/bin/../lib/gcc/arm-none-eabi/13.3.1/thumb/v7-m/nofp/crtbegin.o
                0x20000068                        . = ALIGN (0x4)

.bss            0x20000068      0x544 load address 0x0800e2ec
                0x20000068                        _sbss = .
                0x20000068                        __bss_start__ = _sbss
 *(.bss)
 .bss           0x20000068       0x1c C:/ST/STM32CubeIDE_1.18.0/STM32CubeIDE/plugins/com.st.stm32cube.ide.mcu.externaltools.gnu-tools-for-stm32.13.3.rel1.win32_1.0.0.202411081344/tools/bin/../lib/gcc/arm-none-eabi/13.3.1/thumb/v7-m/nofp/crtbegin.o
 *(.bss*)
 .bss.current_command_pointer
                0x20000084        0x4 ./Core/Src/command.o
                0x20000084                current_command_pointer
 .bss.cmd_ret   0x20000088        0x1 ./Core/Src/command.o
                0x20000088                cmd_ret
 *fill*         0x20000089        0x3 
 .bss.picture_delay_start
                0x2000008c        0x4 ./Core/Src/command.o
                0x2000008c                picture_delay_start
 .bss.picture_delay_mins
                0x20000090        0x1 ./Core/Src/command.o
                0x20000090                picture_delay_mins
 .bss.delayed_flag
                0x20000091        0x1 ./Core/Src/command.o
                0x20000091                delayed_flag
 .bss.ignore_flag
                0x20000092        0x1 ./Core/Src/command.o
                0x20000092                ignore_flag
 *fill*         0x20000093        0x1 
 .bss.rx_buffer
                0x20000094       0x78 ./Core/Src/comms.o
                0x20000094                rx_buffer
 .bss.tx_buffer
                0x2000010c       0x77 ./Core/Src/comms.o
                0x2000010c                tx_buffer
 .bss.instr_number
                0x20000183        0x1 ./Core/Src/comms.o
                0x20000183                instr_number
 .bss.instr_opcode
                0x20000184        0x5 ./Core/Src/comms.o
                0x20000184                instr_opcode
 .bss.rx_flag   0x20000189        0x1 ./Core/Src/comms.o
                0x20000189                rx_flag
 .bss.rx_size   0x2000018a        0x2 ./Core/Src/comms.o
                0x2000018a                rx_size
 .bss.hdcmi     0x2000018c       0x40 ./Core/Src/main.o
                0x2000018c                hdcmi
 .bss.hdma_dcmi
                0x200001cc       0x60 ./Core/Src/main.o
                0x200001cc                hdma_dcmi
 .bss.hi2c2     0x2000022c       0x54 ./Core/Src/main.o
                0x2000022c                hi2c2
 .bss.hiwdg     0x20000280        0xc ./Core/Src/main.o
                0x20000280                hiwdg
 .bss.hspi2     0x2000028c       0x58 ./Core/Src/main.o
                0x2000028c                hspi2
 .bss.htim11    0x200002e4       0x48 ./Core/Src/main.o
                0x200002e4                htim11
 .bss.huart4    0x2000032c       0x48 ./Core/Src/main.o
                0x2000032c                huart4
 .bss.huart1    0x20000374       0x48 ./Core/Src/main.o
                0x20000374                huart1
 .bss.hsram1    0x200003bc       0x44 ./Core/Src/main.o
                0x200003bc                hsram1
 .bss.ret       0x20000400        0x1 ./Core/Src/main.o
                0x20000400                ret
 .bss.state     0x20000401        0x1 ./Core/Src/main.o
                0x20000401                state
 .bss.dcmi_frame_ready
                0x20000402        0x1 ./Core/Src/photo.o
                0x20000402                dcmi_frame_ready
 .bss.dcmi_error
                0x20000403        0x1 ./Core/Src/photo.o
                0x20000403                dcmi_error
 .bss.cam_params
                0x20000404        0x2 ./Core/Src/photo.o
                0x20000404                cam_params
 .bss.current_metadata_slot
                0x20000406        0x1 ./Core/Src/photo.o
                0x20000406                current_metadata_slot
 *fill*         0x20000407        0x1 
 .bss.current_data_address_sram
                0x20000408        0x4 ./Core/Src/photo.o
                0x20000408                current_data_address_sram
 .bss.board_status
                0x2000040c       0x24 ./Core/Src/status.o
                0x2000040c                board_status
 .bss.timestamp
                0x20000430        0x4 ./Core/Src/status.o
                0x20000430                timestamp
 .bss.total_seconds
                0x20000434        0x4 ./Core/Src/status.o
                0x20000434                total_seconds
 .bss.timestamp_string
                0x20000438        0xf ./Core/Src/status.o
                0x20000438                timestamp_string
 *fill*         0x20000447        0x1 
 .bss.hours     0x20000448        0x4 ./Core/Src/status.o
                0x20000448                hours
 .bss.minutes   0x2000044c        0x4 ./Core/Src/status.o
                0x2000044c                minutes
 .bss.seconds   0x20000450        0x4 ./Core/Src/status.o
                0x20000450                seconds
 .bss.FSMC_Initialized
                0x20000454        0x4 ./Core/Src/stm32f2xx_hal_msp.o
 .bss.__sbrk_heap_end
                0x20000458        0x4 ./Core/Src/sysmem.o
 .bss.uwTick    0x2000045c        0x4 ./Drivers/STM32F2xx_HAL_Driver/Src/stm32f2xx_hal.o
                0x2000045c                uwTick
 .bss.__sf      0x20000460      0x138 C:/ST/STM32CubeIDE_1.18.0/STM32CubeIDE/plugins/com.st.stm32cube.ide.mcu.externaltools.gnu-tools-for-stm32.13.3.rel1.win32_1.0.0.202411081344/tools/bin/../lib/gcc/arm-none-eabi/13.3.1/../../../../arm-none-eabi/lib/thumb/v7-m/nofp\libc_nano.a(libc_a-findfp.o)
                0x20000460                __sf
 .bss.__stdio_exit_handler
                0x20000598        0x4 C:/ST/STM32CubeIDE_1.18.0/STM32CubeIDE/plugins/com.st.stm32cube.ide.mcu.externaltools.gnu-tools-for-stm32.13.3.rel1.win32_1.0.0.202411081344/tools/bin/../lib/gcc/arm-none-eabi/13.3.1/../../../../arm-none-eabi/lib/thumb/v7-m/nofp\libc_nano.a(libc_a-findfp.o)
                0x20000598                __stdio_exit_handler
 .bss.errno     0x2000059c        0x4 C:/ST/STM32CubeIDE_1.18.0/STM32CubeIDE/plugins/com.st.stm32cube.ide.mcu.externaltools.gnu-tools-for-stm32.13.3.rel1.win32_1.0.0.202411081344/tools/bin/../lib/gcc/arm-none-eabi/13.3.1/../../../../arm-none-eabi/lib/thumb/v7-m/nofp\libc_nano.a(libc_a-reent.o)
                0x2000059c                errno
 .bss.__lock___malloc_recursive_mutex
                0x200005a0        0x1 C:/ST/STM32CubeIDE_1.18.0/STM32CubeIDE/plugins/com.st.stm32cube.ide.mcu.externaltools.gnu-tools-for-stm32.13.3.rel1.win32_1.0.0.202411081344/tools/bin/../lib/gcc/arm-none-eabi/13.3.1/../../../../arm-none-eabi/lib/thumb/v7-m/nofp\libc_nano.a(libc_a-lock.o)
                0x200005a0                __lock___malloc_recursive_mutex
 .bss.__lock___sfp_recursive_mutex
                0x200005a1        0x1 C:/ST/STM32CubeIDE_1.18.0/STM32CubeIDE/plugins/com.st.stm32cube.ide.mcu.externaltools.gnu-tools-for-stm32.13.3.rel1.win32_1.0.0.202411081344/tools/bin/../lib/gcc/arm-none-eabi/13.3.1/../../../../arm-none-eabi/lib/thumb/v7-m/nofp\libc_nano.a(libc_a-lock.o)
                0x200005a1                __lock___sfp_recursive_mutex
 *fill*         0x200005a2        0x2 
 .bss.__malloc_sbrk_start
                0x200005a4        0x4 C:/ST/STM32CubeIDE_1.18.0/STM32CubeIDE/plugins/com.st.stm32cube.ide.mcu.externaltools.gnu-tools-for-stm32.13.3.rel1.win32_1.0.0.202411081344/tools/bin/../lib/gcc/arm-none-eabi/13.3.1/../../../../arm-none-eabi/lib/thumb/v7-m/nofp\libc_nano.a(libc_a-mallocr.o)
                0x200005a4                __malloc_sbrk_start
 .bss.__malloc_free_list
                0x200005a8        0x4 C:/ST/STM32CubeIDE_1.18.0/STM32CubeIDE/plugins/com.st.stm32cube.ide.mcu.externaltools.gnu-tools-for-stm32.13.3.rel1.win32_1.0.0.202411081344/tools/bin/../lib/gcc/arm-none-eabi/13.3.1/../../../../arm-none-eabi/lib/thumb/v7-m/nofp\libc_nano.a(libc_a-mallocr.o)
                0x200005a8                __malloc_free_list
 *(COMMON)
                0x200005ac                        . = ALIGN (0x4)
                0x200005ac                        _ebss = .
                0x200005ac                        __bss_end__ = _ebss

._user_heap_stack
                0x200005ac      0x604 load address 0x0800e2ec
                0x200005b0                        . = ALIGN (0x8)
 *fill*         0x200005ac        0x4 
                [!provide]                        PROVIDE (end = .)
                0x200005b0                        PROVIDE (_end = .)
                0x200007b0                        . = (. + _Min_Heap_Size)
 *fill*         0x200005b0      0x200 
                0x20000bb0                        . = (. + _Min_Stack_Size)
 *fill*         0x200007b0      0x400 
                0x20000bb0                        . = ALIGN (0x8)

/DISCARD/
 libc.a(*)
 libm.a(*)
 libgcc.a(*)

.ARM.attributes
                0x00000000       0x29
 *(.ARM.attributes)
 .ARM.attributes
                0x00000000       0x1d C:/ST/STM32CubeIDE_1.18.0/STM32CubeIDE/plugins/com.st.stm32cube.ide.mcu.externaltools.gnu-tools-for-stm32.13.3.rel1.win32_1.0.0.202411081344/tools/bin/../lib/gcc/arm-none-eabi/13.3.1/thumb/v7-m/nofp/crti.o
 .ARM.attributes
                0x0000001d       0x2d C:/ST/STM32CubeIDE_1.18.0/STM32CubeIDE/plugins/com.st.stm32cube.ide.mcu.externaltools.gnu-tools-for-stm32.13.3.rel1.win32_1.0.0.202411081344/tools/bin/../lib/gcc/arm-none-eabi/13.3.1/thumb/v7-m/nofp/crtbegin.o
 .ARM.attributes
                0x0000004a       0x2d ./Core/Src/command.o
 .ARM.attributes
                0x00000077       0x2d ./Core/Src/comms.o
 .ARM.attributes
                0x000000a4       0x2d ./Core/Src/fram.o
 .ARM.attributes
                0x000000d1       0x2d ./Core/Src/gpio.o
 .ARM.attributes
                0x000000fe       0x2d ./Core/Src/irq.o
 .ARM.attributes
                0x0000012b       0x2d ./Core/Src/main.o
 .ARM.attributes
                0x00000158       0x2d ./Core/Src/photo.o
 .ARM.attributes
                0x00000185       0x2d ./Core/Src/sram.o
 .ARM.attributes
                0x000001b2       0x2d ./Core/Src/status.o
 .ARM.attributes
                0x000001df       0x2d ./Core/Src/stm32f2xx_hal_msp.o
 .ARM.attributes
                0x0000020c       0x2d ./Core/Src/stm32f2xx_it.o
 .ARM.attributes
                0x00000239       0x2d ./Core/Src/syscalls.o
 .ARM.attributes
                0x00000266       0x2d ./Core/Src/sysmem.o
 .ARM.attributes
                0x00000293       0x2d ./Core/Src/system_stm32f2xx.o
 .ARM.attributes
                0x000002c0       0x21 ./Core/Startup/startup_stm32f217zgtx.o
 .ARM.attributes
                0x000002e1       0x2d ./Drivers/STM32F2xx_HAL_Driver/Src/stm32f2xx_hal.o
 .ARM.attributes
                0x0000030e       0x2d ./Drivers/STM32F2xx_HAL_Driver/Src/stm32f2xx_hal_cortex.o
 .ARM.attributes
                0x0000033b       0x2d ./Drivers/STM32F2xx_HAL_Driver/Src/stm32f2xx_hal_dcmi.o
 .ARM.attributes
                0x00000368       0x2d ./Drivers/STM32F2xx_HAL_Driver/Src/stm32f2xx_hal_dma.o
 .ARM.attributes
                0x00000395       0x2d ./Drivers/STM32F2xx_HAL_Driver/Src/stm32f2xx_hal_dma_ex.o
 .ARM.attributes
                0x000003c2       0x2d ./Drivers/STM32F2xx_HAL_Driver/Src/stm32f2xx_hal_gpio.o
 .ARM.attributes
                0x000003ef       0x2d ./Drivers/STM32F2xx_HAL_Driver/Src/stm32f2xx_hal_i2c.o
 .ARM.attributes
                0x0000041c       0x2d ./Drivers/STM32F2xx_HAL_Driver/Src/stm32f2xx_hal_iwdg.o
 .ARM.attributes
                0x00000449       0x2d ./Drivers/STM32F2xx_HAL_Driver/Src/stm32f2xx_hal_rcc.o
 .ARM.attributes
                0x00000476       0x2d ./Drivers/STM32F2xx_HAL_Driver/Src/stm32f2xx_hal_spi.o
 .ARM.attributes
                0x000004a3       0x2d ./Drivers/STM32F2xx_HAL_Driver/Src/stm32f2xx_hal_sram.o
 .ARM.attributes
                0x000004d0       0x2d ./Drivers/STM32F2xx_HAL_Driver/Src/stm32f2xx_hal_tim.o
 .ARM.attributes
                0x000004fd       0x2d ./Drivers/STM32F2xx_HAL_Driver/Src/stm32f2xx_hal_uart.o
 .ARM.attributes
                0x0000052a       0x2d ./Drivers/STM32F2xx_HAL_Driver/Src/stm32f2xx_ll_fsmc.o
 .ARM.attributes
                0x00000557       0x2d C:/ST/STM32CubeIDE_1.18.0/STM32CubeIDE/plugins/com.st.stm32cube.ide.mcu.externaltools.gnu-tools-for-stm32.13.3.rel1.win32_1.0.0.202411081344/tools/bin/../lib/gcc/arm-none-eabi/13.3.1/../../../../arm-none-eabi/lib/thumb/v7-m/nofp\libc_nano.a(libc_a-assert.o)
 .ARM.attributes
                0x00000584       0x2d C:/ST/STM32CubeIDE_1.18.0/STM32CubeIDE/plugins/com.st.stm32cube.ide.mcu.externaltools.gnu-tools-for-stm32.13.3.rel1.win32_1.0.0.202411081344/tools/bin/../lib/gcc/arm-none-eabi/13.3.1/../../../../arm-none-eabi/lib/thumb/v7-m/nofp\libc_nano.a(libc_a-findfp.o)
 .ARM.attributes
                0x000005b1       0x2d C:/ST/STM32CubeIDE_1.18.0/STM32CubeIDE/plugins/com.st.stm32cube.ide.mcu.externaltools.gnu-tools-for-stm32.13.3.rel1.win32_1.0.0.202411081344/tools/bin/../lib/gcc/arm-none-eabi/13.3.1/../../../../arm-none-eabi/lib/thumb/v7-m/nofp\libc_nano.a(libc_a-fprintf.o)
 .ARM.attributes
                0x000005de       0x2d C:/ST/STM32CubeIDE_1.18.0/STM32CubeIDE/plugins/com.st.stm32cube.ide.mcu.externaltools.gnu-tools-for-stm32.13.3.rel1.win32_1.0.0.202411081344/tools/bin/../lib/gcc/arm-none-eabi/13.3.1/../../../../arm-none-eabi/lib/thumb/v7-m/nofp\libc_nano.a(libc_a-fwalk.o)
 .ARM.attributes
                0x0000060b       0x2d C:/ST/STM32CubeIDE_1.18.0/STM32CubeIDE/plugins/com.st.stm32cube.ide.mcu.externaltools.gnu-tools-for-stm32.13.3.rel1.win32_1.0.0.202411081344/tools/bin/../lib/gcc/arm-none-eabi/13.3.1/../../../../arm-none-eabi/lib/thumb/v7-m/nofp\libc_nano.a(libc_a-snprintf.o)
 .ARM.attributes
                0x00000638       0x2d C:/ST/STM32CubeIDE_1.18.0/STM32CubeIDE/plugins/com.st.stm32cube.ide.mcu.externaltools.gnu-tools-for-stm32.13.3.rel1.win32_1.0.0.202411081344/tools/bin/../lib/gcc/arm-none-eabi/13.3.1/../../../../arm-none-eabi/lib/thumb/v7-m/nofp\libc_nano.a(libc_a-sprintf.o)
 .ARM.attributes
                0x00000665       0x2d C:/ST/STM32CubeIDE_1.18.0/STM32CubeIDE/plugins/com.st.stm32cube.ide.mcu.externaltools.gnu-tools-for-stm32.13.3.rel1.win32_1.0.0.202411081344/tools/bin/../lib/gcc/arm-none-eabi/13.3.1/../../../../arm-none-eabi/lib/thumb/v7-m/nofp\libc_nano.a(libc_a-stdio.o)
 .ARM.attributes
                0x00000692       0x2d C:/ST/STM32CubeIDE_1.18.0/STM32CubeIDE/plugins/com.st.stm32cube.ide.mcu.externaltools.gnu-tools-for-stm32.13.3.rel1.win32_1.0.0.202411081344/tools/bin/../lib/gcc/arm-none-eabi/13.3.1/../../../../arm-none-eabi/lib/thumb/v7-m/nofp\libc_nano.a(libc_a-memset.o)
 .ARM.attributes
                0x000006bf       0x2d C:/ST/STM32CubeIDE_1.18.0/STM32CubeIDE/plugins/com.st.stm32cube.ide.mcu.externaltools.gnu-tools-for-stm32.13.3.rel1.win32_1.0.0.202411081344/tools/bin/../lib/gcc/arm-none-eabi/13.3.1/../../../../arm-none-eabi/lib/thumb/v7-m/nofp\libc_nano.a(libc_a-strcat.o)
 .ARM.attributes