../Drivers/STM32F2xx_HAL_Driver/Src/stm32f2xx_ll_fsmc.c:195:20:FSMC_NORSRAM_Init	32	static
../Drivers/STM32F2xx_HAL_Driver/Src/stm32f2xx_ll_fsmc.c:275:19:FSMC_NORSRAM_DeInit	24	static
../Drivers/STM32F2xx_HAL_Driver/Src/stm32f2xx_ll_fsmc.c:312:19:FSMC_NORSRAM_Timing_Init	24	static
../Drivers/STM32F2xx_HAL_Driver/Src/stm32f2xx_ll_fsmc.c:352:19:FSMC_NORSRAM_Extended_Timing_Init	24	static
../Drivers/STM32F2xx_HAL_Driver/Src/stm32f2xx_ll_fsmc.c:410:19:FSMC_NORSRAM_WriteOperation_Enable	16	static
../Drivers/STM32F2xx_HAL_Driver/Src/stm32f2xx_ll_fsmc.c:428:19:FSMC_NORSRAM_WriteOperation_Disable	16	static
../Drivers/STM32F2xx_HAL_Driver/Src/stm32f2xx_ll_fsmc.c:498:19:FSMC_NAND_Init	16	static
../Drivers/STM32F2xx_HAL_Driver/Src/stm32f2xx_ll_fsmc.c:545:19:FSMC_NAND_CommonSpace_Timing_Init	24	static
../Drivers/STM32F2xx_HAL_Driver/Src/stm32f2xx_ll_fsmc.c:585:19:FSMC_NAND_AttributeSpace_Timing_Init	24	static
../Drivers/STM32F2xx_HAL_Driver/Src/stm32f2xx_ll_fsmc.c:623:19:FSMC_NAND_DeInit	16	static
../Drivers/STM32F2xx_HAL_Driver/Src/stm32f2xx_ll_fsmc.c:680:19:FSMC_NAND_ECC_Enable	16	static
../Drivers/STM32F2xx_HAL_Driver/Src/stm32f2xx_ll_fsmc.c:706:19:FSMC_NAND_ECC_Disable	16	static
../Drivers/STM32F2xx_HAL_Driver/Src/stm32f2xx_ll_fsmc.c:733:19:FSMC_NAND_GetECC	32	static
../Drivers/STM32F2xx_HAL_Driver/Src/stm32f2xx_ll_fsmc.c:824:19:FSMC_PCCARD_Init	16	static
../Drivers/STM32F2xx_HAL_Driver/Src/stm32f2xx_ll_fsmc.c:857:19:FSMC_PCCARD_CommonSpace_Timing_Init	16	static
../Drivers/STM32F2xx_HAL_Driver/Src/stm32f2xx_ll_fsmc.c:886:19:FSMC_PCCARD_AttributeSpace_Timing_Init	16	static
../Drivers/STM32F2xx_HAL_Driver/Src/stm32f2xx_ll_fsmc.c:915:19:FSMC_PCCARD_IOSpace_Timing_Init	16	static
../Drivers/STM32F2xx_HAL_Driver/Src/stm32f2xx_ll_fsmc.c:942:19:FSMC_PCCARD_DeInit	16	static
