../Core/Src/command.c:55:6:ReturnCode	152	static
../Core/Src/command.c:107:18:GetCommand	24	static
../Core/Src/command.c:119:18:ExecuteCommand	24	static
../Core/Src/command.c:148:18:CMD_TakePicture	112	static
../Core/Src/command.c:273:18:CMD_TakePictureDelayed	80	static
../Core/Src/command.c:291:18:CMD_GetStatus	16	static
../Core/Src/command.c:308:18:CMD_DumpRaw	120	static
../Core/Src/command.c:342:18:CMD_DumpCompressed	120	static
../Core/Src/command.c:380:18:CMD_ChangeCamParams	24	static
../Core/Src/command.c:405:18:CMD_CompressRawPhoto	144	static
../Core/Src/command.c:475:18:CMD_EraseFRAM	16	static
../Core/Src/command.c:492:18:CMD_ForceReset	16	static,ignoring_inline_asm
../Core/Src/command.c:524:18:CMD_SendRawFrame	48	static
../Core/Src/command.c:568:18:CMD_SendCompFrame	64	static
../Core/Src/command.c:613:18:CMD_SendRawHeader	32	static
../Core/Src/command.c:640:18:CMD_SendCompHeader	216	static
../Core/Src/command.c:688:18:CMD_EraseCompressions	16	static
../Core/Src/command.c:706:18:CMD_DumpAllSRAM	40	static
../Core/Src/command.c:728:18:CMD_DumpAllFRAM	288	static
../Core/Src/command.c:753:18:CMD_BackupFirmware	448	static
