../Core/Src/comms.c:16:6:Log	24	static
../Core/Src/comms.c:30:6:ClearTxBuffer	16	static
../Core/Src/comms.c:38:6:TransmitBufferUART	8	static
../Core/Src/comms.c:45:6:TransmitBufferRS485	8	static
../Core/Src/comms.c:61:6:ResetLS02	8	static
../Core/Src/comms.c:68:18:LoadInstructionBuffer	152	static
../Core/Src/comms.c:111:6:HandleIncomingCommand	16	static
../Core/Src/comms.c:141:6:DisableRS485	8	static
../Core/Src/comms.c:148:6:EnableListenRS485	8	static
../Core/Src/comms.c:155:5:PollUSSReset	16	static
../Core/Src/comms.c:166:6:LogRawFrameDebug	144	static
../Core/Src/comms.c:216:6:LogRawHeaderDebug	152	static
../Core/Src/comms.c:264:6:LogCompHeaderDebug	144	static
../Core/Src/comms.c:310:6:LogCompFrameDebug	144	static
../Core/Src/comms.c:370:6:CMD_PopulateEcho	16	static
