../Core/Src/command.c:55:6:ReturnCode	152	static
../Core/Src/command.c:104:18:GetCommand	24	static
../Core/Src/command.c:116:18:ExecuteCommand	24	static
../Core/Src/command.c:145:18:CMD_TakePicture	112	static
../Core/Src/command.c:265:18:CMD_TakePictureDelayed	80	static
../Core/Src/command.c:283:18:CMD_GetStatus	16	static
../Core/Src/command.c:300:18:CMD_DumpRaw	120	static
../Core/Src/command.c:334:18:CMD_DumpCompressed	120	static
../Core/Src/command.c:372:18:CMD_ChangeCamParams	24	static
../Core/Src/command.c:394:18:CMD_CompressRawPhoto	144	static
../Core/Src/command.c:464:18:CMD_EraseFRAM	16	static
../Core/Src/command.c:481:18:CMD_ForceReset	16	static,ignoring_inline_asm
../Core/Src/command.c:513:18:CMD_SendRawFrame	48	static
../Core/Src/command.c:557:18:CMD_SendCompFrame	64	static
../Core/Src/command.c:602:18:CMD_SendRawHeader	32	static
../Core/Src/command.c:629:18:CMD_SendCompHeader	216	static
../Core/Src/command.c:677:18:CMD_EraseCompressions	16	static
../Core/Src/command.c:695:18:CMD_DumpAllSRAM	40	static
../Core/Src/command.c:717:18:CMD_DumpAllFRAM	288	static
../Core/Src/command.c:742:18:CMD_BackupFirmware	448	static
