../Core/Src/comms.c:23:6:Log	64	static
../Core/Src/comms.c:39:6:ClearTxBuffer	16	static
../Core/Src/comms.c:47:6:TransmitBufferUART	8	static
../Core/Src/comms.c:54:6:TransmitBufferRS485	8	static
../Core/Src/comms.c:70:6:ResetLS02	8	static
../Core/Src/comms.c:77:18:LoadInstructionBuffer	152	static
../Core/Src/comms.c:120:6:HandleIncomingCommand	16	static
../Core/Src/comms.c:150:6:DisableRS485	8	static
../Core/Src/comms.c:157:6:EnableListenRS485	8	static
../Core/Src/comms.c:164:5:PollUSSReset	16	static
../Core/Src/comms.c:175:6:LogRawFrameDebug	144	static
../Core/Src/comms.c:225:6:LogRawHeaderDebug	152	static
../Core/Src/comms.c:273:6:LogCompHeaderDebug	144	static
../Core/Src/comms.c:319:6:LogCompFrameDebug	144	static
../Core/Src/comms.c:379:6:CMD_PopulateEcho	16	static
