../Core/Src/command.c:56:6:ReturnCode	152	static
../Core/Src/command.c:108:18:GetCommand	24	static
../Core/Src/command.c:120:18:ExecuteCommand	24	static
../Core/Src/command.c:142:6:delay_kick_wdg	24	static
../Core/Src/command.c:159:18:CMD_TakePicture	112	static
../Core/Src/command.c:250:18:CMD_TakePictureBurst	152	static
../Core/Src/command.c:355:18:CMD_TakePictureDelayed	80	static
../Core/Src/command.c:376:18:CMD_GetStatus	16	static
../Core/Src/command.c:393:18:CMD_DumpRaw	120	static
../Core/Src/command.c:428:18:CMD_DumpCompressed	120	static
../Core/Src/command.c:467:18:CMD_ChangeCamParams	24	static
../Core/Src/command.c:508:18:CMD_CompressRawPhoto	32	static
../Core/Src/command.c:542:18:CMD_EraseFRAM	16	static
../Core/Src/command.c:560:18:CMD_ForceReset	16	static,ignoring_inline_asm
../Core/Src/command.c:600:18:CMD_SendRawFrame	48	static
../Core/Src/command.c:644:18:CMD_SendCompFrame	64	static
../Core/Src/command.c:691:18:CMD_SendRawHeader	32	static
../Core/Src/command.c:719:18:CMD_SendCompHeader	216	static
../Core/Src/command.c:769:18:CMD_EraseCompressions	16	static
../Core/Src/command.c:788:18:CMD_DumpAllSRAM	40	static
../Core/Src/command.c:810:18:CMD_DumpAllFRAM	288	static
../Core/Src/command.c:835:18:CMD_BackupFirmware	448	static
../Core/Src/command.c:934:18:CMD_ChangeBurstParams	24	static
