../Core/Src/main.c:92:5:main	24	static,ignoring_inline_asm
../Core/Src/main.c:268:6:SystemClock_Config	80	static
../Core/Src/main.c:311:13:MX_ADC1_Init	24	static
../Core/Src/main.c:372:13:MX_DCMI_Init	8	static
../Core/Src/main.c:405:13:MX_I2C2_Init	8	static
../Core/Src/main.c:439:13:MX_IWDG_Init	8	static
../Core/Src/main.c:467:13:MX_SPI2_Init	8	static
../Core/Src/main.c:505:13:MX_TIM11_Init	40	static
../Core/Src/main.c:551:13:MX_UART4_Init	8	static
../Core/Src/main.c:584:13:MX_USART1_UART_Init	8	static
../Core/Src/main.c:615:13:MX_DMA_Init	16	static
../Core/Src/main.c:633:13:MX_GPIO_Init	64	static
../Core/Src/main.c:709:13:MX_FSMC_Init	40	static
../Core/Src/main.c:768:6:Error_Handler	4	static,ignoring_inline_asm
