../Core/Src/main.c:92:5:main	16
../Core/Src/main.c:290:6:SystemClock_Config	3
../Core/Src/main.c:333:13:MX_ADC1_Init	4
../Core/Src/main.c:394:13:MX_DCMI_Init	2
../Core/Src/main.c:427:13:MX_I2C2_Init	2
../Core/Src/main.c:461:13:MX_IWDG_Init	2
../Core/Src/main.c:489:13:MX_SPI2_Init	2
../Core/Src/main.c:527:13:MX_TIM11_Init	4
../Core/Src/main.c:573:13:MX_UART4_Init	2
../Core/Src/main.c:606:13:MX_USART1_UART_Init	2
../Core/Src/main.c:637:13:MX_DMA_Init	1
../Core/Src/main.c:655:13:MX_GPIO_Init	1
../Core/Src/main.c:731:13:MX_FSMC_Init	2
../Core/Src/main.c:790:6:Error_Handler	1
