../Core/Src/main.c:89:5:main	16	static,ignoring_inline_asm
../Core/Src/main.c:255:6:SystemClock_Config	80	static
../Core/Src/main.c:298:13:MX_DCMI_Init	72	static
../Core/Src/main.c:336:13:MX_I2C2_Init	8	static
../Core/Src/main.c:370:13:MX_IWDG_Init	8	static
../Core/Src/main.c:398:13:MX_SPI2_Init	8	static
../Core/Src/main.c:436:13:MX_TIM11_Init	40	static
../Core/Src/main.c:482:13:MX_UART4_Init	8	static
../Core/Src/main.c:515:13:MX_USART1_UART_Init	8	static
../Core/Src/main.c:546:13:MX_DMA_Init	16	static
../Core/Src/main.c:564:13:MX_GPIO_Init	64	static
../Core/Src/main.c:640:13:MX_FSMC_Init	40	static
../Core/Src/main.c:699:6:Error_Handler	4	static,ignoring_inline_asm
