../Core/Inc/tiny_jpeg.h:185:21:floorf_custom	24	static
../Core/Inc/tiny_jpeg.h:377:17:tjei_be_word	24	static
../Core/Inc/tiny_jpeg.h:460:13:tjei_write	32	static
../Core/Inc/tiny_jpeg.h:484:13:tjei_write_DQT	32	static
../Core/Inc/tiny_jpeg.h:503:13:tjei_write_DHT	40	static
../Core/Inc/tiny_jpeg.h:532:17:tjei_huff_get_code_lengths	32	static
../Core/Inc/tiny_jpeg.h:545:18:tjei_huff_get_codes	48	static
../Core/Inc/tiny_jpeg.h:565:13:tjei_huff_get_extended	40	static
../Core/Inc/tiny_jpeg.h:584:24:tjei_calculate_variable_length_int	24	static
../Core/Inc/tiny_jpeg.h:599:24:tjei_write_bits	32	static
../Core/Inc/tiny_jpeg.h:642:13:tjei_fdct	112	static
../Core/Inc/tiny_jpeg.h:772:13:tjei_encode_and_write_MCU	592	static
../Core/Inc/tiny_jpeg.h:893:13:tjei_huff_expand	3176	static
../Core/Inc/tiny_jpeg.h:934:12:tjei_encode_main	1552	static
../Core/Inc/tiny_jpeg.h:1174:13:tjei_memory_func	32	static
../Core/Inc/tiny_jpeg.h:1190:5:tje_encode_to_memory	64	static
../Core/Inc/tiny_jpeg.h:1217:5:tje_encode_with_func	4336	static
../Core/Src/photo.c:22:6:CAM_ResetAssert	8	static
../Core/Src/photo.c:27:6:CAM_ResetRelease	8	static
../Core/Src/photo.c:35:6:ActivateCAMA	80	static
../Core/Src/photo.c:98:6:ActivateCAMB	80	static
../Core/Src/photo.c:157:6:DeactivateCAMA	8	static
../Core/Src/photo.c:181:6:DeactivateCAMB	8	static
../Core/Src/photo.c:205:19:CAM_WaitDoorbell	88	static
../Core/Src/photo.c:228:19:CAM_ChangeConfig	16	static
../Core/Src/photo.c:239:10:CAM_GetState	24	static
../Core/Src/photo.c:256:19:CAM_WriteReg	40	static
../Core/Src/photo.c:271:19:CAM_ReadReg	40	static
../Core/Src/photo.c:287:19:CAM_Init	264	static
../Core/Src/photo.c:827:19:Photo_CaptureRaw	104	static
../Core/Src/photo.c:917:6:InitCamParams	4	static
../Core/Src/photo.c:923:9:CompressRawPhoto	64	static
