../Core/Inc/tiny_jpeg.h:95:21:floorf_custom	24	static
../Core/Inc/tiny_jpeg.h:228:17:tjei_be_word	24	static
../Core/Inc/tiny_jpeg.h:312:13:tjei_write	32	static
../Core/Inc/tiny_jpeg.h:336:13:tjei_flush	16	static
../Core/Inc/tiny_jpeg.h:349:13:tjei_write_DQT	32	static
../Core/Inc/tiny_jpeg.h:370:13:tjei_write_DHT	40	static
../Core/Inc/tiny_jpeg.h:394:13:tjei_write_DRI	24	static
../Core/Inc/tiny_jpeg.h:406:17:tjei_huff_get_code_lengths	32	static
../Core/Inc/tiny_jpeg.h:416:18:tjei_huff_get_codes	48	static
../Core/Inc/tiny_jpeg.h:428:13:tjei_huff_get_extended	40	static
../Core/Inc/tiny_jpeg.h:444:13:tjei_huff_expand	3168	static
../Core/Inc/tiny_jpeg.h:478:24:tjei_calculate_variable_length_int	24	static
../Core/Inc/tiny_jpeg.h:487:24:tjei_write_bits	32	static
../Core/Inc/tiny_jpeg.h:509:13:tjei_fdct	112	static
../Core/Inc/tiny_jpeg.h:566:13:tjei_encode_and_write_MCU	592	static
../Core/Inc/tiny_jpeg.h:632:12:tjei_encode_main	1552	static
../Core/Inc/tiny_jpeg.h:852:13:tjei_memory_func	40	static
../Core/Inc/tiny_jpeg.h:905:12:tje_encode_with_func	4328	static
../Core/Inc/tiny_jpeg.h:974:5:tje_encode_to_memory	64	static
../Core/Src/photo.c:20:6:CAM_ResetAssert	8	static
../Core/Src/photo.c:25:6:CAM_ResetRelease	8	static
../Core/Src/photo.c:33:6:ActivateCAMA	80	static
../Core/Src/photo.c:96:6:ActivateCAMB	80	static
../Core/Src/photo.c:155:6:DeactivateCAMA	8	static
../Core/Src/photo.c:179:6:DeactivateCAMB	8	static
../Core/Src/photo.c:203:19:CAM_WaitDoorbell	88	static
../Core/Src/photo.c:226:19:CAM_ChangeConfig	16	static
../Core/Src/photo.c:237:10:CAM_GetState	24	static
../Core/Src/photo.c:254:19:CAM_WriteReg	40	static
../Core/Src/photo.c:269:19:CAM_ReadReg	40	static
../Core/Src/photo.c:284:19:CAM_Init	264	static
../Core/Src/photo.c:649:19:CAM_InitAdvanced	304	static
../Core/Src/photo.c:1048:19:Photo_CaptureRaw	112	static
../Core/Src/photo.c:1152:9:CompressRawPhoto	120	static
../Core/Src/photo.c:1220:10:count_black_pixels_uyvy	144	static
../Core/Src/photo.c:1246:19:Photo_CaptureRawBlack	104	static
