../Core/Src/photo.c:15:6:CAM_ResetAssert	8	static
../Core/Src/photo.c:20:6:CAM_ResetRelease	8	static
../Core/Src/photo.c:28:6:ActivateCAMA	80	static
../Core/Src/photo.c:91:6:ActivateCAMB	80	static
../Core/Src/photo.c:150:6:DeactivateCAMA	8	static
../Core/Src/photo.c:174:6:DeactivateCAMB	8	static
../Core/Src/photo.c:198:19:CAM_WaitDoorbell	88	static
../Core/Src/photo.c:221:10:CAM_GetState	24	static
../Core/Src/photo.c:238:19:CAM_WriteReg	40	static
../Core/Src/photo.c:253:19:CAM_ReadReg	40	static
../Core/Src/photo.c:267:19:CAM_WriteReg32	40	static
../Core/Src/photo.c:284:19:CAM_ReadReg32	40	static
../Core/Src/photo.c:302:19:CAM_Init	200	static
../Core/Src/photo.c:371:19:Photo_CaptureRaw	104	static
