../Core/Src/photo.c:15:6:CAM_ResetAssert	8	static
../Core/Src/photo.c:20:6:CAM_ResetRelease	8	static
../Core/Src/photo.c:28:6:ActivateCAMA	8	static
../Core/Src/photo.c:66:6:ActivateCAMB	8	static
../Core/Src/photo.c:102:6:DeactivateCAMA	8	static
../Core/Src/photo.c:135:6:DeactivateCAMB	8	static
../Core/Src/photo.c:157:19:CAM_WriteReg	40	static
../Core/Src/photo.c:173:19:CAM_ReadReg	40	static
../Core/Src/photo.c:189:19:Camera_CommsTest	72	static
../Core/Src/photo.c:219:26:CAM_WriteVerify	192	static
../Core/Src/photo.c:248:19:ASX340AT_Init	96	static
../Core/Src/photo.c:336:19:Photo_CaptureRaw	32	static
