../Core/Inc/tiny_jpeg.h:97:21:floorf_custom	24	static
../Core/Inc/tiny_jpeg.h:230:17:tjei_be_word	24	static
../Core/Inc/tiny_jpeg.h:314:13:tjei_write	32	static
../Core/Inc/tiny_jpeg.h:338:13:tjei_flush	16	static
../Core/Inc/tiny_jpeg.h:351:13:tjei_write_DQT	32	static
../Core/Inc/tiny_jpeg.h:372:13:tjei_write_DHT	40	static
../Core/Inc/tiny_jpeg.h:396:13:tjei_write_DRI	24	static
../Core/Inc/tiny_jpeg.h:408:17:tjei_huff_get_code_lengths	32	static
../Core/Inc/tiny_jpeg.h:418:18:tjei_huff_get_codes	48	static
../Core/Inc/tiny_jpeg.h:430:13:tjei_huff_get_extended	40	static
../Core/Inc/tiny_jpeg.h:446:13:tjei_huff_expand	3168	static
../Core/Inc/tiny_jpeg.h:480:24:tjei_calculate_variable_length_int	24	static
../Core/Inc/tiny_jpeg.h:489:24:tjei_write_bits	32	static
../Core/Inc/tiny_jpeg.h:511:13:tjei_fdct	112	static
../Core/Inc/tiny_jpeg.h:568:13:tjei_encode_and_write_MCU	592	static
../Core/Inc/tiny_jpeg.h:634:12:tjei_encode_main	1552	static
../Core/Inc/tiny_jpeg.h:854:13:tjei_memory_func	40	static
../Core/Inc/tiny_jpeg.h:907:12:tje_encode_with_func	4328	static
../Core/Inc/tiny_jpeg.h:976:5:tje_encode_to_memory	64	static
../Core/Src/photo.c:25:6:CAM_ResetAssert	8	static
../Core/Src/photo.c:30:6:CAM_ResetRelease	8	static
../Core/Src/photo.c:38:6:ActivateCAMA	80	static
../Core/Src/photo.c:101:6:ActivateCAMB	80	static
../Core/Src/photo.c:160:6:DeactivateCAMA	8	static
../Core/Src/photo.c:184:6:DeactivateCAMB	8	static
../Core/Src/photo.c:208:19:CAM_WaitDoorbell	88	static
../Core/Src/photo.c:231:19:CAM_ChangeConfig	16	static
../Core/Src/photo.c:242:10:CAM_GetState	24	static
../Core/Src/photo.c:259:19:CAM_WriteReg	40	static
../Core/Src/photo.c:274:19:CAM_ReadReg	40	static
../Core/Src/photo.c:289:19:CAM_Init	264	static
../Core/Src/photo.c:654:19:CAM_InitAdvanced	304	static
../Core/Src/photo.c:1053:19:Photo_CaptureRaw	112	static
../Core/Src/photo.c:1149:9:CompressRawPhoto	120	static
../Core/Src/photo.c:1217:10:count_black_pixels_uyvy	144	static
../Core/Src/photo.c:1243:19:Photo_CaptureRawBlack	104	static
