../Core/Inc/tiny_jpeg.h:96:21:floorf_custom	24	static
../Core/Inc/tiny_jpeg.h:229:17:tjei_be_word	24	static
../Core/Inc/tiny_jpeg.h:313:13:tjei_write	32	static
../Core/Inc/tiny_jpeg.h:337:13:tjei_flush	16	static
../Core/Inc/tiny_jpeg.h:350:13:tjei_write_DQT	32	static
../Core/Inc/tiny_jpeg.h:371:13:tjei_write_DHT	40	static
../Core/Inc/tiny_jpeg.h:395:13:tjei_write_DRI	24	static
../Core/Inc/tiny_jpeg.h:407:17:tjei_huff_get_code_lengths	32	static
../Core/Inc/tiny_jpeg.h:417:18:tjei_huff_get_codes	48	static
../Core/Inc/tiny_jpeg.h:429:13:tjei_huff_get_extended	40	static
../Core/Inc/tiny_jpeg.h:445:13:tjei_huff_expand	3168	static
../Core/Inc/tiny_jpeg.h:479:24:tjei_calculate_variable_length_int	24	static
../Core/Inc/tiny_jpeg.h:488:24:tjei_write_bits	32	static
../Core/Inc/tiny_jpeg.h:510:13:tjei_fdct	112	static
../Core/Inc/tiny_jpeg.h:567:13:tjei_encode_and_write_MCU	592	static
../Core/Inc/tiny_jpeg.h:633:12:tjei_encode_main	1552	static
../Core/Inc/tiny_jpeg.h:853:13:tjei_memory_func	40	static
../Core/Inc/tiny_jpeg.h:906:12:tje_encode_with_func	4328	static
../Core/Inc/tiny_jpeg.h:975:5:tje_encode_to_memory	64	static
../Core/Src/photo.c:22:6:CAM_ResetAssert	8	static
../Core/Src/photo.c:27:6:CAM_ResetRelease	8	static
../Core/Src/photo.c:35:6:ActivateCAMA	80	static
../Core/Src/photo.c:98:6:ActivateCAMB	80	static
../Core/Src/photo.c:157:6:DeactivateCAMA	8	static
../Core/Src/photo.c:181:6:DeactivateCAMB	8	static
../Core/Src/photo.c:205:19:CAM_WaitDoorbell	88	static
../Core/Src/photo.c:228:19:CAM_ChangeConfig	16	static
../Core/Src/photo.c:239:10:CAM_GetState	24	static
../Core/Src/photo.c:256:19:CAM_WriteReg	40	static
../Core/Src/photo.c:271:19:CAM_ReadReg	40	static
../Core/Src/photo.c:286:19:CAM_Init	264	static
../Core/Src/photo.c:826:19:Photo_CaptureRaw	112	static
../Core/Src/photo.c:922:6:InitCamParams	4	static
../Core/Src/photo.c:928:9:CompressRawPhoto	120	static
../Core/Src/photo.c:996:10:count_black_pixels_uyvy	40	static
../Core/Src/photo.c:1015:19:Photo_CaptureRawBlack	104	static
