../Core/Src/stm32f2xx_hal_msp.c:65:6:HAL_MspInit	16	static
../Core/Src/stm32f2xx_hal_msp.c:88:6:HAL_DCMI_MspInit	56	static
../Core/Src/stm32f2xx_hal_msp.c:161:6:HAL_DCMI_MspDeInit	16	static
../Core/Src/stm32f2xx_hal_msp.c:207:6:HAL_I2C_MspInit	48	static
../Core/Src/stm32f2xx_hal_msp.c:244:6:HAL_I2C_MspDeInit	16	static
../Core/Src/stm32f2xx_hal_msp.c:275:6:HAL_SPI_MspInit	48	static
../Core/Src/stm32f2xx_hal_msp.c:313:6:HAL_SPI_MspDeInit	16	static
../Core/Src/stm32f2xx_hal_msp.c:343:6:HAL_TIM_Base_MspInit	24	static
../Core/Src/stm32f2xx_hal_msp.c:360:6:HAL_TIM_MspPostInit	40	static
../Core/Src/stm32f2xx_hal_msp.c:392:6:HAL_TIM_Base_MspDeInit	16	static
../Core/Src/stm32f2xx_hal_msp.c:414:6:HAL_UART_MspInit	56	static
../Core/Src/stm32f2xx_hal_msp.c:477:6:HAL_UART_MspDeInit	16	static
../Core/Src/stm32f2xx_hal_msp.c:522:13:HAL_FSMC_MspInit	32	static
../Core/Src/stm32f2xx_hal_msp.c:617:6:HAL_SRAM_MspInit	16	static
../Core/Src/stm32f2xx_hal_msp.c:629:13:HAL_FSMC_MspDeInit	8	static
../Core/Src/stm32f2xx_hal_msp.c:702:6:HAL_SRAM_MspDeInit	16	static
